Component: ARM Compiler 5.06 update 7 (build 960) Tool: armlink [4d3601]

==============================================================================

Section Cross References

    startup_stm32f407xx.o(RESET) refers to startup_stm32f407xx.o(STACK) for __initial_sp
    startup_stm32f407xx.o(RESET) refers to startup_stm32f407xx.o(.text) for Reset_Handler
    startup_stm32f407xx.o(RESET) refers to stm32f4xx_it.o(i.NMI_Handler) for NMI_Handler
    startup_stm32f407xx.o(RESET) refers to stm32f4xx_it.o(i.HardFault_Handler) for HardFault_Handler
    startup_stm32f407xx.o(RESET) refers to stm32f4xx_it.o(i.MemManage_Handler) for MemManage_Handler
    startup_stm32f407xx.o(RESET) refers to stm32f4xx_it.o(i.BusFault_Handler) for BusFault_Handler
    startup_stm32f407xx.o(RESET) refers to stm32f4xx_it.o(i.UsageFault_Handler) for UsageFault_Handler
    startup_stm32f407xx.o(RESET) refers to stm32f4xx_it.o(i.SVC_Handler) for SVC_Handler
    startup_stm32f407xx.o(RESET) refers to stm32f4xx_it.o(i.DebugMon_Handler) for DebugMon_Handler
    startup_stm32f407xx.o(RESET) refers to stm32f4xx_it.o(i.PendSV_Handler) for PendSV_Handler
    startup_stm32f407xx.o(RESET) refers to stm32f4xx_it.o(i.SysTick_Handler) for SysTick_Handler
    startup_stm32f407xx.o(RESET) refers to stm32f4xx_it.o(i.USART1_IRQHandler) for USART1_IRQHandler
    startup_stm32f407xx.o(.text) refers to system_stm32f4xx.o(i.SystemInit) for SystemInit
    startup_stm32f407xx.o(.text) refers to entry.o(.ARM.Collect$$$$00000000) for __main
    main.o(i.MX_FSMC_Init) refers to memseta.o(.text) for __aeabi_memclr4
    main.o(i.MX_FSMC_Init) refers to stm32f4xx_hal_sram.o(i.HAL_SRAM_Init) for HAL_SRAM_Init
    main.o(i.MX_FSMC_Init) refers to main.o(i.Error_Handler) for Error_Handler
    main.o(i.MX_FSMC_Init) refers to main.o(.bss) for hsram1
    main.o(i.MX_GPIO_Init) refers to memseta.o(.text) for __aeabi_memclr4
    main.o(i.MX_GPIO_Init) refers to stm32f4xx_hal_gpio.o(i.HAL_GPIO_WritePin) for HAL_GPIO_WritePin
    main.o(i.MX_GPIO_Init) refers to stm32f4xx_hal_gpio.o(i.HAL_GPIO_Init) for HAL_GPIO_Init
    main.o(i.MX_RTC_Init) refers to memseta.o(.text) for __aeabi_memclr4
    main.o(i.MX_RTC_Init) refers to stm32f4xx_hal_rtc.o(i.HAL_RTC_Init) for HAL_RTC_Init
    main.o(i.MX_RTC_Init) refers to main.o(i.Error_Handler) for Error_Handler
    main.o(i.MX_RTC_Init) refers to stm32f4xx_hal_rtc.o(i.HAL_RTC_SetTime) for HAL_RTC_SetTime
    main.o(i.MX_RTC_Init) refers to stm32f4xx_hal_rtc.o(i.HAL_RTC_SetDate) for HAL_RTC_SetDate
    main.o(i.MX_RTC_Init) refers to main.o(.bss) for hrtc
    main.o(i.MX_USART1_UART_Init) refers to stm32f4xx_hal_uart.o(i.HAL_UART_Init) for HAL_UART_Init
    main.o(i.MX_USART1_UART_Init) refers to main.o(i.Error_Handler) for Error_Handler
    main.o(i.MX_USART1_UART_Init) refers to main.o(.bss) for huart1
    main.o(i.SystemClock_Config) refers to memseta.o(.text) for __aeabi_memclr4
    main.o(i.SystemClock_Config) refers to stm32f4xx_hal_rcc.o(i.HAL_RCC_OscConfig) for HAL_RCC_OscConfig
    main.o(i.SystemClock_Config) refers to main.o(i.Error_Handler) for Error_Handler
    main.o(i.SystemClock_Config) refers to stm32f4xx_hal_rcc.o(i.HAL_RCC_ClockConfig) for HAL_RCC_ClockConfig
    main.o(i.main) refers to stm32f4xx_hal.o(i.HAL_Init) for HAL_Init
    main.o(i.main) refers to main.o(i.SystemClock_Config) for SystemClock_Config
    main.o(i.main) refers to main.o(i.MX_GPIO_Init) for MX_GPIO_Init
    main.o(i.main) refers to main.o(i.MX_FSMC_Init) for MX_FSMC_Init
    main.o(i.main) refers to main.o(i.MX_USART1_UART_Init) for MX_USART1_UART_Init
    main.o(i.main) refers to main.o(i.MX_RTC_Init) for MX_RTC_Init
    main.o(i.main) refers to system.o(i.bsp_systick_init) for bsp_systick_init
    main.o(i.main) refers to bsp_uart.o(i.bsp_uart1_init) for bsp_uart1_init
    main.o(i.main) refers to drv_lcd.o(i.drv_LCD_Init) for drv_LCD_Init
    main.o(i.main) refers to drv_lcd.o(i.LCD_Clear) for LCD_Clear
    main.o(i.main) refers to drv_lcd.o(i.LCD_ShowString) for LCD_ShowString
    main.o(i.main) refers to stm32f4xx_hal_rtc.o(i.HAL_RTC_GetTime) for HAL_RTC_GetTime
    main.o(i.main) refers to printf6.o(i.__0sprintf$6) for __2sprintf
    main.o(i.main) refers to stm32f4xx_hal_rtc.o(i.HAL_RTC_GetDate) for HAL_RTC_GetDate
    main.o(i.main) refers to stm32f4xx_hal_gpio.o(i.HAL_GPIO_TogglePin) for HAL_GPIO_TogglePin
    main.o(i.main) refers to system.o(i.delay_ms) for delay_ms
    main.o(i.main) refers to bsp_key.o(i.Key_Scan) for Key_Scan
    main.o(i.main) refers to stm32f4xx_hal_gpio.o(i.HAL_GPIO_WritePin) for HAL_GPIO_WritePin
    main.o(i.main) refers to drv_lcd.o(.data) for POINT_COLOR
    main.o(i.main) refers to main.o(.bss) for hrtc
    stm32f4xx_it.o(i.USART1_IRQHandler) refers to bsp_uart.o(i.uart1_Rx_handler) for uart1_Rx_handler
    stm32f4xx_hal_msp.o(i.HAL_FSMC_MspDeInit) refers to stm32f4xx_hal_gpio.o(i.HAL_GPIO_DeInit) for HAL_GPIO_DeInit
[...]
    Removing stm32f4xx_hal_dma.o(i.HAL_DMA_Start), (102 bytes).
    Removing stm32f4xx_hal_dma.o(i.HAL_DMA_Start_IT), (146 bytes).
    Removing stm32f4xx_hal_dma.o(i.HAL_DMA_UnRegisterCallback), (124 bytes).
    Removing stm32f4xx_hal_dma.o(.constdata), (8 bytes).
    Removing stm32f4xx_hal_pwr.o(.rev16_text), (4 bytes).
    Removing stm32f4xx_hal_pwr.o(.revsh_text), (4 bytes).
    Removing stm32f4xx_hal_pwr.o(.rrx_text), (6 bytes).
    Removing stm32f4xx_hal_pwr.o(i.HAL_PWR_ConfigPVD), (180 bytes).
    Removing stm32f4xx_hal_pwr.o(i.HAL_PWR_DeInit), (28 bytes).
    Removing stm32f4xx_hal_pwr.o(i.HAL_PWR_DisableBkUpAccess), (28 bytes).
    Removing stm32f4xx_hal_pwr.o(i.HAL_PWR_DisablePVD), (12 bytes).
    Removing stm32f4xx_hal_pwr.o(i.HAL_PWR_DisableSEVOnPend), (20 bytes).
    Removing stm32f4xx_hal_pwr.o(i.HAL_PWR_DisableSleepOnExit), (20 bytes).
    Removing stm32f4xx_hal_pwr.o(i.HAL_PWR_DisableWakeUpPin), (16 bytes).
    Removing stm32f4xx_hal_pwr.o(i.HAL_PWR_EnableBkUpAccess), (28 bytes).
    Removing stm32f4xx_hal_pwr.o(i.HAL_PWR_EnablePVD), (12 bytes).
    Removing stm32f4xx_hal_pwr.o(i.HAL_PWR_EnableSEVOnPend), (20 bytes).
    Removing stm32f4xx_hal_pwr.o(i.HAL_PWR_EnableSleepOnExit), (20 bytes).
    Removing stm32f4xx_hal_pwr.o(i.HAL_PWR_EnableWakeUpPin), (16 bytes).
    Removing stm32f4xx_hal_pwr.o(i.HAL_PWR_EnterSLEEPMode), (36 bytes).
    Removing stm32f4xx_hal_pwr.o(i.HAL_PWR_EnterSTANDBYMode), (40 bytes).
    Removing stm32f4xx_hal_pwr.o(i.HAL_PWR_EnterSTOPMode), (68 bytes).
    Removing stm32f4xx_hal_pwr.o(i.HAL_PWR_PVDCallback), (2 bytes).
    Removing stm32f4xx_hal_pwr.o(i.HAL_PWR_PVD_IRQHandler), (32 bytes).
    Removing stm32f4xx_hal_pwr_ex.o(.rev16_text), (4 bytes).
    Removing stm32f4xx_hal_pwr_ex.o(.revsh_text), (4 bytes).
    Removing stm32f4xx_hal_pwr_ex.o(.rrx_text), (6 bytes).
    Removing stm32f4xx_hal_pwr_ex.o(i.HAL_PWREx_ControlVoltageScaling), (120 bytes).
    Removing stm32f4xx_hal_pwr_ex.o(i.HAL_PWREx_DisableBkUpReg), (60 bytes).
    Removing stm32f4xx_hal_pwr_ex.o(i.HAL_PWREx_DisableFlashPowerDown), (12 bytes).
    Removing stm32f4xx_hal_pwr_ex.o(i.HAL_PWREx_EnableBkUpReg), (60 bytes).
    Removing stm32f4xx_hal_pwr_ex.o(i.HAL_PWREx_EnableFlashPowerDown), (12 bytes).
    Removing stm32f4xx_hal_pwr_ex.o(i.HAL_PWREx_GetVoltageRange), (16 bytes).
    Removing stm32f4xx_hal_cortex.o(.rev16_text), (4 bytes).
    Removing stm32f4xx_hal_cortex.o(.revsh_text), (4 bytes).
    Removing stm32f4xx_hal_cortex.o(.rrx_text), (6 bytes).
    Removing stm32f4xx_hal_cortex.o(i.HAL_CORTEX_ClearEvent), (6 bytes).
    Removing stm32f4xx_hal_cortex.o(i.HAL_MPU_ConfigRegion), (92 bytes).
    Removing stm32f4xx_hal_cortex.o(i.HAL_MPU_Disable), (32 bytes).
    Removing stm32f4xx_hal_cortex.o(i.HAL_MPU_DisableRegion), (28 bytes).
    Removing stm32f4xx_hal_cortex.o(i.HAL_MPU_Enable), (40 bytes).
    Removing stm32f4xx_hal_cortex.o(i.HAL_MPU_EnableRegion), (28 bytes).
    Removing stm32f4xx_hal_cortex.o(i.HAL_NVIC_ClearPendingIRQ), (36 bytes).
    Removing stm32f4xx_hal_cortex.o(i.HAL_NVIC_DisableIRQ), (44 bytes).
    Removing stm32f4xx_hal_cortex.o(i.HAL_NVIC_GetActive), (48 bytes).
    Removing stm32f4xx_hal_cortex.o(i.HAL_NVIC_GetPendingIRQ), (48 bytes).
    Removing stm32f4xx_hal_cortex.o(i.HAL_NVIC_GetPriority), (148 bytes).
    Removing stm32f4xx_hal_cortex.o(i.HAL_NVIC_GetPriorityGrouping), (8 bytes).
    Removing stm32f4xx_hal_cortex.o(i.HAL_NVIC_SetPendingIRQ), (36 bytes).
    Removing stm32f4xx_hal_cortex.o(i.HAL_NVIC_SystemReset), (44 bytes).
    Removing stm32f4xx_hal_cortex.o(i.HAL_SYSTICK_Callback), (2 bytes).
    Removing stm32f4xx_hal_cortex.o(i.HAL_SYSTICK_IRQHandler), (8 bytes).
    Removing stm32f4xx_hal.o(.rev16_text), (4 bytes).
    Removing stm32f4xx_hal.o(.revsh_text), (4 bytes).
    Removing stm32f4xx_hal.o(.rrx_text), (6 bytes).
    Removing stm32f4xx_hal.o(i.HAL_DBGMCU_DisableDBGSleepMode), (20 bytes).
    Removing stm32f4xx_hal.o(i.HAL_DBGMCU_DisableDBGStandbyMode), (20 bytes).
    Removing stm32f4xx_hal.o(i.HAL_DBGMCU_DisableDBGStopMode), (20 bytes).
    Removing stm32f4xx_hal.o(i.HAL_DBGMCU_EnableDBGSleepMode), (20 bytes).
    Removing stm32f4xx_hal.o(i.HAL_DBGMCU_EnableDBGStandbyMode), (20 bytes).
    Removing stm32f4xx_hal.o(i.HAL_DBGMCU_EnableDBGStopMode), (20 bytes).
    Removing stm32f4xx_hal.o(i.HAL_DeInit), (80 bytes).
    Removing stm32f4xx_hal.o(i.HAL_Delay), (40 bytes).
    Removing stm32f4xx_hal.o(i.HAL_DisableCompensationCell), (12 bytes).
    Removing stm32f4xx_hal.o(i.HAL_EnableCompensationCell), (12 bytes).
    Removing stm32f4xx_hal.o(i.HAL_GetDEVID), (16 bytes).
    Removing stm32f4xx_hal.o(i.HAL_GetHalVersion), (8 bytes).
    Removing stm32f4xx_hal.o(i.HAL_GetREVID), (12 bytes).
    Removing stm32f4xx_hal.o(i.HAL_GetTickFreq), (12 bytes).
    Removing stm32f4xx_hal.o(i.HAL_GetTickPrio), (12 bytes).
    Removing stm32f4xx_hal.o(i.HAL_GetUIDw0), (12 bytes).
    Removing stm32f4xx_hal.o(i.HAL_GetUIDw1), (12 bytes).
    Removing stm32f4xx_hal.o(i.HAL_GetUIDw2), (12 bytes).
    Removing stm32f4xx_hal.o(i.HAL_IncTick), (24 bytes).
    Removing stm32f4xx_hal.o(i.HAL_MspDeInit), (2 bytes).
    Removing stm32f4xx_hal.o(i.HAL_MspInit), (2 bytes).
    Removing stm32f4xx_hal.o(i.HAL_ResumeTick), (18 bytes).
    Removing stm32f4xx_hal.o(i.HAL_SetTickFreq), (48 bytes).
    Removing stm32f4xx_hal.o(i.HAL_SuspendTick), (18 bytes).
    Removing stm32f4xx_hal_exti.o(.rev16_text), (4 bytes).
    Removing stm32f4xx_hal_exti.o(.revsh_text), (4 bytes).
    Removing stm32f4xx_hal_exti.o(.rrx_text), (6 bytes).
    Removing stm32f4xx_hal_exti.o(i.HAL_EXTI_ClearConfigLine), (120 bytes).
    Removing stm32f4xx_hal_exti.o(i.HAL_EXTI_ClearPending), (28 bytes).
    Removing stm32f4xx_hal_exti.o(i.HAL_EXTI_GenerateSWI), (24 bytes).
    Removing stm32f4xx_hal_exti.o(i.HAL_EXTI_GetConfigLine), (156 bytes).
    Removing stm32f4xx_hal_exti.o(i.HAL_EXTI_GetHandle), (14 bytes).
    Removing stm32f4xx_hal_exti.o(i.HAL_EXTI_GetPending), (36 bytes).
    Removing stm32f4xx_hal_exti.o(i.HAL_EXTI_IRQHandler), (44 bytes).
    Removing stm32f4xx_hal_exti.o(i.HAL_EXTI_RegisterCallback), (20 bytes).
    Removing stm32f4xx_hal_exti.o(i.HAL_EXTI_SetConfigLine), (240 bytes).
    Removing stm32f4xx_hal_sram.o(.rev16_text), (4 bytes).
    Removing stm32f4xx_hal_sram.o(.revsh_text), (4 bytes).
    Removing stm32f4xx_hal_sram.o(.rrx_text), (6 bytes).
    Removing stm32f4xx_hal_sram.o(i.HAL_SRAM_DMA_XferCpltCallback), (2 bytes).
    Removing stm32f4xx_hal_sram.o(i.HAL_SRAM_DMA_XferErrorCallback), (2 bytes).
    Removing stm32f4xx_hal_sram.o(i.HAL_SRAM_DeInit), (34 bytes).
    Removing stm32f4xx_hal_sram.o(i.HAL_SRAM_GetState), (8 bytes).
    Removing stm32f4xx_hal_sram.o(i.HAL_SRAM_MspDeInit), (2 bytes).
    Removing stm32f4xx_hal_sram.o(i.HAL_SRAM_MspInit), (2 bytes).
    Removing stm32f4xx_hal_sram.o(i.HAL_SRAM_Read_16b), (116 bytes).
    Removing stm32f4xx_hal_sram.o(i.HAL_SRAM_Read_32b), (96 bytes).
    Removing stm32f4xx_hal_sram.o(i.HAL_SRAM_Read_8b), (96 bytes).
    Removing stm32f4xx_hal_sram.o(i.HAL_SRAM_Read_DMA), (120 bytes).
    Removing stm32f4xx_hal_sram.o(i.HAL_SRAM_WriteOperation_Disable), (72 bytes).
    Removing stm32f4xx_hal_sram.o(i.HAL_SRAM_WriteOperation_Enable), (72 bytes).
    Removing stm32f4xx_hal_sram.o(i.HAL_SRAM_Write_16b), (128 bytes).
    Removing stm32f4xx_hal_sram.o(i.HAL_SRAM_Write_32b), (88 bytes).
    Removing stm32f4xx_hal_sram.o(i.HAL_SRAM_Write_8b), (88 bytes).
    Removing stm32f4xx_hal_sram.o(i.HAL_SRAM_Write_DMA), (100 bytes).
    Removing stm32f4xx_hal_sram.o(i.SRAM_DMACplt), (32 bytes).
    Removing stm32f4xx_hal_sram.o(i.SRAM_DMACpltProt), (32 bytes).
    Removing stm32f4xx_hal_sram.o(i.SRAM_DMAError), (32 bytes).
    Removing stm32f4xx_hal_rtc.o(.rev16_text), (4 bytes).
    Removing stm32f4xx_hal_rtc.o(.revsh_text), (4 bytes).
    Removing stm32f4xx_hal_rtc.o(.rrx_text), (6 bytes).
    Removing stm32f4xx_hal_rtc.o(i.HAL_RTC_AlarmAEventCallback), (2 bytes).
    Removing stm32f4xx_hal_rtc.o(i.HAL_RTC_AlarmIRQHandler), (108 bytes).
    Removing stm32f4xx_hal_rtc.o(i.HAL_RTC_DST_Add1Hour), (40 bytes).
    Removing stm32f4xx_hal_rtc.o(i.HAL_RTC_DST_ClearStoreOperation), (40 bytes).
    Removing stm32f4xx_hal_rtc.o(i.HAL_RTC_DST_ReadStoreOperation), (12 bytes).
    Removing stm32f4xx_hal_rtc.o(i.HAL_RTC_DST_SetStoreOperation), (40 bytes).
    Removing stm32f4xx_hal_rtc.o(i.HAL_RTC_DST_Sub1Hour), (40 bytes).
    Removing stm32f4xx_hal_rtc.o(i.HAL_RTC_DeInit), (156 bytes).
    Removing stm32f4xx_hal_rtc.o(i.HAL_RTC_DeactivateAlarm), (244 bytes).
    Removing stm32f4xx_hal_rtc.o(i.HAL_RTC_GetAlarm), (152 bytes).
    Removing stm32f4xx_hal_rtc.o(i.HAL_RTC_GetState), (6 bytes).
    Removing stm32f4xx_hal_rtc.o(i.HAL_RTC_MspDeInit), (2 bytes).
    Removing stm32f4xx_hal_rtc.o(i.HAL_RTC_MspInit), (2 bytes).
    Removing stm32f4xx_hal_rtc.o(i.HAL_RTC_PollForAlarmAEvent), (74 bytes).
    Removing stm32f4xx_hal_rtc.o(i.HAL_RTC_SetAlarm), (492 bytes).
    Removing stm32f4xx_hal_rtc.o(i.HAL_RTC_SetAlarm_IT), (544 bytes).
    Removing stm32f4xx_hal_rtc_ex.o(.rev16_text), (4 bytes).
    Removing stm32f4xx_hal_rtc_ex.o(.revsh_text), (4 bytes).
    Removing stm32f4xx_hal_rtc_ex.o(.rrx_text), (6 bytes).
    Removing stm32f4xx_hal_rtc_ex.o(i.HAL_RTCEx_AlarmBEventCallback), (2 bytes).
    Removing stm32f4xx_hal_rtc_ex.o(i.HAL_RTCEx_BKUPRead), (18 bytes).
    Removing stm32f4xx_hal_rtc_ex.o(i.HAL_RTCEx_BKUPWrite), (18 bytes).
    Removing stm32f4xx_hal_rtc_ex.o(i.HAL_RTCEx_DeactivateCalibrationOutPut), (78 bytes).
    Removing stm32f4xx_hal_rtc_ex.o(i.HAL_RTCEx_DeactivateCoarseCalib), (100 bytes).
    Removing stm32f4xx_hal_rtc_ex.o(i.HAL_RTCEx_DeactivateRefClock), (100 bytes).
    Removing stm32f4xx_hal_rtc_ex.o(i.HAL_RTCEx_DeactivateTamper), (50 bytes).
    Removing stm32f4xx_hal_rtc_ex.o(i.HAL_RTCEx_DeactivateTimeStamp), (96 bytes).
    Removing stm32f4xx_hal_rtc_ex.o(i.HAL_RTCEx_DeactivateWakeUpTimer), (152 bytes).
    Removing stm32f4xx_hal_rtc_ex.o(i.HAL_RTCEx_DisableBypassShadow), (78 bytes).
    Removing stm32f4xx_hal_rtc_ex.o(i.HAL_RTCEx_EnableBypassShadow), (78 bytes).
    Removing stm32f4xx_hal_rtc_ex.o(i.HAL_RTCEx_GetTimeStamp), (172 bytes).
    Removing stm32f4xx_hal_rtc_ex.o(i.HAL_RTCEx_GetWakeUpTimer), (10 bytes).
    Removing stm32f4xx_hal_rtc_ex.o(i.HAL_RTCEx_PollForAlarmBEvent), (74 bytes).
    Removing stm32f4xx_hal_rtc_ex.o(i.HAL_RTCEx_PollForTamper1Event), (74 bytes).
    Removing stm32f4xx_hal_rtc_ex.o(i.HAL_RTCEx_PollForTamper2Event), (74 bytes).
    Removing stm32f4xx_hal_rtc_ex.o(i.HAL_RTCEx_PollForTimeStampEvent), (92 bytes).
    Removing stm32f4xx_hal_rtc_ex.o(i.HAL_RTCEx_PollForWakeUpTimerEvent), (74 bytes).
    Removing stm32f4xx_hal_rtc_ex.o(i.HAL_RTCEx_SetCalibrationOutPut), (100 bytes).
    Removing stm32f4xx_hal_rtc_ex.o(i.HAL_RTCEx_SetCoarseCalib), (116 bytes).
    Removing stm32f4xx_hal_rtc_ex.o(i.HAL_RTCEx_SetRefClock), (100 bytes).
    Removing stm32f4xx_hal_rtc_ex.o(i.HAL_RTCEx_SetSmoothCalib), (162 bytes).
    Removing stm32f4xx_hal_rtc_ex.o(i.HAL_RTCEx_SetSynchroShift), (224 bytes).
    Removing stm32f4xx_hal_rtc_ex.o(i.HAL_RTCEx_SetTamper), (112 bytes).
    Removing stm32f4xx_hal_rtc_ex.o(i.HAL_RTCEx_SetTamper_IT), (144 bytes).
    Removing stm32f4xx_hal_rtc_ex.o(i.HAL_RTCEx_SetTimeStamp), (154 bytes).
    Removing stm32f4xx_hal_rtc_ex.o(i.HAL_RTCEx_SetTimeStamp_IT), (200 bytes).
    Removing stm32f4xx_hal_rtc_ex.o(i.HAL_RTCEx_SetWakeUpTimer), (270 bytes).
    Removing stm32f4xx_hal_rtc_ex.o(i.HAL_RTCEx_SetWakeUpTimer_IT), (328 bytes).
    Removing stm32f4xx_hal_rtc_ex.o(i.HAL_RTCEx_Tamper1EventCallback), (2 bytes).
    Removing stm32f4xx_hal_rtc_ex.o(i.HAL_RTCEx_Tamper2EventCallback), (2 bytes).
    Removing stm32f4xx_hal_rtc_ex.o(i.HAL_RTCEx_TamperTimeStampIRQHandler), (148 bytes).
    Removing stm32f4xx_hal_rtc_ex.o(i.HAL_RTCEx_TimeStampEventCallback), (2 bytes).
    Removing stm32f4xx_hal_rtc_ex.o(i.HAL_RTCEx_WakeUpTimerEventCallback), (2 bytes).
    Removing stm32f4xx_hal_rtc_ex.o(i.HAL_RTCEx_WakeUpTimerIRQHandler), (56 bytes).
    Removing stm32f4xx_hal_tim.o(.rev16_text), (4 bytes).
    Removing stm32f4xx_hal_tim.o(.revsh_text), (4 bytes).
    Removing stm32f4xx_hal_tim.o(.rrx_text), (6 bytes).
    Removing stm32f4xx_hal_tim_ex.o(.rev16_text), (4 bytes).
    Removing stm32f4xx_hal_tim_ex.o(.revsh_text), (4 bytes).
    Removing stm32f4xx_hal_tim_ex.o(.rrx_text), (6 bytes).
    Removing stm32f4xx_hal_uart.o(.rev16_text), (4 bytes).
    Removing stm32f4xx_hal_uart.o(.revsh_text), (4 bytes).
    Removing stm32f4xx_hal_uart.o(.rrx_text), (6 bytes).
    Removing stm32f4xx_hal_uart.o(i.HAL_HalfDuplex_EnableReceiver), (68 bytes).
    Removing stm32f4xx_hal_uart.o(i.HAL_HalfDuplex_EnableTransmitter), (68 bytes).
    Removing stm32f4xx_hal_uart.o(i.HAL_HalfDuplex_Init), (122 bytes).
    Removing stm32f4xx_hal_uart.o(i.HAL_LIN_Init), (146 bytes).
    Removing stm32f4xx_hal_uart.o(i.HAL_LIN_SendBreak), (80 bytes).
    Removing stm32f4xx_hal_uart.o(i.HAL_MultiProcessor_EnterMuteMode), (82 bytes).
    Removing stm32f4xx_hal_uart.o(i.HAL_MultiProcessor_ExitMuteMode), (82 bytes).
    Removing stm32f4xx_hal_uart.o(i.HAL_MultiProcessor_Init), (158 bytes).
    Removing stm32f4xx_hal_uart.o(i.HAL_UARTEx_GetRxEventType), (6 bytes).
    Removing stm32f4xx_hal_uart.o(i.HAL_UARTEx_ReceiveToIdle), (296 bytes).
    Removing stm32f4xx_hal_uart.o(i.HAL_UARTEx_ReceiveToIdle_DMA), (114 bytes).
    Removing stm32f4xx_hal_uart.o(i.HAL_UARTEx_ReceiveToIdle_IT), (114 bytes).
    Removing stm32f4xx_hal_uart.o(i.HAL_UARTEx_RxEventCallback), (2 bytes).
    Removing stm32f4xx_hal_uart.o(i.HAL_UART_Abort), (282 bytes).
    Removing stm32f4xx_hal_uart.o(i.HAL_UART_AbortCpltCallback), (2 bytes).
    Removing stm32f4xx_hal_uart.o(i.HAL_UART_AbortReceive), (196 bytes).
    Removing stm32f4xx_hal_uart.o(i.HAL_UART_AbortReceiveCpltCallback), (2 bytes).
    Removing stm32f4xx_hal_uart.o(i.HAL_UART_AbortReceive_IT), (220 bytes).
    Removing stm32f4xx_hal_uart.o(i.HAL_UART_AbortTransmit), (126 bytes).
    Removing stm32f4xx_hal_uart.o(i.HAL_UART_AbortTransmitCpltCallback), (2 bytes).
    Removing stm32f4xx_hal_uart.o(i.HAL_UART_AbortTransmit_IT), (144 bytes).
    Removing stm32f4xx_hal_uart.o(i.HAL_UART_Abort_IT), (336 bytes).
    Removing stm32f4xx_hal_uart.o(i.HAL_UART_DMAPause), (166 bytes).
    Removing stm32f4xx_hal_uart.o(i.HAL_UART_DMAResume), (170 bytes).
    Removing stm32f4xx_hal_uart.o(i.HAL_UART_DMAStop), (138 bytes).
    Removing stm32f4xx_hal_uart.o(i.HAL_UART_DeInit), (62 bytes).
    Removing stm32f4xx_hal_uart.o(i.HAL_UART_ErrorCallback), (2 bytes).
    Removing stm32f4xx_hal_uart.o(i.HAL_UART_GetError), (6 bytes).
    Removing stm32f4xx_hal_uart.o(i.HAL_UART_GetState), (20 bytes).
    Removing stm32f4xx_hal_uart.o(i.HAL_UART_IRQHandler), (744 bytes).
    Removing stm32f4xx_hal_uart.o(i.HAL_UART_MspDeInit), (2 bytes).
    Removing stm32f4xx_hal_uart.o(i.HAL_UART_MspInit), (2 bytes).
    Removing stm32f4xx_hal_uart.o(i.HAL_UART_Receive_DMA), (44 bytes).
    Removing stm32f4xx_hal_uart.o(i.HAL_UART_Receive_IT), (44 bytes).
    Removing stm32f4xx_hal_uart.o(i.HAL_UART_RxCpltCallback), (2 bytes).
    Removing stm32f4xx_hal_uart.o(i.HAL_UART_RxHalfCpltCallback), (2 bytes).
    Removing stm32f4xx_hal_uart.o(i.HAL_UART_Transmit), (190 bytes).
    Removing stm32f4xx_hal_uart.o(i.HAL_UART_Transmit_DMA), (140 bytes).
    Removing stm32f4xx_hal_uart.o(i.HAL_UART_Transmit_IT), (56 bytes).
    Removing stm32f4xx_hal_uart.o(i.HAL_UART_TxCpltCallback), (2 bytes).
    Removing stm32f4xx_hal_uart.o(i.HAL_UART_TxHalfCpltCallback), (2 bytes).
    Removing stm32f4xx_hal_uart.o(i.UART_DMAAbortOnError), (20 bytes).
    Removing stm32f4xx_hal_uart.o(i.UART_DMAError), (80 bytes).
    Removing stm32f4xx_hal_uart.o(i.UART_DMAReceiveCplt), (180 bytes).
    Removing stm32f4xx_hal_uart.o(i.UART_DMARxAbortCallback), (56 bytes).
    Removing stm32f4xx_hal_uart.o(i.UART_DMARxHalfCplt), (36 bytes).
    Removing stm32f4xx_hal_uart.o(i.UART_DMARxOnlyAbortCallback), (28 bytes).
    Removing stm32f4xx_hal_uart.o(i.UART_DMATransmitCplt), (88 bytes).
    Removing stm32f4xx_hal_uart.o(i.UART_DMATxAbortCallback), (56 bytes).
    Removing stm32f4xx_hal_uart.o(i.UART_DMATxHalfCplt), (14 bytes).
    Removing stm32f4xx_hal_uart.o(i.UART_DMATxOnlyAbortCallback), (24 bytes).
    Removing stm32f4xx_hal_uart.o(i.UART_EndTransmit_IT), (32 bytes).
    Removing stm32f4xx_hal_uart.o(i.UART_EndTxTransfer), (38 bytes).
    Removing stm32f4xx_hal_uart.o(i.UART_Receive_IT), (252 bytes).
    Removing stm32f4xx_hal_uart.o(i.UART_Start_Receive_DMA), (200 bytes).
    Removing stm32f4xx_hal_uart.o(i.UART_Start_Receive_IT), (64 bytes).
    Removing stm32f4xx_hal_uart.o(i.UART_Transmit_IT), (96 bytes).
    Removing system_stm32f4xx.o(.rev16_text), (4 bytes).
    Removing system_stm32f4xx.o(.revsh_text), (4 bytes).
    Removing system_stm32f4xx.o(.rrx_text), (6 bytes).
    Removing system_stm32f4xx.o(i.SystemCoreClockUpdate), (192 bytes).
    Removing bsp_key.o(.rev16_text), (4 bytes).
    Removing bsp_key.o(.revsh_text), (4 bytes).
    Removing bsp_key.o(.rrx_text), (6 bytes).
    Removing drv_lcd.o(.rev16_text), (4 bytes).
    Removing drv_lcd.o(.revsh_text), (4 bytes).
    Removing drv_lcd.o(.rrx_text), (6 bytes).
    Removing drv_lcd.o(i.LCD_BGR2RGB), (26 bytes).
    Removing drv_lcd.o(i.LCD_Color_Fill), (96 bytes).
    Removing drv_lcd.o(i.LCD_DisplayOff), (36 bytes).
    Removing drv_lcd.o(i.LCD_DisplayOn), (36 bytes).
    Removing drv_lcd.o(i.LCD_DrawLine), (176 bytes).
    Removing drv_lcd.o(i.LCD_DrawPoint), (36 bytes).
    Removing drv_lcd.o(i.LCD_DrawRectangle), (60 bytes).
    Removing drv_lcd.o(i.LCD_Draw_Circle), (152 bytes).
    Removing drv_lcd.o(i.LCD_Fill), (84 bytes).
    Removing drv_lcd.o(i.LCD_Pow), (22 bytes).
    Removing drv_lcd.o(i.LCD_ReadPoint), (148 bytes).
    Removing drv_lcd.o(i.LCD_ReadReg), (16 bytes).
    Removing drv_lcd.o(i.LCD_Set_Window), (368 bytes).
    Removing drv_lcd.o(i.LCD_ShowNum), (148 bytes).
    Removing drv_lcd.o(i.LCD_ShowxNum), (190 bytes).
    Removing drv_lcd.o(i.LCD_WriteRAM), (12 bytes).
    Removing drv_lcd.o(i.opt_delay), (14 bytes).
    Removing bsp_uart.o(.rev16_text), (4 bytes).
    Removing bsp_uart.o(.revsh_text), (4 bytes).
    Removing bsp_uart.o(.rrx_text), (6 bytes).
    Removing bsp_uart.o(i._sys_exit), (4 bytes).
    Removing bsp_uart.o(i.fputc), (28 bytes).
    Removing system.o(.rev16_text), (4 bytes).
    Removing system.o(.revsh_text), (4 bytes).
    Removing system.o(.rrx_text), (6 bytes).
    Removing system.o(.emb_text), (16 bytes).
    Removing dadd.o(.text), (334 bytes).
    Removing ddiv.o(.text), (222 bytes).
    Removing dfixul.o(.text), (48 bytes).
    Removing cdrcmple.o(.text), (48 bytes).

399 unused section(s) (total 29566 bytes) removed from the image.

==============================================================================

Image Symbol Table

    Local Symbols

    Symbol Name                              Value     Ov Type        Size  Object(Section)

    ../Core/Src/main.c                       0x00000000   Number         0  main.o ABSOLUTE
    ../Core/Src/stm32f4xx_hal_msp.c          0x00000000   Number         0  stm32f4xx_hal_msp.o ABSOLUTE
    ../Core/Src/stm32f4xx_it.c               0x00000000   Number         0  stm32f4xx_it.o ABSOLUTE
    ../Core/Src/system_stm32f4xx.c           0x00000000   Number         0  system_stm32f4xx.o ABSOLUTE
    ../Drivers/STM32F4xx_HAL_Driver/Src/stm32f4xx_hal.c 0x00000000   Number         0  stm32f4xx_hal.o ABSOLUTE
    ../Drivers/STM32F4xx_HAL_Driver/Src/stm32f4xx_hal_cortex.c 0x00000000   Number         0  stm32f4xx_hal_cortex.o ABSOLUTE
    ../Drivers/STM32F4xx_HAL_Driver/Src/stm32f4xx_hal_dma.c 0x00000000   Number         0  stm32f4xx_hal_dma.o ABSOLUTE
    ../Drivers/STM32F4xx_HAL_Driver/Src/stm32f4xx_hal_dma_ex.c 0x00000000   Number         0  stm32f4xx_hal_dma_ex.o ABSOLUTE
    ../Drivers/STM32F4xx_HAL_Driver/Src/stm32f4xx_hal_exti.c 0x00000000   Number         0  stm32f4xx_hal_exti.o ABSOLUTE
    ../Drivers/STM32F4xx_HAL_Driver/Src/stm32f4xx_hal_flash.c 0x00000000   Number         0  stm32f4xx_hal_flash.o ABSOLUTE
    ../Drivers/STM32F4xx_HAL_Driver/Src/stm32f4xx_hal_flash_ex.c 0x00000000   Number         0  stm32f4xx_hal_flash_ex.o ABSOLUTE
    ../Drivers/STM32F4xx_HAL_Driver/Src/stm32f4xx_hal_flash_ramfunc.c 0x00000000   Number         0  stm32f4xx_hal_flash_ramfunc.o ABSOLUTE
    ../Drivers/STM32F4xx_HAL_Driver/Src/stm32f4xx_hal_gpio.c 0x00000000   Number         0  stm32f4xx_hal_gpio.o ABSOLUTE
    ../Drivers/STM32F4xx_HAL_Driver/Src/stm32f4xx_hal_pwr.c 0x00000000   Number         0  stm32f4xx_hal_pwr.o ABSOLUTE
    ../Drivers/STM32F4xx_HAL_Driver/Src/stm32f4xx_hal_pwr_ex.c 0x00000000   Number         0  stm32f4xx_hal_pwr_ex.o ABSOLUTE
    ../Drivers/STM32F4xx_HAL_Driver/Src/stm32f4xx_hal_rcc.c 0x00000000   Number         0  stm32f4xx_hal_rcc.o ABSOLUTE
    ../Drivers/STM32F4xx_HAL_Driver/Src/stm32f4xx_hal_rcc_ex.c 0x00000000   Number         0  stm32f4xx_hal_rcc_ex.o ABSOLUTE
    ../Drivers/STM32F4xx_HAL_Driver/Src/stm32f4xx_hal_rtc.c 0x00000000   Number         0  stm32f4xx_hal_rtc.o ABSOLUTE
    ../Drivers/STM32F4xx_HAL_Driver/Src/stm32f4xx_hal_rtc_ex.c 0x00000000   Number         0  stm32f4xx_hal_rtc_ex.o ABSOLUTE
    ../Drivers/STM32F4xx_HAL_Driver/Src/stm32f4xx_hal_sram.c 0x00000000   Number         0  stm32f4xx_hal_sram.o ABSOLUTE
    ../Drivers/STM32F4xx_HAL_Driver/Src/stm32f4xx_hal_tim.c 0x00000000   Number         0  stm32f4xx_hal_tim.o ABSOLUTE
    ../Drivers/STM32F4xx_HAL_Driver/Src/stm32f4xx_hal_tim_ex.c 0x00000000   Number         0  stm32f4xx_hal_tim_ex.o ABSOLUTE
    ../Drivers/STM32F4xx_HAL_Driver/Src/stm32f4xx_hal_uart.c 0x00000000   Number         0  stm32f4xx_hal_uart.o ABSOLUTE
    ../Drivers/STM32F4xx_HAL_Driver/Src/stm32f4xx_ll_fsmc.c 0x00000000   Number         0  stm32f4xx_ll_fsmc.o ABSOLUTE
    ../clib/microlib/division.c              0x00000000   Number         0  uldiv.o ABSOLUTE
    ../clib/microlib/division.c              0x00000000   Number         0  uidiv.o ABSOLUTE
    ../clib/microlib/init/entry.s            0x00000000   Number         0  entry.o ABSOLUTE
    ../clib/microlib/init/entry.s            0x00000000   Number         0  entry5.o ABSOLUTE
    ../clib/microlib/init/entry.s            0x00000000   Number         0  entry12b.o ABSOLUTE
    ../clib/microlib/init/entry.s            0x00000000   Number         0  entry2.o ABSOLUTE
    ../clib/microlib/init/entry.s            0x00000000   Number         0  entry12a.o ABSOLUTE
    ../clib/microlib/init/entry.s            0x00000000   Number         0  entry11b.o ABSOLUTE
    ../clib/microlib/init/entry.s            0x00000000   Number         0  entry11a.o ABSOLUTE
    ../clib/microlib/init/entry.s            0x00000000   Number         0  entry10b.o ABSOLUTE
    ../clib/microlib/init/entry.s            0x00000000   Number         0  entry10a.o ABSOLUTE
    ../clib/microlib/init/entry.s            0x00000000   Number         0  entry9b.o ABSOLUTE
    ../clib/microlib/init/entry.s            0x00000000   Number         0  entry9a.o ABSOLUTE
    ../clib/microlib/init/entry.s            0x00000000   Number         0  entry8b.o ABSOLUTE
    ../clib/microlib/init/entry.s            0x00000000   Number         0  entry8a.o ABSOLUTE
    ../clib/microlib/init/entry.s            0x00000000   Number         0  entry7b.o ABSOLUTE
    ../clib/microlib/init/entry.s            0x00000000   Number         0  entry7a.o ABSOLUTE
    ../clib/microlib/longlong.c              0x00000000   Number         0  llsshr.o ABSOLUTE
    ../clib/microlib/longlong.c              0x00000000   Number         0  llushr.o ABSOLUTE
    ../clib/microlib/longlong.c              0x00000000   Number         0  llshl.o ABSOLUTE
    ../clib/microlib/printf/printf.c         0x00000000   Number         0  printfa.o ABSOLUTE
    ../clib/microlib/printf/printf.c         0x00000000   Number         0  printfb.o ABSOLUTE
    ../clib/microlib/printf/printf.c         0x00000000   Number         0  printf0.o ABSOLUTE
    ../clib/microlib/printf/printf.c         0x00000000   Number         0  printf1.o ABSOLUTE
    ../clib/microlib/printf/printf.c         0x00000000   Number         0  printf2.o ABSOLUTE
    ../clib/microlib/printf/printf.c         0x00000000   Number         0  printf3.o ABSOLUTE
    ../clib/microlib/printf/printf.c         0x00000000   Number         0  printf8.o ABSOLUTE
    ../clib/microlib/printf/printf.c         0x00000000   Number         0  printf7.o ABSOLUTE
    ../clib/microlib/printf/printf.c         0x00000000   Number         0  printf6.o ABSOLUTE
    ../clib/microlib/printf/printf.c         0x00000000   Number         0  printf5.o ABSOLUTE
    ../clib/microlib/printf/printf.c         0x00000000   Number         0  printf4.o ABSOLUTE
    ../clib/microlib/printf/stubs.s          0x00000000   Number         0  stubs.o ABSOLUTE
    ../clib/microlib/string/memset.c         0x00000000   Number         0  memseta.o ABSOLUTE
    ../clib/microlib/stubs.s                 0x00000000   Number         0  iusefp.o ABSOLUTE
    ../clib/microlib/stubs.s                 0x00000000   Number         0  useno.o ABSOLUTE
    ../fplib/microlib/fpadd.c                0x00000000   Number         0  dadd.o ABSOLUTE
    ../fplib/microlib/fpdiv.c                0x00000000   Number         0  ddiv.o ABSOLUTE
    ../fplib/microlib/fpepilogue.c           0x00000000   Number         0  depilogue.o ABSOLUTE
    ../fplib/microlib/fpfix.c                0x00000000   Number         0  dfixui.o ABSOLUTE
    ../fplib/microlib/fpfix.c                0x00000000   Number         0  dfixul.o ABSOLUTE
    ../fplib/microlib/fpflt.c                0x00000000   Number         0  dfltui.o ABSOLUTE
    ../fplib/microlib/fpmul.c                0x00000000   Number         0  dmul.o ABSOLUTE
    ..\Core\Src\main.c                       0x00000000   Number         0  main.o ABSOLUTE
    ..\Core\Src\stm32f4xx_hal_msp.c          0x00000000   Number         0  stm32f4xx_hal_msp.o ABSOLUTE
    ..\Core\Src\stm32f4xx_it.c               0x00000000   Number         0  stm32f4xx_it.o ABSOLUTE
    ..\Core\Src\system_stm32f4xx.c           0x00000000   Number         0  system_stm32f4xx.o ABSOLUTE
    ..\Drivers\STM32F4xx_HAL_Driver\Src\stm32f4xx_hal.c 0x00000000   Number         0  stm32f4xx_hal.o ABSOLUTE
    ..\Drivers\STM32F4xx_HAL_Driver\Src\stm32f4xx_hal_cortex.c 0x00000000   Number         0  stm32f4xx_hal_cortex.o ABSOLUTE
    ..\Drivers\STM32F4xx_HAL_Driver\Src\stm32f4xx_hal_dma.c 0x00000000   Number         0  stm32f4xx_hal_dma.o ABSOLUTE
    ..\Drivers\STM32F4xx_HAL_Driver\Src\stm32f4xx_hal_dma_ex.c 0x00000000   Number         0  stm32f4xx_hal_dma_ex.o ABSOLUTE
    ..\Drivers\STM32F4xx_HAL_Driver\Src\stm32f4xx_hal_exti.c 0x00000000   Number         0  stm32f4xx_hal_exti.o ABSOLUTE
    ..\Drivers\STM32F4xx_HAL_Driver\Src\stm32f4xx_hal_flash.c 0x00000000   Number         0  stm32f4xx_hal_flash.o ABSOLUTE
    ..\Drivers\STM32F4xx_HAL_Driver\Src\stm32f4xx_hal_flash_ex.c 0x00000000   Number         0  stm32f4xx_hal_flash_ex.o ABSOLUTE
    ..\Drivers\STM32F4xx_HAL_Driver\Src\stm32f4xx_hal_flash_ramfunc.c 0x00000000   Number         0  stm32f4xx_hal_flash_ramfunc.o ABSOLUTE
    ..\Drivers\STM32F4xx_HAL_Driver\Src\stm32f4xx_hal_gpio.c 0x00000000   Number         0  stm32f4xx_hal_gpio.o ABSOLUTE
    ..\Drivers\STM32F4xx_HAL_Driver\Src\stm32f4xx_hal_pwr.c 0x00000000   Number         0  stm32f4xx_hal_pwr.o ABSOLUTE
    ..\Drivers\STM32F4xx_HAL_Driver\Src\stm32f4xx_hal_pwr_ex.c 0x00000000   Number         0  stm32f4xx_hal_pwr_ex.o ABSOLUTE
    ..\Drivers\STM32F4xx_HAL_Driver\Src\stm32f4xx_hal_rcc.c 0x00000000   Number         0  stm32f4xx_hal_rcc.o ABSOLUTE
    ..\Drivers\STM32F4xx_HAL_Driver\Src\stm32f4xx_hal_rcc_ex.c 0x00000000   Number         0  stm32f4xx_hal_rcc_ex.o ABSOLUTE
    ..\Drivers\STM32F4xx_HAL_Driver\Src\stm32f4xx_hal_rtc.c 0x00000000   Number         0  stm32f4xx_hal_rtc.o ABSOLUTE
    ..\Drivers\STM32F4xx_HAL_Driver\Src\stm32f4xx_hal_rtc_ex.c 0x00000000   Number         0  stm32f4xx_hal_rtc_ex.o ABSOLUTE
    ..\Drivers\STM32F4xx_HAL_Driver\Src\stm32f4xx_hal_sram.c 0x00000000   Number         0  stm32f4xx_hal_sram.o ABSOLUTE
    ..\Drivers\STM32F4xx_HAL_Driver\Src\stm32f4xx_hal_tim.c 0x00000000   Number         0  stm32f4xx_hal_tim.o ABSOLUTE
    ..\Drivers\STM32F4xx_HAL_Driver\Src\stm32f4xx_hal_tim_ex.c 0x00000000   Number         0  stm32f4xx_hal_tim_ex.o ABSOLUTE
    ..\Drivers\STM32F4xx_HAL_Driver\Src\stm32f4xx_hal_uart.c 0x00000000   Number         0  stm32f4xx_hal_uart.o ABSOLUTE
    ..\Drivers\STM32F4xx_HAL_Driver\Src\stm32f4xx_ll_fsmc.c 0x00000000   Number         0  stm32f4xx_ll_fsmc.o ABSOLUTE
    ..\Src\bsp_key.c                         0x00000000   Number         0  bsp_key.o ABSOLUTE
    ..\Src\bsp_uart.c                        0x00000000   Number         0  bsp_uart.o ABSOLUTE
    ..\Src\lcd_lib\drv_LCD.c                 0x00000000   Number         0  drv_lcd.o ABSOLUTE
    ..\Src\system.c                          0x00000000   Number         0  system.o ABSOLUTE
    ..\\Src\\bsp_key.c                       0x00000000   Number         0  bsp_key.o ABSOLUTE
    ..\\Src\\bsp_uart.c                      0x00000000   Number         0  bsp_uart.o ABSOLUTE
    ..\\Src\\lcd_lib\\drv_LCD.c              0x00000000   Number         0  drv_lcd.o ABSOLUTE
    ..\\Src\\system.c                        0x00000000   Number         0  system.o ABSOLUTE
    cdrcmple.s                               0x00000000   Number         0  cdrcmple.o ABSOLUTE
    dc.s                                     0x00000000   Number         0  dc.o ABSOLUTE
    handlers.s                               0x00000000   Number         0  handlers.o ABSOLUTE
    init.s                                   0x00000000   Number         0  init.o ABSOLUTE
    startup_stm32f407xx.s                    0x00000000   Number         0  startup_stm32f407xx.o ABSOLUTE
    RESET                                    0x08010000   Section      392  startup_stm32f407xx.o(RESET)
    .ARM.Collect$$$$00000000                 0x08010188   Section        0  entry.o(.ARM.Collect$$$$00000000)
    .ARM.Collect$$$$00000001                 0x08010188   Section        4  entry2.o(.ARM.Collect$$$$00000001)
    .ARM.Collect$$$$00000004                 0x0801018c   Section        4  entry5.o(.ARM.Collect$$$$00000004)
    .ARM.Collect$$$$00000008                 0x08010190   Section        0  entry7b.o(.ARM.Collect$$$$00000008)
    .ARM.Collect$$$$0000000A                 0x08010190   Section        0  entry8b.o(.ARM.Collect$$$$0000000A)
    .ARM.Collect$$$$0000000B                 0x08010190   Section        8  entry9a.o(.ARM.Collect$$$$0000000B)
    .ARM.Collect$$$$0000000E                 0x08010198   Section        4  entry12b.o(.ARM.Collect$$$$0000000E)
    .ARM.Collect$$$$0000000F                 0x0801019c   Section        0  entry10a.o(.ARM.Collect$$$$0000000F)
    .ARM.Collect$$$$00000011                 0x0801019c   Section        0  entry11a.o(.ARM.Collect$$$$00000011)
    .ARM.Collect$$$$00002712                 0x0801019c   Section        4  entry2.o(.ARM.Collect$$$$00002712)
    __lit__00000000                          0x0801019c   Data           4  entry2.o(.ARM.Collect$$$$00002712)
    .text                                    0x080101a0   Section       36  startup_stm32f407xx.o(.text)
    $v0                                      0x080101a0   Number         0  startup_stm32f407xx.o(.text)
    .text                                    0x080101c4   Section        0  uldiv.o(.text)
    .text                                    0x08010226   Section        0  memseta.o(.text)
    .text                                    0x0801024a   Section        0  dmul.o(.text)
    .text                                    0x0801032e   Section        0  dfltui.o(.text)
    .text                                    0x08010348   Section        0  dfixui.o(.text)
    .text                                    0x0801037a   Section        0  uidiv.o(.text)
    .text                                    0x080103a6   Section        0  llshl.o(.text)
    .text                                    0x080103c4   Section        0  llushr.o(.text)
    .text                                    0x080103e4   Section        0  depilogue.o(.text)
    .text                                    0x080103e4   Section        0  iusefp.o(.text)
    .text                                    0x080104a0   Section       36  init.o(.text)
    i.BusFault_Handler                       0x080104c4   Section        0  stm32f4xx_it.o(i.BusFault_Handler)
    i.DebugMon_Handler                       0x080104c8   Section        0  stm32f4xx_it.o(i.DebugMon_Handler)
    i.Error_Handler                          0x080104ca   Section        0  main.o(i.Error_Handler)
    i.FSMC_NORSRAM_Extended_Timing_Init      0x080104d0   Section        0  stm32f4xx_ll_fsmc.o(i.FSMC_NORSRAM_Extended_Timing_Init)
    i.FSMC_NORSRAM_Init                      0x08010514   Section        0  stm32f4xx_ll_fsmc.o(i.FSMC_NORSRAM_Init)
    i.FSMC_NORSRAM_Timing_Init               0x0801058c   Section        0  stm32f4xx_ll_fsmc.o(i.FSMC_NORSRAM_Timing_Init)
    i.HAL_FSMC_MspInit                       0x080105d0   Section        0  stm32f4xx_hal_msp.o(i.HAL_FSMC_MspInit)
    HAL_FSMC_MspInit                         0x080105d1   Thumb Code   182  stm32f4xx_hal_msp.o(i.HAL_FSMC_MspInit)
    i.HAL_GPIO_Init                          0x080106a0   Section        0  stm32f4xx_hal_gpio.o(i.HAL_GPIO_Init)
    i.HAL_GPIO_ReadPin                       0x08010894   Section        0  stm32f4xx_hal_gpio.o(i.HAL_GPIO_ReadPin)
    i.HAL_GPIO_TogglePin                     0x080108a4   Section        0  stm32f4xx_hal_gpio.o(i.HAL_GPIO_TogglePin)
    i.HAL_GPIO_WritePin                      0x080108b8   Section        0  stm32f4xx_hal_gpio.o(i.HAL_GPIO_WritePin)
    i.HAL_GetTick                            0x080108c4   Section        0  stm32f4xx_hal.o(i.HAL_GetTick)
    i.HAL_Init                               0x080108d0   Section        0  stm32f4xx_hal.o(i.HAL_Init)
    i.HAL_InitTick                           0x0801090c   Section        0  stm32f4xx_hal.o(i.HAL_InitTick)
    i.HAL_MspInit                            0x08010958   Section        0  stm32f4xx_hal_msp.o(i.HAL_MspInit)
    i.HAL_NVIC_EnableIRQ                     0x080109a0   Section        0  stm32f4xx_hal_cortex.o(i.HAL_NVIC_EnableIRQ)
    i.HAL_NVIC_SetPriority                   0x080109c8   Section        0  stm32f4xx_hal_cortex.o(i.HAL_NVIC_SetPriority)
    i.HAL_NVIC_SetPriorityGrouping           0x08010a44   Section        0  stm32f4xx_hal_cortex.o(i.HAL_NVIC_SetPriorityGrouping)
    i.HAL_RCCEx_PeriphCLKConfig              0x08010a6c   Section        0  stm32f4xx_hal_rcc_ex.o(i.HAL_RCCEx_PeriphCLKConfig)
    i.HAL_RCC_ClockConfig                    0x08010c0c   Section        0  stm32f4xx_hal_rcc.o(i.HAL_RCC_ClockConfig)
    i.HAL_RCC_GetHCLKFreq                    0x08010d90   Section        0  stm32f4xx_hal_rcc.o(i.HAL_RCC_GetHCLKFreq)
    i.HAL_RCC_GetPCLK1Freq                   0x08010d9c   Section        0  stm32f4xx_hal_rcc.o(i.HAL_RCC_GetPCLK1Freq)
    i.HAL_RCC_GetPCLK2Freq                   0x08010dbc   Section        0  stm32f4xx_hal_rcc.o(i.HAL_RCC_GetPCLK2Freq)
    i.HAL_RCC_GetSysClockFreq                0x08010ddc   Section        0  stm32f4xx_hal_rcc.o(i.HAL_RCC_GetSysClockFreq)
    i.HAL_RCC_OscConfig                      0x08010e8c   Section        0  stm32f4xx_hal_rcc.o(i.HAL_RCC_OscConfig)
    i.HAL_RTC_GetDate                        0x08011328   Section        0  stm32f4xx_hal_rtc.o(i.HAL_RTC_GetDate)
    i.HAL_RTC_GetTime                        0x08011374   Section        0  stm32f4xx_hal_rtc.o(i.HAL_RTC_GetTime)
    i.HAL_RTC_Init                           0x080113d0   Section        0  stm32f4xx_hal_rtc.o(i.HAL_RTC_Init)
    i.HAL_RTC_MspInit                        0x08011484   Section        0  stm32f4xx_hal_msp.o(i.HAL_RTC_MspInit)
    i.HAL_RTC_SetDate                        0x080114c0   Section        0  stm32f4xx_hal_rtc.o(i.HAL_RTC_SetDate)
    i.HAL_RTC_SetTime                        0x08011580   Section        0  stm32f4xx_hal_rtc.o(i.HAL_RTC_SetTime)
    i.HAL_RTC_WaitForSynchro                 0x0801166c   Section        0  stm32f4xx_hal_rtc.o(i.HAL_RTC_WaitForSynchro)
    i.HAL_SRAM_Init                          0x080116a4   Section        0  stm32f4xx_hal_sram.o(i.HAL_SRAM_Init)
    i.HAL_SRAM_MspInit                       0x08011702   Section        0  stm32f4xx_hal_msp.o(i.HAL_SRAM_MspInit)
    i.HAL_SYSTICK_CLKSourceConfig            0x0801170c   Section        0  stm32f4xx_hal_cortex.o(i.HAL_SYSTICK_CLKSourceConfig)
    i.HAL_SYSTICK_Config                     0x08011734   Section        0  stm32f4xx_hal_cortex.o(i.HAL_SYSTICK_Config)
    i.HAL_UART_Init                          0x08011768   Section        0  stm32f4xx_hal_uart.o(i.HAL_UART_Init)
    i.HAL_UART_MspInit                       0x080117e0   Section        0  stm32f4xx_hal_msp.o(i.HAL_UART_MspInit)
    i.HAL_UART_Receive                       0x08011878   Section        0  stm32f4xx_hal_uart.o(i.HAL_UART_Receive)
    i.HardFault_Handler                      0x0801193a   Section        0  stm32f4xx_it.o(i.HardFault_Handler)
    i.Key_Scan                               0x08011940   Section        0  bsp_key.o(i.Key_Scan)
    i.LCD_Clear                              0x080119e4   Section        0  drv_lcd.o(i.LCD_Clear)
    i.LCD_Display_Dir                        0x08011a18   Section        0  drv_lcd.o(i.LCD_Display_Dir)
    i.LCD_Fast_DrawPoint                     0x08011b48   Section        0  drv_lcd.o(i.LCD_Fast_DrawPoint)
    i.LCD_RD_DATA                            0x08011c3c   Section        0  drv_lcd.o(i.LCD_RD_DATA)
    i.LCD_SSD_BackLightSet                   0x08011c50   Section        0  drv_lcd.o(i.LCD_SSD_BackLightSet)
    i.LCD_Scan_Dir                           0x08011cb0   Section        0  drv_lcd.o(i.LCD_Scan_Dir)
    i.LCD_SetCursor                          0x08011ee4   Section        0  drv_lcd.o(i.LCD_SetCursor)
    i.LCD_ShowChar                           0x08012004   Section        0  drv_lcd.o(i.LCD_ShowChar)
    i.LCD_ShowString                         0x08012140   Section        0  drv_lcd.o(i.LCD_ShowString)
    i.LCD_WR_DATA                            0x080121a8   Section        0  drv_lcd.o(i.LCD_WR_DATA)
    i.LCD_WR_REG                             0x080121c0   Section        0  drv_lcd.o(i.LCD_WR_REG)
    i.LCD_WriteRAM_Prepare                   0x080121d8   Section        0  drv_lcd.o(i.LCD_WriteRAM_Prepare)
    i.LCD_WriteReg                           0x080121ec   Section        0  drv_lcd.o(i.LCD_WriteReg)
    i.MX_FSMC_Init                           0x08012200   Section        0  main.o(i.MX_FSMC_Init)
    MX_FSMC_Init                             0x08012201   Thumb Code   114  main.o(i.MX_FSMC_Init)
    i.MX_GPIO_Init                           0x0801227c   Section        0  main.o(i.MX_GPIO_Init)
    MX_GPIO_Init                             0x0801227d   Thumb Code   370  main.o(i.MX_GPIO_Init)
    i.MX_RTC_Init                            0x08012404   Section        0  main.o(i.MX_RTC_Init)
    MX_RTC_Init                              0x08012405   Thumb Code   134  main.o(i.MX_RTC_Init)
    i.MX_USART1_UART_Init                    0x08012494   Section        0  main.o(i.MX_USART1_UART_Init)
    MX_USART1_UART_Init                      0x08012495   Thumb Code    46  main.o(i.MX_USART1_UART_Init)
    i.MemManage_Handler                      0x080124cc   Section        0  stm32f4xx_it.o(i.MemManage_Handler)
    i.NMI_Handler                            0x080124d0   Section        0  stm32f4xx_it.o(i.NMI_Handler)
    i.PendSV_Handler                         0x080124d4   Section        0  stm32f4xx_it.o(i.PendSV_Handler)
    i.RTC_Bcd2ToByte                         0x080124d6   Section        0  stm32f4xx_hal_rtc.o(i.RTC_Bcd2ToByte)
    i.RTC_ByteToBcd2                         0x080124ec   Section        0  stm32f4xx_hal_rtc.o(i.RTC_ByteToBcd2)
    i.RTC_EnterInitMode                      0x08012506   Section        0  stm32f4xx_hal_rtc.o(i.RTC_EnterInitMode)
    i.RTC_ExitInitMode                       0x08012550   Section        0  stm32f4xx_hal_rtc.o(i.RTC_ExitInitMode)
    i.SVC_Handler                            0x0801257e   Section        0  stm32f4xx_it.o(i.SVC_Handler)
    i.SysTick_Handler                        0x08012580   Section        0  stm32f4xx_it.o(i.SysTick_Handler)
    i.SystemClock_Config                     0x08012584   Section        0  main.o(i.SystemClock_Config)
    i.SystemInit                             0x0801263c   Section        0  system_stm32f4xx.o(i.SystemInit)
    i.UART_EndRxTransfer                     0x08012650   Section        0  stm32f4xx_hal_uart.o(i.UART_EndRxTransfer)
    UART_EndRxTransfer                       0x08012651   Thumb Code   108  stm32f4xx_hal_uart.o(i.UART_EndRxTransfer)
    i.UART_SetConfig                         0x080126bc   Section        0  stm32f4xx_hal_uart.o(i.UART_SetConfig)
    UART_SetConfig                           0x080126bd   Thumb Code   546  stm32f4xx_hal_uart.o(i.UART_SetConfig)
    i.UART_WaitOnFlagUntilTimeout            0x080128e8   Section        0  stm32f4xx_hal_uart.o(i.UART_WaitOnFlagUntilTimeout)
    UART_WaitOnFlagUntilTimeout              0x080128e9   Thumb Code   140  stm32f4xx_hal_uart.o(i.UART_WaitOnFlagUntilTimeout)
    i.USART1_IRQHandler                      0x08012974   Section        0  stm32f4xx_it.o(i.USART1_IRQHandler)
    i.UsageFault_Handler                     0x0801297c   Section        0  stm32f4xx_it.o(i.UsageFault_Handler)
    i.__0sprintf$6                           0x08012980   Section        0  printf6.o(i.__0sprintf$6)
    i.__NVIC_GetPriorityGrouping             0x080129a8   Section        0  stm32f4xx_hal_cortex.o(i.__NVIC_GetPriorityGrouping)
    __NVIC_GetPriorityGrouping               0x080129a9   Thumb Code    10  stm32f4xx_hal_cortex.o(i.__NVIC_GetPriorityGrouping)
    i.__NVIC_SetPriority                     0x080129b8   Section        0  stm32f4xx_hal_cortex.o(i.__NVIC_SetPriority)
    __NVIC_SetPriority                       0x080129b9   Thumb Code    32  stm32f4xx_hal_cortex.o(i.__NVIC_SetPriority)
    i.__scatterload_copy                     0x080129e0   Section       14  handlers.o(i.__scatterload_copy)
    i.__scatterload_null                     0x080129ee   Section        2  handlers.o(i.__scatterload_null)
    i.__scatterload_zeroinit                 0x080129f0   Section       14  handlers.o(i.__scatterload_zeroinit)
    i._printf_core                           0x08012a00   Section        0  printf6.o(i._printf_core)
    _printf_core                             0x08012a01   Thumb Code   748  printf6.o(i._printf_core)
    i._printf_post_padding                   0x08012cf0   Section        0  printf6.o(i._printf_post_padding)
    _printf_post_padding                     0x08012cf1   Thumb Code    36  printf6.o(i._printf_post_padding)
    i._printf_pre_padding                    0x08012d14   Section        0  printf6.o(i._printf_pre_padding)
    _printf_pre_padding                      0x08012d15   Thumb Code    46  printf6.o(i._printf_pre_padding)
    i._sputc                                 0x08012d42   Section        0  printf6.o(i._sputc)
    _sputc                                   0x08012d43   Thumb Code    10  printf6.o(i._sputc)
    i.bsp_systick_init                       0x08012d4c   Section        0  system.o(i.bsp_systick_init)
    i.bsp_uart1_init                         0x08012d60   Section        0  bsp_uart.o(i.bsp_uart1_init)
    i.delay_ms                               0x08012d78   Section        0  system.o(i.delay_ms)
    i.delay_us                               0x08012d94   Section        0  system.o(i.delay_us)
    i.drv_LCD_Init                           0x08012ddc   Section        0  drv_lcd.o(i.drv_LCD_Init)
    i.key_delay                              0x080153ec   Section        0  bsp_key.o(i.key_delay)
    i.main                                   0x0801540c   Section        0  main.o(i.main)
    i.uart1_Rx_handler                       0x0801567c   Section        0  bsp_uart.o(i.uart1_Rx_handler)
    .constdata                               0x080156c8   Section       24  system_stm32f4xx.o(.constdata)
    .constdata                               0x080156e0   Section    18240  drv_lcd.o(.constdata)
    .data                                    0x20000000   Section        8  stm32f4xx_hal_msp.o(.data)
    FSMC_Initialized                         0x20000000   Data           4  stm32f4xx_hal_msp.o(.data)
    FSMC_DeInitialized                       0x20000004   Data           4  stm32f4xx_hal_msp.o(.data)
    .data                                    0x20000008   Section        9  stm32f4xx_hal.o(.data)
    .data                                    0x20000014   Section        4  system_stm32f4xx.o(.data)
    .data                                    0x20000018   Section        1  bsp_key.o(.data)
    key_up                                   0x20000018   Data           1  bsp_key.o(.data)
    .data                                    0x2000001c   Section        8  drv_lcd.o(.data)
    .data                                    0x20000024   Section       12  bsp_uart.o(.data)
    .data                                    0x20000030   Section        4  system.o(.data)
    fac_us                                   0x20000030   Data           4  system.o(.data)
    .bss                                     0x20000034   Section      184  main.o(.bss)
    .bss                                     0x200000ec   Section       14  drv_lcd.o(.bss)
    STACK                                    0x20000100   Section     1024  startup_stm32f407xx.o(STACK)
    .ARM.__AT_0x20001000                     0x20001000   Section    122880  bsp_uart.o(.ARM.__AT_0x20001000)

    Global Symbols

    Symbol Name                              Value     Ov Type        Size  Object(Section)

    BuildAttributes$$THM_ISAv4$E$P$D$K$B$S$7EM$VFPi3$EXTD16$VFPS$VFMA$PE$A:L22UL41UL21$X:L11$S22US41US21$IEEE1$IW$USESV6$~STKCKD$USESV7$~SHL$OSPACE$ROPI$EBA8$MICROLIB$REQ8$PRES8$EABIv2 0x00000000   Number         0  anon$$obj.o ABSOLUTE
    __ARM_use_no_argv                        0x00000000   Number         0  main.o ABSOLUTE
    __use_no_errno                           0x00000000   Number         0  useno.o ABSOLUTE
    __use_no_exception_handling              0x00000000   Number         0  useno.o ABSOLUTE
    __use_no_fp                              0x00000000   Number         0  useno.o ABSOLUTE
    __use_no_heap                            0x00000000   Number         0  useno.o ABSOLUTE
    __use_no_heap_region                     0x00000000   Number         0  useno.o ABSOLUTE
    __use_no_semihosting                     0x00000000   Number         0  useno.o ABSOLUTE
    __use_no_semihosting_swi                 0x00000000   Number         0  useno.o ABSOLUTE
    __use_no_signal_handling                 0x00000000   Number         0  useno.o ABSOLUTE
    _printf_a                                0x00000000   Number         0  stubs.o ABSOLUTE
    _printf_c                                0x00000000   Number         0  stubs.o ABSOLUTE
    _printf_charcount                        0x00000000   Number         0  stubs.o ABSOLUTE
    _printf_d                                0x00000000   Number         0  stubs.o ABSOLUTE
    _printf_e                                0x00000000   Number         0  stubs.o ABSOLUTE
    _printf_f                                0x00000000   Number         0  stubs.o ABSOLUTE
    _printf_flags                            0x00000000   Number         0  stubs.o ABSOLUTE
    _printf_fp_dec                           0x00000000   Number         0  stubs.o ABSOLUTE
    _printf_fp_hex                           0x00000000   Number         0  stubs.o ABSOLUTE
    _printf_g                                0x00000000   Number         0  stubs.o ABSOLUTE
    _printf_i                                0x00000000   Number         0  stubs.o ABSOLUTE
    _printf_int_dec                          0x00000000   Number         0  stubs.o ABSOLUTE
    _printf_l                                0x00000000   Number         0  stubs.o ABSOLUTE
    _printf_lc                               0x00000000   Number         0  stubs.o ABSOLUTE
    _printf_ll                               0x00000000   Number         0  stubs.o ABSOLUTE
    _printf_lld                              0x00000000   Number         0  stubs.o ABSOLUTE
    _printf_lli                              0x00000000   Number         0  stubs.o ABSOLUTE
    _printf_llo                              0x00000000   Number         0  stubs.o ABSOLUTE
    _printf_llu                              0x00000000   Number         0  stubs.o ABSOLUTE
    _printf_llx                              0x00000000   Number         0  stubs.o ABSOLUTE
    _printf_longlong_dec                     0x00000000   Number         0  stubs.o ABSOLUTE
    _printf_longlong_hex                     0x00000000   Number         0  stubs.o ABSOLUTE
    _printf_longlong_oct                     0x00000000   Number         0  stubs.o ABSOLUTE
    _printf_ls                               0x00000000   Number         0  stubs.o ABSOLUTE
    _printf_mbtowc                           0x00000000   Number         0  stubs.o ABSOLUTE
    _printf_n                                0x00000000   Number         0  stubs.o ABSOLUTE
    _printf_o                                0x00000000   Number         0  stubs.o ABSOLUTE
    _printf_p                                0x00000000   Number         0  stubs.o ABSOLUTE
    _printf_percent                          0x00000000   Number         0  stubs.o ABSOLUTE
    _printf_pre_padding                      0x00000000   Number         0  stubs.o ABSOLUTE
    _printf_return_value                     0x00000000   Number         0  stubs.o ABSOLUTE
    _printf_s                                0x00000000   Number         0  stubs.o ABSOLUTE
    _printf_sizespec                         0x00000000   Number         0  stubs.o ABSOLUTE
    _printf_str                              0x00000000   Number         0  stubs.o ABSOLUTE
    _printf_truncate_signed                  0x00000000   Number         0  stubs.o ABSOLUTE
    _printf_truncate_unsigned                0x00000000   Number         0  stubs.o ABSOLUTE
    _printf_u                                0x00000000   Number         0  stubs.o ABSOLUTE
    _printf_wc                               0x00000000   Number         0  stubs.o ABSOLUTE
    _printf_wctomb                           0x00000000   Number         0  stubs.o ABSOLUTE
    _printf_widthprec                        0x00000000   Number         0  stubs.o ABSOLUTE
    _printf_x                                0x00000000   Number         0  stubs.o ABSOLUTE
    __arm_fini_                               - Undefined Weak Reference
    __cpp_initialize__aeabi_                  - Undefined Weak Reference
    __cxa_finalize                            - Undefined Weak Reference
    __decompress                              - Undefined Weak Reference
    _clock_init                               - Undefined Weak Reference
    _microlib_exit                            - Undefined Weak Reference
    __Vectors_Size                           0x00000188   Number         0  startup_stm32f407xx.o ABSOLUTE
    __Vectors                                0x08010000   Data           4  startup_stm32f407xx.o(RESET)
    __Vectors_End                            0x08010188   Data           0  startup_stm32f407xx.o(RESET)
    __main                                   0x08010189   Thumb Code     0  entry.o(.ARM.Collect$$$$00000000)
    _main_stk                                0x08010189   Thumb Code     0  entry2.o(.ARM.Collect$$$$00000001)
    _main_scatterload                        0x0801018d   Thumb Code     0  entry5.o(.ARM.Collect$$$$00000004)
    __main_after_scatterload                 0x08010191   Thumb Code     0  entry5.o(.ARM.Collect$$$$00000004)
    _main_clock                              0x08010191   Thumb Code     0  entry7b.o(.ARM.Collect$$$$00000008)
    _main_cpp_init                           0x08010191   Thumb Code     0  entry8b.o(.ARM.Collect$$$$0000000A)
    _main_init                               0x08010191   Thumb Code     0  entry9a.o(.ARM.Collect$$$$0000000B)
    __rt_lib_shutdown_fini                   0x08010199   Thumb Code     0  entry12b.o(.ARM.Collect$$$$0000000E)
    __rt_final_cpp                           0x0801019d   Thumb Code     0  entry10a.o(.ARM.Collect$$$$0000000F)
    __rt_final_exit                          0x0801019d   Thumb Code     0  entry11a.o(.ARM.Collect$$$$00000011)
    Reset_Handler                            0x080101a1   Thumb Code     8  startup_stm32f407xx.o(.text)
    ADC_IRQHandler                           0x080101bb   Thumb Code     0  startup_stm32f407xx.o(.text)
    CAN1_RX0_IRQHandler                      0x080101bb   Thumb Code     0  startup_stm32f407xx.o(.text)
    CAN1_RX1_IRQHandler                      0x080101bb   Thumb Code     0  startup_stm32f407xx.o(.text)
    CAN1_SCE_IRQHandler                      0x080101bb   Thumb Code     0  startup_stm32f407xx.o(.text)
    CAN1_TX_IRQHandler                       0x080101bb   Thumb Code     0  startup_stm32f407xx.o(.text)
    CAN2_RX0_IRQHandler                      0x080101bb   Thumb Code     0  startup_stm32f407xx.o(.text)
    CAN2_RX1_IRQHandler                      0x080101bb   Thumb Code     0  startup_stm32f407xx.o(.text)
    CAN2_SCE_IRQHandler                      0x080101bb   Thumb Code     0  startup_stm32f407xx.o(.text)
    CAN2_TX_IRQHandler                       0x080101bb   Thumb Code     0  startup_stm32f407xx.o(.text)
    DCMI_IRQHandler                          0x080101bb   Thumb Code     0  startup_stm32f407xx.o(.text)
    DMA1_Stream0_IRQHandler                  0x080101bb   Thumb Code     0  startup_stm32f407xx.o(.text)
    DMA1_Stream1_IRQHandler                  0x080101bb   Thumb Code     0  startup_stm32f407xx.o(.text)
    DMA1_Stream2_IRQHandler                  0x080101bb   Thumb Code     0  startup_stm32f407xx.o(.text)
    DMA1_Stream3_IRQHandler                  0x080101bb   Thumb Code     0  startup_stm32f407xx.o(.text)
    DMA1_Stream4_IRQHandler                  0x080101bb   Thumb Code     0  startup_stm32f407xx.o(.text)
    DMA1_Stream5_IRQHandler                  0x080101bb   Thumb Code     0  startup_stm32f407xx.o(.text)
    DMA1_Stream6_IRQHandler                  0x080101bb   Thumb Code     0  startup_stm32f407xx.o(.text)
    DMA1_Stream7_IRQHandler                  0x080101bb   Thumb Code     0  startup_stm32f407xx.o(.text)
    DMA2_Stream0_IRQHandler                  0x080101bb   Thumb Code     0  startup_stm32f407xx.o(.text)
    DMA2_Stream1_IRQHandler                  0x080101bb   Thumb Code     0  startup_stm32f407xx.o(.text)
    DMA2_Stream2_IRQHandler                  0x080101bb   Thumb Code     0  startup_stm32f407xx.o(.text)
    DMA2_Stream3_IRQHandler                  0x080101bb   Thumb Code     0  startup_stm32f407xx.o(.text)
    DMA2_Stream4_IRQHandler                  0x080101bb   Thumb Code     0  startup_stm32f407xx.o(.text)
    DMA2_Stream5_IRQHandler                  0x080101bb   Thumb Code     0  startup_stm32f407xx.o(.text)
    DMA2_Stream6_IRQHandler                  0x080101bb   Thumb Code     0  startup_stm32f407xx.o(.text)
    DMA2_Stream7_IRQHandler                  0x080101bb   Thumb Code     0  startup_stm32f407xx.o(.text)
    ETH_IRQHandler                           0x080101bb   Thumb Code     0  startup_stm32f407xx.o(.text)
    ETH_WKUP_IRQHandler                      0x080101bb   Thumb Code     0  startup_stm32f407xx.o(.text)
    EXTI0_IRQHandler                         0x080101bb   Thumb Code     0  startup_stm32f407xx.o(.text)
    EXTI15_10_IRQHandler                     0x080101bb   Thumb Code     0  startup_stm32f407xx.o(.text)
    EXTI1_IRQHandler                         0x080101bb   Thumb Code     0  startup_stm32f407xx.o(.text)
    EXTI2_IRQHandler                         0x080101bb   Thumb Code     0  startup_stm32f407xx.o(.text)
    EXTI3_IRQHandler                         0x080101bb   Thumb Code     0  startup_stm32f407xx.o(.text)
    EXTI4_IRQHandler                         0x080101bb   Thumb Code     0  startup_stm32f407xx.o(.text)
    EXTI9_5_IRQHandler                       0x080101bb   Thumb Code     0  startup_stm32f407xx.o(.text)
    FLASH_IRQHandler                         0x080101bb   Thumb Code     0  startup_stm32f407xx.o(.text)
    FMC_IRQHandler                           0x080101bb   Thumb Code     0  startup_stm32f407xx.o(.text)
    FPU_IRQHandler                           0x080101bb   Thumb Code     0  startup_stm32f407xx.o(.text)
    HASH_RNG_IRQHandler                      0x080101bb   Thumb Code     0  startup_stm32f407xx.o(.text)
    I2C1_ER_IRQHandler                       0x080101bb   Thumb Code     0  startup_stm32f407xx.o(.text)
    I2C1_EV_IRQHandler                       0x080101bb   Thumb Code     0  startup_stm32f407xx.o(.text)
    I2C2_ER_IRQHandler                       0x080101bb   Thumb Code     0  startup_stm32f407xx.o(.text)
    I2C2_EV_IRQHandler                       0x080101bb   Thumb Code     0  startup_stm32f407xx.o(.text)
    I2C3_ER_IRQHandler                       0x080101bb   Thumb Code     0  startup_stm32f407xx.o(.text)
    I2C3_EV_IRQHandler                       0x080101bb   Thumb Code     0  startup_stm32f407xx.o(.text)
    OTG_FS_IRQHandler                        0x080101bb   Thumb Code     0  startup_stm32f407xx.o(.text)
    OTG_FS_WKUP_IRQHandler                   0x080101bb   Thumb Code     0  startup_stm32f407xx.o(.text)
    OTG_HS_EP1_IN_IRQHandler                 0x080101bb   Thumb Code     0  startup_stm32f407xx.o(.text)
    OTG_HS_EP1_OUT_IRQHandler                0x080101bb   Thumb Code     0  startup_stm32f407xx.o(.text)
    OTG_HS_IRQHandler                        0x080101bb   Thumb Code     0  startup_stm32f407xx.o(.text)
    OTG_HS_WKUP_IRQHandler                   0x080101bb   Thumb Code     0  startup_stm32f407xx.o(.text)
    PVD_IRQHandler                           0x080101bb   Thumb Code     0  startup_stm32f407xx.o(.text)
    RCC_IRQHandler                           0x080101bb   Thumb Code     0  startup_stm32f407xx.o(.text)
    RTC_Alarm_IRQHandler                     0x080101bb   Thumb Code     0  startup_stm32f407xx.o(.text)
    RTC_WKUP_IRQHandler                      0x080101bb   Thumb Code     0  startup_stm32f407xx.o(.text)
    SDIO_IRQHandler                          0x080101bb   Thumb Code     0  startup_stm32f407xx.o(.text)
    SPI1_IRQHandler                          0x080101bb   Thumb Code     0  startup_stm32f407xx.o(.text)
    SPI2_IRQHandler                          0x080101bb   Thumb Code     0  startup_stm32f407xx.o(.text)
    SPI3_IRQHandler                          0x080101bb   Thumb Code     0  startup_stm32f407xx.o(.text)
    TAMP_STAMP_IRQHandler                    0x080101bb   Thumb Code     0  startup_stm32f407xx.o(.text)
    TIM1_BRK_TIM9_IRQHandler                 0x080101bb   Thumb Code     0  startup_stm32f407xx.o(.text)
    TIM1_CC_IRQHandler                       0x080101bb   Thumb Code     0  startup_stm32f407xx.o(.text)
    TIM1_TRG_COM_TIM11_IRQHandler            0x080101bb   Thumb Code     0  startup_stm32f407xx.o(.text)
    TIM1_UP_TIM10_IRQHandler                 0x080101bb   Thumb Code     0  startup_stm32f407xx.o(.text)
    TIM2_IRQHandler                          0x080101bb   Thumb Code     0  startup_stm32f407xx.o(.text)
    TIM3_IRQHandler                          0x080101bb   Thumb Code     0  startup_stm32f407xx.o(.text)
    TIM4_IRQHandler                          0x080101bb   Thumb Code     0  startup_stm32f407xx.o(.text)
    TIM5_IRQHandler                          0x080101bb   Thumb Code     0  startup_stm32f407xx.o(.text)
    TIM6_DAC_IRQHandler                      0x080101bb   Thumb Code     0  startup_stm32f407xx.o(.text)
    TIM7_IRQHandler                          0x080101bb   Thumb Code     0  startup_stm32f407xx.o(.text)
    TIM8_BRK_TIM12_IRQHandler                0x080101bb   Thumb Code     0  startup_stm32f407xx.o(.text)
    TIM8_CC_IRQHandler                       0x080101bb   Thumb Code     0  startup_stm32f407xx.o(.text)
    TIM8_TRG_COM_TIM14_IRQHandler            0x080101bb   Thumb Code     0  startup_stm32f407xx.o(.text)
    TIM8_UP_TIM13_IRQHandler                 0x080101bb   Thumb Code     0  startup_stm32f407xx.o(.text)
    UART4_IRQHandler                         0x080101bb   Thumb Code     0  startup_stm32f407xx.o(.text)
    UART5_IRQHandler                         0x080101bb   Thumb Code     0  startup_stm32f407xx.o(.text)
    USART2_IRQHandler                        0x080101bb   Thumb Code     0  startup_stm32f407xx.o(.text)
    USART3_IRQHandler                        0x080101bb   Thumb Code     0  startup_stm32f407xx.o(.text)
    USART6_IRQHandler                        0x080101bb   Thumb Code     0  startup_stm32f407xx.o(.text)
    WWDG_IRQHandler                          0x080101bb   Thumb Code     0  startup_stm32f407xx.o(.text)
    __aeabi_uldivmod                         0x080101c5   Thumb Code    98  uldiv.o(.text)
    __aeabi_memset                           0x08010227   Thumb Code    14  memseta.o(.text)
    __aeabi_memset4                          0x08010227   Thumb Code     0  memseta.o(.text)
    __aeabi_memset8                          0x08010227   Thumb Code     0  memseta.o(.text)
    __aeabi_memclr                           0x08010235   Thumb Code     4  memseta.o(.text)
    __aeabi_memclr4                          0x08010235   Thumb Code     0  memseta.o(.text)
    __aeabi_memclr8                          0x08010235   Thumb Code     0  memseta.o(.text)
    _memset$wrapper                          0x08010239   Thumb Code    18  memseta.o(.text)
    __aeabi_dmul                             0x0801024b   Thumb Code   228  dmul.o(.text)
    __aeabi_ui2d                             0x0801032f   Thumb Code    26  dfltui.o(.text)
    __aeabi_d2uiz                            0x08010349   Thumb Code    50  dfixui.o(.text)
    __aeabi_uidiv                            0x0801037b   Thumb Code     0  uidiv.o(.text)
    __aeabi_uidivmod                         0x0801037b   Thumb Code    44  uidiv.o(.text)
    __aeabi_llsl                             0x080103a7   Thumb Code    30  llshl.o(.text)
    _ll_shift_l                              0x080103a7   Thumb Code     0  llshl.o(.text)
    __aeabi_llsr                             0x080103c5   Thumb Code    32  llushr.o(.text)
    _ll_ushift_r                             0x080103c5   Thumb Code     0  llushr.o(.text)
    __I$use$fp                               0x080103e5   Thumb Code     0  iusefp.o(.text)
    _double_round                            0x080103e5   Thumb Code    30  depilogue.o(.text)
    _double_epilogue                         0x08010403   Thumb Code   156  depilogue.o(.text)
    __scatterload                            0x080104a1   Thumb Code    28  init.o(.text)
    __scatterload_rt2                        0x080104a1   Thumb Code     0  init.o(.text)
    BusFault_Handler                         0x080104c5   Thumb Code     4  stm32f4xx_it.o(i.BusFault_Handler)
    DebugMon_Handler                         0x080104c9   Thumb Code     2  stm32f4xx_it.o(i.DebugMon_Handler)
    Error_Handler                            0x080104cb   Thumb Code     6  main.o(i.Error_Handler)
    FSMC_NORSRAM_Extended_Timing_Init        0x080104d1   Thumb Code    62  stm32f4xx_ll_fsmc.o(i.FSMC_NORSRAM_Extended_Timing_Init)
    FSMC_NORSRAM_Init                        0x08010515   Thumb Code   116  stm32f4xx_ll_fsmc.o(i.FSMC_NORSRAM_Init)
    FSMC_NORSRAM_Timing_Init                 0x0801058d   Thumb Code    66  stm32f4xx_ll_fsmc.o(i.FSMC_NORSRAM_Timing_Init)
    HAL_GPIO_Init                            0x080106a1   Thumb Code   454  stm32f4xx_hal_gpio.o(i.HAL_GPIO_Init)
    HAL_GPIO_ReadPin                         0x08010895   Thumb Code    16  stm32f4xx_hal_gpio.o(i.HAL_GPIO_ReadPin)
    HAL_GPIO_TogglePin                       0x080108a5   Thumb Code    20  stm32f4xx_hal_gpio.o(i.HAL_GPIO_TogglePin)
    HAL_GPIO_WritePin                        0x080108b9   Thumb Code    12  stm32f4xx_hal_gpio.o(i.HAL_GPIO_WritePin)
    HAL_GetTick                              0x080108c5   Thumb Code     6  stm32f4xx_hal.o(i.HAL_GetTick)
    HAL_Init                                 0x080108d1   Thumb Code    54  stm32f4xx_hal.o(i.HAL_Init)
    HAL_InitTick                             0x0801090d   Thumb Code    64  stm32f4xx_hal.o(i.HAL_InitTick)
    HAL_MspInit                              0x08010959   Thumb Code    68  stm32f4xx_hal_msp.o(i.HAL_MspInit)
    HAL_NVIC_EnableIRQ                       0x080109a1   Thumb Code    40  stm32f4xx_hal_cortex.o(i.HAL_NVIC_EnableIRQ)
    HAL_NVIC_SetPriority                     0x080109c9   Thumb Code   124  stm32f4xx_hal_cortex.o(i.HAL_NVIC_SetPriority)
    HAL_NVIC_SetPriorityGrouping             0x08010a45   Thumb Code    32  stm32f4xx_hal_cortex.o(i.HAL_NVIC_SetPriorityGrouping)
    HAL_RCCEx_PeriphCLKConfig                0x08010a6d   Thumb Code   396  stm32f4xx_hal_rcc_ex.o(i.HAL_RCCEx_PeriphCLKConfig)
    HAL_RCC_ClockConfig                      0x08010c0d   Thumb Code   368  stm32f4xx_hal_rcc.o(i.HAL_RCC_ClockConfig)
    HAL_RCC_GetHCLKFreq                      0x08010d91   Thumb Code     6  stm32f4xx_hal_rcc.o(i.HAL_RCC_GetHCLKFreq)
    HAL_RCC_GetPCLK1Freq                     0x08010d9d   Thumb Code    22  stm32f4xx_hal_rcc.o(i.HAL_RCC_GetPCLK1Freq)
    HAL_RCC_GetPCLK2Freq                     0x08010dbd   Thumb Code    22  stm32f4xx_hal_rcc.o(i.HAL_RCC_GetPCLK2Freq)
    HAL_RCC_GetSysClockFreq                  0x08010ddd   Thumb Code   162  stm32f4xx_hal_rcc.o(i.HAL_RCC_GetSysClockFreq)
    HAL_RCC_OscConfig                        0x08010e8d   Thumb Code  1172  stm32f4xx_hal_rcc.o(i.HAL_RCC_OscConfig)
    HAL_RTC_GetDate                          0x08011329   Thumb Code    72  stm32f4xx_hal_rtc.o(i.HAL_RTC_GetDate)
    HAL_RTC_GetTime                          0x08011375   Thumb Code    88  stm32f4xx_hal_rtc.o(i.HAL_RTC_GetTime)
    HAL_RTC_Init                             0x080113d1   Thumb Code   176  stm32f4xx_hal_rtc.o(i.HAL_RTC_Init)
    HAL_RTC_MspInit                          0x08011485   Thumb Code    50  stm32f4xx_hal_msp.o(i.HAL_RTC_MspInit)
    HAL_RTC_SetDate                          0x080114c1   Thumb Code   188  stm32f4xx_hal_rtc.o(i.HAL_RTC_SetDate)
    HAL_RTC_SetTime                          0x08011581   Thumb Code   230  stm32f4xx_hal_rtc.o(i.HAL_RTC_SetTime)
    HAL_RTC_WaitForSynchro                   0x0801166d   Thumb Code    52  stm32f4xx_hal_rtc.o(i.HAL_RTC_WaitForSynchro)
    HAL_SRAM_Init                            0x080116a5   Thumb Code    94  stm32f4xx_hal_sram.o(i.HAL_SRAM_Init)
    HAL_SRAM_MspInit                         0x08011703   Thumb Code    10  stm32f4xx_hal_msp.o(i.HAL_SRAM_MspInit)
    HAL_SYSTICK_CLKSourceConfig              0x0801170d   Thumb Code    40  stm32f4xx_hal_cortex.o(i.HAL_SYSTICK_CLKSourceConfig)
    HAL_SYSTICK_Config                       0x08011735   Thumb Code    52  stm32f4xx_hal_cortex.o(i.HAL_SYSTICK_Config)
    HAL_UART_Init                            0x08011769   Thumb Code   118  stm32f4xx_hal_uart.o(i.HAL_UART_Init)
    HAL_UART_MspInit                         0x080117e1   Thumb Code   140  stm32f4xx_hal_msp.o(i.HAL_UART_MspInit)
    HAL_UART_Receive                         0x08011879   Thumb Code   194  stm32f4xx_hal_uart.o(i.HAL_UART_Receive)
    HardFault_Handler                        0x0801193b   Thumb Code     4  stm32f4xx_it.o(i.HardFault_Handler)
    Key_Scan                                 0x08011941   Thumb Code   150  bsp_key.o(i.Key_Scan)
    LCD_Clear                                0x080119e5   Thumb Code    42  drv_lcd.o(i.LCD_Clear)
    LCD_Display_Dir                          0x08011a19   Thumb Code   298  drv_lcd.o(i.LCD_Display_Dir)
    LCD_Fast_DrawPoint                       0x08011b49   Thumb Code   236  drv_lcd.o(i.LCD_Fast_DrawPoint)
    LCD_RD_DATA                              0x08011c3d   Thumb Code    14  drv_lcd.o(i.LCD_RD_DATA)
    LCD_SSD_BackLightSet                     0x08011c51   Thumb Code    88  drv_lcd.o(i.LCD_SSD_BackLightSet)
    LCD_Scan_Dir                             0x08011cb1   Thumb Code   560  drv_lcd.o(i.LCD_Scan_Dir)
    LCD_SetCursor                            0x08011ee5   Thumb Code   282  drv_lcd.o(i.LCD_SetCursor)
    LCD_ShowChar                             0x08012005   Thumb Code   288  drv_lcd.o(i.LCD_ShowChar)
    LCD_ShowString                           0x08012141   Thumb Code   102  drv_lcd.o(i.LCD_ShowString)
    LCD_WR_DATA                              0x080121a9   Thumb Code    18  drv_lcd.o(i.LCD_WR_DATA)
    LCD_WR_REG                               0x080121c1   Thumb Code    18  drv_lcd.o(i.LCD_WR_REG)
    LCD_WriteRAM_Prepare                     0x080121d9   Thumb Code    10  drv_lcd.o(i.LCD_WriteRAM_Prepare)
    LCD_WriteReg                             0x080121ed   Thumb Code    14  drv_lcd.o(i.LCD_WriteReg)
    MemManage_Handler                        0x080124cd   Thumb Code     4  stm32f4xx_it.o(i.MemManage_Handler)
    NMI_Handler                              0x080124d1   Thumb Code     4  stm32f4xx_it.o(i.NMI_Handler)
    PendSV_Handler                           0x080124d5   Thumb Code     2  stm32f4xx_it.o(i.PendSV_Handler)
    RTC_Bcd2ToByte                           0x080124d7   Thumb Code    22  stm32f4xx_hal_rtc.o(i.RTC_Bcd2ToByte)
    RTC_ByteToBcd2                           0x080124ed   Thumb Code    26  stm32f4xx_hal_rtc.o(i.RTC_ByteToBcd2)
    RTC_EnterInitMode                        0x08012507   Thumb Code    74  stm32f4xx_hal_rtc.o(i.RTC_EnterInitMode)
    RTC_ExitInitMode                         0x08012551   Thumb Code    46  stm32f4xx_hal_rtc.o(i.RTC_ExitInitMode)
    SVC_Handler                              0x0801257f   Thumb Code     2  stm32f4xx_it.o(i.SVC_Handler)
    SysTick_Handler                          0x08012581   Thumb Code     2  stm32f4xx_it.o(i.SysTick_Handler)
    SystemClock_Config                       0x08012585   Thumb Code   176  main.o(i.SystemClock_Config)
    SystemInit                               0x0801263d   Thumb Code    14  system_stm32f4xx.o(i.SystemInit)
    USART1_IRQHandler                        0x08012975   Thumb Code     8  stm32f4xx_it.o(i.USART1_IRQHandler)
    UsageFault_Handler                       0x0801297d   Thumb Code     4  stm32f4xx_it.o(i.UsageFault_Handler)
    __0sprintf$6                             0x08012981   Thumb Code    34  printf6.o(i.__0sprintf$6)
    __1sprintf$6                             0x08012981   Thumb Code     0  printf6.o(i.__0sprintf$6)
    __2sprintf                               0x08012981   Thumb Code     0  printf6.o(i.__0sprintf$6)
    __scatterload_copy                       0x080129e1   Thumb Code    14  handlers.o(i.__scatterload_copy)
    __scatterload_null                       0x080129ef   Thumb Code     2  handlers.o(i.__scatterload_null)
    __scatterload_zeroinit                   0x080129f1   Thumb Code    14  handlers.o(i.__scatterload_zeroinit)
    bsp_systick_init                         0x08012d4d   Thumb Code    16  system.o(i.bsp_systick_init)
    bsp_uart1_init                           0x08012d61   Thumb Code    18  bsp_uart.o(i.bsp_uart1_init)
    delay_ms                                 0x08012d79   Thumb Code    26  system.o(i.delay_ms)
    delay_us                                 0x08012d95   Thumb Code    68  system.o(i.delay_us)
    drv_LCD_Init                             0x08012ddd   Thumb Code  9732  drv_lcd.o(i.drv_LCD_Init)
    key_delay                                0x080153ed   Thumb Code    32  bsp_key.o(i.key_delay)
    main                                     0x0801540d   Thumb Code   434  main.o(i.main)
    uart1_Rx_handler                         0x0801567d   Thumb Code    62  bsp_uart.o(i.uart1_Rx_handler)
    AHBPrescTable                            0x080156c8   Data          16  system_stm32f4xx.o(.constdata)
    APBPrescTable                            0x080156d8   Data           8  system_stm32f4xx.o(.constdata)
    asc2_1295                                0x080156e0   Data        1140  drv_lcd.o(.constdata)
    asc2_1695                                0x08015b54   Data        1520  drv_lcd.o(.constdata)
    asc2_3695                                0x08016144   Data        3420  drv_lcd.o(.constdata)
    asc2_12895                               0x08016ea0   Data       12160  drv_lcd.o(.constdata)
    Region$$Table$$Base                      0x08019e20   Number         0  anon$$obj.o(Region$$Table)
    Region$$Table$$Limit                     0x08019e40   Number         0  anon$$obj.o(Region$$Table)
    uwTick                                   0x20000008   Data           4  stm32f4xx_hal.o(.data)
    uwTickPrio                               0x2000000c   Data           4  stm32f4xx_hal.o(.data)
    uwTickFreq                               0x20000010   Data           1  stm32f4xx_hal.o(.data)
    SystemCoreClock                          0x20000014   Data           4  system_stm32f4xx.o(.data)
    POINT_COLOR                              0x2000001c   Data           4  drv_lcd.o(.data)
    BACK_COLOR                               0x20000020   Data           4  drv_lcd.o(.data)
    __stdout                                 0x20000024   Data           4  bsp_uart.o(.data)
    USART_RX_STA                             0x20000028   Data           2  bsp_uart.o(.data)
    USART_RX_CNT                             0x2000002c   Data           4  bsp_uart.o(.data)
    hrtc                                     0x20000034   Data          32  main.o(.bss)
    huart1                                   0x20000054   Data          72  main.o(.bss)
    hsram1                                   0x2000009c   Data          80  main.o(.bss)
    lcddev                                   0x200000ec   Data          14  drv_lcd.o(.bss)
    __initial_sp                             0x20000500   Data           0  startup_stm32f407xx.o(STACK)
    USART_RX_BUF                             0x20001000   Data       122880  bsp_uart.o(.ARM.__AT_0x20001000)



==============================================================================

Memory Map of the image

  Image Entry point : 0x08010189

  Load Region LR_IROM1 (Base: 0x08010000, Size: 0x00009e74, Max: 0x000f0000, ABSOLUTE)

    Execution Region ER_IROM1 (Exec base: 0x08010000, Load base: 0x08010000, Size: 0x00009e40, Max: 0x000f0000, ABSOLUTE)

    Exec Addr    Load Addr    Size         Type   Attr      Idx    E Section Name        Object

    0x08010000   0x08010000   0x00000188   Data   RO            3    RESET               startup_stm32f407xx.o
    0x08010188   0x08010188   0x00000000   Code   RO         3010  * .ARM.Collect$$$$00000000  mc_w.l(entry.o)
    0x08010188   0x08010188   0x00000004   Code   RO         3284    .ARM.Collect$$$$00000001  mc_w.l(entry2.o)
    0x0801018c   0x0801018c   0x00000004   Code   RO         3287    .ARM.Collect$$$$00000004  mc_w.l(entry5.o)
    0x08010190   0x08010190   0x00000000   Code   RO         3289    .ARM.Collect$$$$00000008  mc_w.l(entry7b.o)
    0x08010190   0x08010190   0x00000000   Code   RO         3291    .ARM.Collect$$$$0000000A  mc_w.l(entry8b.o)
    0x08010190   0x08010190   0x00000008   Code   RO         3292    .ARM.Collect$$$$0000000B  mc_w.l(entry9a.o)
    0x08010198   0x08010198   0x00000004   Code   RO         3299    .ARM.Collect$$$$0000000E  mc_w.l(entry12b.o)
    0x0801019c   0x0801019c   0x00000000   Code   RO         3294    .ARM.Collect$$$$0000000F  mc_w.l(entry10a.o)
    0x0801019c   0x0801019c   0x00000000   Code   RO         3296    .ARM.Collect$$$$00000011  mc_w.l(entry11a.o)
    0x0801019c   0x0801019c   0x00000004   Code   RO         3285    .ARM.Collect$$$$00002712  mc_w.l(entry2.o)
    0x080101a0   0x080101a0   0x00000024   Code   RO            4    .text               startup_stm32f407xx.o
    0x080101c4   0x080101c4   0x00000062   Code   RO         3013    .text               mc_w.l(uldiv.o)
    0x08010226   0x08010226   0x00000024   Code   RO         3015    .text               mc_w.l(memseta.o)
    0x0801024a   0x0801024a   0x000000e4   Code   RO         3278    .text               mf_w.l(dmul.o)
    0x0801032e   0x0801032e   0x0000001a   Code   RO         3280    .text               mf_w.l(dfltui.o)
    0x08010348   0x08010348   0x00000032   Code   RO         3282    .text               mf_w.l(dfixui.o)
    0x0801037a   0x0801037a   0x0000002c   Code   RO         3300    .text               mc_w.l(uidiv.o)
    0x080103a6   0x080103a6   0x0000001e   Code   RO         3302    .text               mc_w.l(llshl.o)
    0x080103c4   0x080103c4   0x00000020   Code   RO         3304    .text               mc_w.l(llushr.o)
    0x080103e4   0x080103e4   0x00000000   Code   RO         3306    .text               mc_w.l(iusefp.o)
    0x080103e4   0x080103e4   0x000000ba   Code   RO         3307    .text               mf_w.l(depilogue.o)
    0x0801049e   0x0801049e   0x00000002   PAD
    0x080104a0   0x080104a0   0x00000024   Code   RO         3317    .text               mc_w.l(init.o)
    0x080104c4   0x080104c4   0x00000004   Code   RO          202    i.BusFault_Handler  stm32f4xx_it.o
    0x080104c8   0x080104c8   0x00000002   Code   RO          203    i.DebugMon_Handler  stm32f4xx_it.o
    0x080104ca   0x080104ca   0x00000006   Code   RO           13    i.Error_Handler     main.o
    0x080104d0   0x080104d0   0x00000044   Code   RO          364    i.FSMC_NORSRAM_Extended_Timing_Init  stm32f4xx_ll_fsmc.o
    0x08010514   0x08010514   0x00000078   Code   RO          365    i.FSMC_NORSRAM_Init  stm32f4xx_ll_fsmc.o
    0x0801058c   0x0801058c   0x00000042   Code   RO          366    i.FSMC_NORSRAM_Timing_Init  stm32f4xx_ll_fsmc.o
    0x080105ce   0x080105ce   0x00000002   PAD
    0x080105d0   0x080105d0   0x000000d0   Code   RO          285    i.HAL_FSMC_MspInit  stm32f4xx_hal_msp.o
    0x080106a0   0x080106a0   0x000001f4   Code   RO          882    i.HAL_GPIO_Init     stm32f4xx_hal_gpio.o
    0x08010894   0x08010894   0x00000010   Code   RO          884    i.HAL_GPIO_ReadPin  stm32f4xx_hal_gpio.o
    0x080108a4   0x080108a4   0x00000014   Code   RO          885    i.HAL_GPIO_TogglePin  stm32f4xx_hal_gpio.o
    0x080108b8   0x080108b8   0x0000000c   Code   RO          886    i.HAL_GPIO_WritePin  stm32f4xx_hal_gpio.o
    0x080108c4   0x080108c4   0x0000000c   Code   RO         1437    i.HAL_GetTick       stm32f4xx_hal.o
    0x080108d0   0x080108d0   0x0000003c   Code   RO         1444    i.HAL_Init          stm32f4xx_hal.o
    0x0801090c   0x0801090c   0x0000004c   Code   RO         1445    i.HAL_InitTick      stm32f4xx_hal.o
    0x08010958   0x08010958   0x00000048   Code   RO          286    i.HAL_MspInit       stm32f4xx_hal_msp.o
    0x080109a0   0x080109a0   0x00000028   Code   RO         1274    i.HAL_NVIC_EnableIRQ  stm32f4xx_hal_cortex.o
    0x080109c8   0x080109c8   0x0000007c   Code   RO         1280    i.HAL_NVIC_SetPriority  stm32f4xx_hal_cortex.o
    0x08010a44   0x08010a44   0x00000028   Code   RO         1281    i.HAL_NVIC_SetPriorityGrouping  stm32f4xx_hal_cortex.o
    0x08010a6c   0x08010a6c   0x000001a0   Code   RO          588    i.HAL_RCCEx_PeriphCLKConfig  stm32f4xx_hal_rcc_ex.o
    0x08010c0c   0x08010c0c   0x00000184   Code   RO          483    i.HAL_RCC_ClockConfig  stm32f4xx_hal_rcc.o
    0x08010d90   0x08010d90   0x0000000c   Code   RO          488    i.HAL_RCC_GetHCLKFreq  stm32f4xx_hal_rcc.o
    0x08010d9c   0x08010d9c   0x00000020   Code   RO          490    i.HAL_RCC_GetPCLK1Freq  stm32f4xx_hal_rcc.o
    0x08010dbc   0x08010dbc   0x00000020   Code   RO          491    i.HAL_RCC_GetPCLK2Freq  stm32f4xx_hal_rcc.o
    0x08010ddc   0x08010ddc   0x000000b0   Code   RO          492    i.HAL_RCC_GetSysClockFreq  stm32f4xx_hal_rcc.o
    0x08010e8c   0x08010e8c   0x0000049c   Code   RO          495    i.HAL_RCC_OscConfig  stm32f4xx_hal_rcc.o
    0x08011328   0x08011328   0x0000004c   Code   RO         1827    i.HAL_RTC_GetDate   stm32f4xx_hal_rtc.o
    0x08011374   0x08011374   0x0000005c   Code   RO         1829    i.HAL_RTC_GetTime   stm32f4xx_hal_rtc.o
    0x080113d0   0x080113d0   0x000000b4   Code   RO         1830    i.HAL_RTC_Init      stm32f4xx_hal_rtc.o
    0x08011484   0x08011484   0x0000003c   Code   RO          288    i.HAL_RTC_MspInit   stm32f4xx_hal_msp.o
    0x080114c0   0x080114c0   0x000000c0   Code   RO         1836    i.HAL_RTC_SetDate   stm32f4xx_hal_rtc.o
    0x08011580   0x08011580   0x000000ec   Code   RO         1837    i.HAL_RTC_SetTime   stm32f4xx_hal_rtc.o
    0x0801166c   0x0801166c   0x00000038   Code   RO         1838    i.HAL_RTC_WaitForSynchro  stm32f4xx_hal_rtc.o
    0x080116a4   0x080116a4   0x0000005e   Code   RO         1686    i.HAL_SRAM_Init     stm32f4xx_hal_sram.o
    0x08011702   0x08011702   0x0000000a   Code   RO          290    i.HAL_SRAM_MspInit  stm32f4xx_hal_msp.o
    0x0801170c   0x0801170c   0x00000028   Code   RO         1283    i.HAL_SYSTICK_CLKSourceConfig  stm32f4xx_hal_cortex.o
    0x08011734   0x08011734   0x00000034   Code   RO         1285    i.HAL_SYSTICK_Config  stm32f4xx_hal_cortex.o
    0x08011768   0x08011768   0x00000076   Code   RO         2285    i.HAL_UART_Init     stm32f4xx_hal_uart.o
    0x080117de   0x080117de   0x00000002   PAD
    0x080117e0   0x080117e0   0x00000098   Code   RO          292    i.HAL_UART_MspInit  stm32f4xx_hal_msp.o
    0x08011878   0x08011878   0x000000c2   Code   RO         2288    i.HAL_UART_Receive  stm32f4xx_hal_uart.o
    0x0801193a   0x0801193a   0x00000004   Code   RO          204    i.HardFault_Handler  stm32f4xx_it.o
    0x0801193e   0x0801193e   0x00000002   PAD
    0x08011940   0x08011940   0x000000a4   Code   RO         2665    i.Key_Scan          bsp_key.o
    0x080119e4   0x080119e4   0x00000034   Code   RO         2700    i.LCD_Clear         drv_lcd.o
    0x08011a18   0x08011a18   0x00000130   Code   RO         2704    i.LCD_Display_Dir   drv_lcd.o
    0x08011b48   0x08011b48   0x000000f4   Code   RO         2709    i.LCD_Fast_DrawPoint  drv_lcd.o
    0x08011c3c   0x08011c3c   0x00000014   Code   RO         2712    i.LCD_RD_DATA       drv_lcd.o
    0x08011c50   0x08011c50   0x00000060   Code   RO         2715    i.LCD_SSD_BackLightSet  drv_lcd.o
    0x08011cb0   0x08011cb0   0x00000234   Code   RO         2716    i.LCD_Scan_Dir      drv_lcd.o
    0x08011ee4   0x08011ee4   0x00000120   Code   RO         2717    i.LCD_SetCursor     drv_lcd.o
    0x08012004   0x08012004   0x0000013c   Code   RO         2719    i.LCD_ShowChar      drv_lcd.o
    0x08012140   0x08012140   0x00000066   Code   RO         2721    i.LCD_ShowString    drv_lcd.o
    0x080121a6   0x080121a6   0x00000002   PAD
    0x080121a8   0x080121a8   0x00000018   Code   RO         2723    i.LCD_WR_DATA       drv_lcd.o
    0x080121c0   0x080121c0   0x00000018   Code   RO         2724    i.LCD_WR_REG        drv_lcd.o
    0x080121d8   0x080121d8   0x00000014   Code   RO         2726    i.LCD_WriteRAM_Prepare  drv_lcd.o
    0x080121ec   0x080121ec   0x00000014   Code   RO         2727    i.LCD_WriteReg      drv_lcd.o
    0x08012200   0x08012200   0x0000007c   Code   RO           14    i.MX_FSMC_Init      main.o
    0x0801227c   0x0801227c   0x00000188   Code   RO           15    i.MX_GPIO_Init      main.o
    0x08012404   0x08012404   0x00000090   Code   RO           16    i.MX_RTC_Init       main.o
    0x08012494   0x08012494   0x00000038   Code   RO           17    i.MX_USART1_UART_Init  main.o
    0x080124cc   0x080124cc   0x00000004   Code   RO          205    i.MemManage_Handler  stm32f4xx_it.o
    0x080124d0   0x080124d0   0x00000004   Code   RO          206    i.NMI_Handler       stm32f4xx_it.o
    0x080124d4   0x080124d4   0x00000002   Code   RO          207    i.PendSV_Handler    stm32f4xx_it.o
    0x080124d6   0x080124d6   0x00000016   Code   RO         1839    i.RTC_Bcd2ToByte    stm32f4xx_hal_rtc.o
    0x080124ec   0x080124ec   0x0000001a   Code   RO         1840    i.RTC_ByteToBcd2    stm32f4xx_hal_rtc.o
    0x08012506   0x08012506   0x0000004a   Code   RO         1841    i.RTC_EnterInitMode  stm32f4xx_hal_rtc.o
    0x08012550   0x08012550   0x0000002e   Code   RO         1842    i.RTC_ExitInitMode  stm32f4xx_hal_rtc.o
    0x0801257e   0x0801257e   0x00000002   Code   RO          208    i.SVC_Handler       stm32f4xx_it.o
    0x08012580   0x08012580   0x00000002   Code   RO          209    i.SysTick_Handler   stm32f4xx_it.o
    0x08012582   0x08012582   0x00000002   PAD
    0x08012584   0x08012584   0x000000b8   Code   RO           18    i.SystemClock_Config  main.o
    0x0801263c   0x0801263c   0x00000014   Code   RO         2629    i.SystemInit        system_stm32f4xx.o
    0x08012650   0x08012650   0x0000006c   Code   RO         2308    i.UART_EndRxTransfer  stm32f4xx_hal_uart.o
    0x080126bc   0x080126bc   0x0000022c   Code   RO         2312    i.UART_SetConfig    stm32f4xx_hal_uart.o
    0x080128e8   0x080128e8   0x0000008c   Code   RO         2316    i.UART_WaitOnFlagUntilTimeout  stm32f4xx_hal_uart.o
    0x08012974   0x08012974   0x00000008   Code   RO          210    i.USART1_IRQHandler  stm32f4xx_it.o
    0x0801297c   0x0801297c   0x00000004   Code   RO          211    i.UsageFault_Handler  stm32f4xx_it.o
    0x08012980   0x08012980   0x00000028   Code   RO         3174    i.__0sprintf$6      mc_w.l(printf6.o)
    0x080129a8   0x080129a8   0x00000010   Code   RO         1287    i.__NVIC_GetPriorityGrouping  stm32f4xx_hal_cortex.o
    0x080129b8   0x080129b8   0x00000028   Code   RO         1288    i.__NVIC_SetPriority  stm32f4xx_hal_cortex.o
    0x080129e0   0x080129e0   0x0000000e   Code   RO         3323    i.__scatterload_copy  mc_w.l(handlers.o)
    0x080129ee   0x080129ee   0x00000002   Code   RO         3324    i.__scatterload_null  mc_w.l(handlers.o)
    0x080129f0   0x080129f0   0x0000000e   Code   RO         3325    i.__scatterload_zeroinit  mc_w.l(handlers.o)
    0x080129fe   0x080129fe   0x00000002   PAD
    0x08012a00   0x08012a00   0x000002f0   Code   RO         3179    i._printf_core      mc_w.l(printf6.o)
    0x08012cf0   0x08012cf0   0x00000024   Code   RO         3180    i._printf_post_padding  mc_w.l(printf6.o)
    0x08012d14   0x08012d14   0x0000002e   Code   RO         3181    i._printf_pre_padding  mc_w.l(printf6.o)
    0x08012d42   0x08012d42   0x0000000a   Code   RO         3183    i._sputc            mc_w.l(printf6.o)
    0x08012d4c   0x08012d4c   0x00000014   Code   RO         2969    i.bsp_systick_init  system.o
    0x08012d60   0x08012d60   0x00000018   Code   RO         2915    i.bsp_uart1_init    bsp_uart.o
    0x08012d78   0x08012d78   0x0000001a   Code   RO         2970    i.delay_ms          system.o
    0x08012d92   0x08012d92   0x00000002   PAD
    0x08012d94   0x08012d94   0x00000048   Code   RO         2971    i.delay_us          system.o
    0x08012ddc   0x08012ddc   0x00002610   Code   RO         2728    i.drv_LCD_Init      drv_lcd.o
    0x080153ec   0x080153ec   0x00000020   Code   RO         2666    i.key_delay         bsp_key.o
    0x0801540c   0x0801540c   0x00000270   Code   RO           19    i.main              main.o
    0x0801567c   0x0801567c   0x0000004c   Code   RO         2917    i.uart1_Rx_handler  bsp_uart.o
    0x080156c8   0x080156c8   0x00000018   Data   RO         2630    .constdata          system_stm32f4xx.o
    0x080156e0   0x080156e0   0x00004740   Data   RO         2731    .constdata          drv_lcd.o
    0x08019e20   0x08019e20   0x00000020   Data   RO         3321    Region$$Table       anon$$obj.o


    Execution Region RW_IRAM1 (Exec base: 0x20000000, Load base: 0x08019e40, Size: 0x0001f000, Max: 0x00020000, ABSOLUTE)

    Exec Addr    Load Addr    Size         Type   Attr      Idx    E Section Name        Object

    0x20000000   0x08019e40   0x00000008   Data   RW          293    .data               stm32f4xx_hal_msp.o
    0x20000008   0x08019e48   0x00000009   Data   RW         1451    .data               stm32f4xx_hal.o
    0x20000011   0x08019e51   0x00000003   PAD
    0x20000014   0x08019e54   0x00000004   Data   RW         2631    .data               system_stm32f4xx.o
    0x20000018   0x08019e58   0x00000001   Data   RW         2667    .data               bsp_key.o
    0x20000019   0x08019e59   0x00000003   PAD
    0x2000001c   0x08019e5c   0x00000008   Data   RW         2732    .data               drv_lcd.o
    0x20000024   0x08019e64   0x0000000c   Data   RW         2919    .data               bsp_uart.o
    0x20000030   0x08019e70   0x00000004   Data   RW         2972    .data               system.o
    0x20000034        -       0x000000b8   Zero   RW           20    .bss                main.o
    0x200000ec        -       0x0000000e   Zero   RW         2730    .bss                drv_lcd.o
    0x200000fa   0x08019e74   0x00000006   PAD
    0x20000100        -       0x00000400   Zero   RW            1    STACK               startup_stm32f407xx.o
    0x20000500   0x08019e74   0x00000b00   PAD
    0x20001000        -       0x0001e000   Zero   RW         2918    .ARM.__AT_0x20001000  bsp_uart.o


==============================================================================

Image component sizes


      Code (inc. data)   RO Data    RW Data    ZI Data      Debug   Object Name

       196         14          0          1          0       1179   bsp_key.o
       100         20          0         12     122880       2914   bsp_uart.o
     11818        146      18240          8         14      17336   drv_lcd.o
      1530        250          0          0        184     689925   main.o
        36          8        392          0       1024        836   startup_stm32f407xx.o
       148         24          0          9          0       8247   stm32f4xx_hal.o
       352         22          0          0          0      34961   stm32f4xx_hal_cortex.o
       548         46          0          0          0       3440   stm32f4xx_hal_gpio.o
       502         52          0          8          0       3726   stm32f4xx_hal_msp.o
      1820         84          0          0          0       5620   stm32f4xx_hal_rcc.o
       416         20          0          0          0       1408   stm32f4xx_hal_rcc_ex.o
      1000         26          0          0          0       8005   stm32f4xx_hal_rtc.o
        94          0          0          0          0       1220   stm32f4xx_hal_sram.o
      1116         10          0          0          0       4599   stm32f4xx_hal_uart.o
        36          0          0          0          0       4706   stm32f4xx_it.o
       254         10          0          0          0       3923   stm32f4xx_ll_fsmc.o
       118          8          0          4          0       2061   system.o
        20          6         24          4          0       1135   system_stm32f4xx.o

    ----------------------------------------------------------------------
     20116        746      18688         52     126924     795241   Object Totals
         0          0         32          0          0          0   (incl. Generated)
        12          0          0          6       2822          0   (incl. Padding)

    ----------------------------------------------------------------------

      Code (inc. data)   RO Data    RW Data    ZI Data      Debug   Library Member Name

         0          0          0          0          0          0   entry.o
         0          0          0          0          0          0   entry10a.o
         0          0          0          0          0          0   entry11a.o
         4          0          0          0          0          0   entry12b.o
         8          4          0          0          0          0   entry2.o
         4          0          0          0          0          0   entry5.o
         0          0          0          0          0          0   entry7b.o
         0          0          0          0          0          0   entry8b.o
         8          4          0          0          0          0   entry9a.o
        30          0          0          0          0          0   handlers.o
        36          8          0          0          0         68   init.o
         0          0          0          0          0          0   iusefp.o
        30          0          0          0          0         68   llshl.o
        32          0          0          0          0         68   llushr.o
        36          0          0          0          0        108   memseta.o
       884         10          0          0          0        420   printf6.o
        44          0          0          0          0         80   uidiv.o
        98          0          0          0          0         92   uldiv.o
       186          0          0          0          0        176   depilogue.o
        50          0          0          0          0         76   dfixui.o
        26          0          0          0          0         76   dfltui.o
       228          0          0          0          0         96   dmul.o

    ----------------------------------------------------------------------
      1708         26          0          0          0       1328   Library Totals
         4          0          0          0          0          0   (incl. Padding)

    ----------------------------------------------------------------------

      Code (inc. data)   RO Data    RW Data    ZI Data      Debug   Library Name

      1214         26          0          0          0        904   mc_w.l
       490          0          0          0          0        424   mf_w.l

    ----------------------------------------------------------------------
      1708         26          0          0          0       1328   Library Totals

    ----------------------------------------------------------------------

==============================================================================


      Code (inc. data)   RO Data    RW Data    ZI Data      Debug   

     21824        772      18688         52     126924     788497   Grand Totals
     21824        772      18688         52     126924     788497   ELF Image Totals
     21824        772      18688         52          0          0   ROM Totals

==============================================================================

    Total RO  Size (Code + RO Data)                40512 (  39.56kB)
    Total RW  Size (RW Data + ZI Data)            126976 ( 124.00kB)
    Total ROM Size (Code + RO Data + RW Data)      40564 (  39.61kB)

==============================================================================

