Component: ARM Compiler 5.06 update 7 (build 960) Tool: armlink [4d3601]

==============================================================================

Section Cross References

    startup_stm32f407xx.o(RESET) refers to startup_stm32f407xx.o(STACK) for __initial_sp
    startup_stm32f407xx.o(RESET) refers to startup_stm32f407xx.o(.text) for Reset_Handler
    startup_stm32f407xx.o(RESET) refers to stm32f4xx_it.o(i.NMI_Handler) for NMI_Handler
    startup_stm32f407xx.o(RESET) refers to stm32f4xx_it.o(i.HardFault_Handler) for HardFault_Handler
    startup_stm32f407xx.o(RESET) refers to stm32f4xx_it.o(i.MemManage_Handler) for MemManage_Handler
    startup_stm32f407xx.o(RESET) refers to stm32f4xx_it.o(i.BusFault_Handler) for BusFault_Handler
    startup_stm32f407xx.o(RESET) refers to stm32f4xx_it.o(i.UsageFault_Handler) for UsageFault_Handler
    startup_stm32f407xx.o(RESET) refers to stm32f4xx_it.o(i.SVC_Handler) for SVC_Handler
    startup_stm32f407xx.o(RESET) refers to stm32f4xx_it.o(i.DebugMon_Handler) for DebugMon_Handler
    startup_stm32f407xx.o(RESET) refers to stm32f4xx_it.o(i.PendSV_Handler) for PendSV_Handler
    startup_stm32f407xx.o(RESET) refers to stm32f4xx_it.o(i.SysTick_Handler) for SysTick_Handler
    startup_stm32f407xx.o(RESET) refers to stm32f4xx_it.o(i.USART1_IRQHandler) for USART1_IRQHandler
    startup_stm32f407xx.o(.text) refers to system_stm32f4xx.o(i.SystemInit) for SystemInit
    startup_stm32f407xx.o(.text) refers to entry.o(.ARM.Collect$$$$00000000) for __main
    main.o(i.MX_FSMC_Init) refers to memseta.o(.text) for __aeabi_memclr4
    main.o(i.MX_FSMC_Init) refers to stm32f4xx_hal_sram.o(i.HAL_SRAM_Init) for HAL_SRAM_Init
    main.o(i.MX_FSMC_Init) refers to main.o(i.Error_Handler) for Error_Handler
    main.o(i.MX_FSMC_Init) refers to main.o(.bss) for hsram1
    main.o(i.MX_GPIO_Init) refers to memseta.o(.text) for __aeabi_memclr4
    main.o(i.MX_GPIO_Init) refers to stm32f4xx_hal_gpio.o(i.HAL_GPIO_WritePin) for HAL_GPIO_WritePin
    main.o(i.MX_GPIO_Init) refers to stm32f4xx_hal_gpio.o(i.HAL_GPIO_Init) for HAL_GPIO_Init
    main.o(i.MX_USART1_UART_Init) refers to stm32f4xx_hal_uart.o(i.HAL_UART_Init) for HAL_UART_Init
    main.o(i.MX_USART1_UART_Init) refers to main.o(i.Error_Handler) for Error_Handler
    main.o(i.MX_USART1_UART_Init) refers to main.o(.bss) for huart1
    main.o(i.SystemClock_Config) refers to memseta.o(.text) for __aeabi_memclr4
    main.o(i.SystemClock_Config) refers to stm32f4xx_hal_rcc.o(i.HAL_RCC_OscConfig) for HAL_RCC_OscConfig
    main.o(i.SystemClock_Config) refers to main.o(i.Error_Handler) for Error_Handler
    main.o(i.SystemClock_Config) refers to stm32f4xx_hal_rcc.o(i.HAL_RCC_ClockConfig) for HAL_RCC_ClockConfig
    main.o(i.main) refers to stm32f4xx_hal.o(i.HAL_Init) for HAL_Init
    main.o(i.main) refers to main.o(i.SystemClock_Config) for SystemClock_Config
    main.o(i.main) refers to main.o(i.MX_GPIO_Init) for MX_GPIO_Init
    main.o(i.main) refers to main.o(i.MX_FSMC_Init) for MX_FSMC_Init
    main.o(i.main) refers to main.o(i.MX_USART1_UART_Init) for MX_USART1_UART_Init
    main.o(i.main) refers to system.o(i.bsp_systick_init) for bsp_systick_init
    main.o(i.main) refers to bsp_uart.o(i.bsp_uart1_init) for bsp_uart1_init
    main.o(i.main) refers to drv_lcd.o(i.drv_LCD_Init) for drv_LCD_Init
    main.o(i.main) refers to drv_lcd.o(i.LCD_Clear) for LCD_Clear
    main.o(i.main) refers to drv_lcd.o(i.LCD_ShowString) for LCD_ShowString
    main.o(i.main) refers to printf1.o(i.__0printf$1) for __2printf
    main.o(i.main) refers to system.o(i.delay_ms) for delay_ms
    main.o(i.main) refers to stm32f4xx_hal_gpio.o(i.HAL_GPIO_TogglePin) for HAL_GPIO_TogglePin
    main.o(i.main) refers to drv_lcd.o(i.LCD_Fill) for LCD_Fill
    main.o(i.main) refers to bsp_key.o(i.Key_Scan) for Key_Scan
    main.o(i.main) refers to iap.o(i.iap_write_appbin) for iap_write_appbin
    main.o(i.main) refers to iap.o(i.iap_load_app) for iap_load_app
    main.o(i.main) refers to drv_lcd.o(.data) for POINT_COLOR
    main.o(i.main) refers to bsp_uart.o(.data) for USART_RX_CNT
    main.o(i.main) refers to bsp_uart.o(.ARM.__AT_0x20001000) for USART_RX_BUF
    stm32f4xx_it.o(i.USART1_IRQHandler) refers to bsp_uart.o(i.uart1_Rx_handler) for uart1_Rx_handler
    stm32f4xx_hal_msp.o(i.HAL_FSMC_MspDeInit) refers to stm32f4xx_hal_gpio.o(i.HAL_GPIO_DeInit) for HAL_GPIO_DeInit
    stm32f4xx_hal_msp.o(i.HAL_FSMC_MspDeInit) refers to stm32f4xx_hal_msp.o(.data) for FSMC_DeInitialized
    stm32f4xx_hal_msp.o(i.HAL_FSMC_MspInit) refers to memseta.o(.text) for __aeabi_memclr4
    stm32f4xx_hal_msp.o(i.HAL_FSMC_MspInit) refers to stm32f4xx_hal_gpio.o(i.HAL_GPIO_Init) for HAL_GPIO_Init
    stm32f4xx_hal_msp.o(i.HAL_FSMC_MspInit) refers to stm32f4xx_hal_msp.o(.data) for FSMC_Initialized
    stm32f4xx_hal_msp.o(i.HAL_SRAM_MspDeInit) refers to stm32f4xx_hal_msp.o(i.HAL_FSMC_MspDeInit) for HAL_FSMC_MspDeInit
[...]
    Removing stm32f4xx_hal_dma_ex.o(i.HAL_DMAEx_MultiBufferStart), (124 bytes).
    Removing stm32f4xx_hal_dma_ex.o(i.HAL_DMAEx_MultiBufferStart_IT), (4056 bytes).
    Removing stm32f4xx_hal_dma.o(.rev16_text), (4 bytes).
    Removing stm32f4xx_hal_dma.o(.revsh_text), (4 bytes).
    Removing stm32f4xx_hal_dma.o(.rrx_text), (6 bytes).
    Removing stm32f4xx_hal_dma.o(i.DMA_CalcBaseAndBitshift), (52 bytes).
    Removing stm32f4xx_hal_dma.o(i.DMA_CheckFifoParam), (170 bytes).
    Removing stm32f4xx_hal_dma.o(i.DMA_SetConfig), (44 bytes).
    Removing stm32f4xx_hal_dma.o(i.HAL_DMA_Abort), (172 bytes).
    Removing stm32f4xx_hal_dma.o(i.HAL_DMA_Abort_IT), (40 bytes).
    Removing stm32f4xx_hal_dma.o(i.HAL_DMA_DeInit), (112 bytes).
    Removing stm32f4xx_hal_dma.o(i.HAL_DMA_GetError), (6 bytes).
    Removing stm32f4xx_hal_dma.o(i.HAL_DMA_GetState), (8 bytes).
    Removing stm32f4xx_hal_dma.o(i.HAL_DMA_IRQHandler), (576 bytes).
    Removing stm32f4xx_hal_dma.o(i.HAL_DMA_Init), (236 bytes).
    Removing stm32f4xx_hal_dma.o(i.HAL_DMA_PollForTransfer), (346 bytes).
    Removing stm32f4xx_hal_dma.o(i.HAL_DMA_RegisterCallback), (96 bytes).
    Removing stm32f4xx_hal_dma.o(i.HAL_DMA_Start), (102 bytes).
    Removing stm32f4xx_hal_dma.o(i.HAL_DMA_Start_IT), (146 bytes).
    Removing stm32f4xx_hal_dma.o(i.HAL_DMA_UnRegisterCallback), (124 bytes).
    Removing stm32f4xx_hal_dma.o(.constdata), (8 bytes).
    Removing stm32f4xx_hal_pwr.o(.rev16_text), (4 bytes).
    Removing stm32f4xx_hal_pwr.o(.revsh_text), (4 bytes).
    Removing stm32f4xx_hal_pwr.o(.rrx_text), (6 bytes).
    Removing stm32f4xx_hal_pwr.o(i.HAL_PWR_ConfigPVD), (180 bytes).
    Removing stm32f4xx_hal_pwr.o(i.HAL_PWR_DeInit), (28 bytes).
    Removing stm32f4xx_hal_pwr.o(i.HAL_PWR_DisableBkUpAccess), (28 bytes).
    Removing stm32f4xx_hal_pwr.o(i.HAL_PWR_DisablePVD), (12 bytes).
    Removing stm32f4xx_hal_pwr.o(i.HAL_PWR_DisableSEVOnPend), (20 bytes).
    Removing stm32f4xx_hal_pwr.o(i.HAL_PWR_DisableSleepOnExit), (20 bytes).
    Removing stm32f4xx_hal_pwr.o(i.HAL_PWR_DisableWakeUpPin), (16 bytes).
    Removing stm32f4xx_hal_pwr.o(i.HAL_PWR_EnableBkUpAccess), (28 bytes).
    Removing stm32f4xx_hal_pwr.o(i.HAL_PWR_EnablePVD), (12 bytes).
    Removing stm32f4xx_hal_pwr.o(i.HAL_PWR_EnableSEVOnPend), (20 bytes).
    Removing stm32f4xx_hal_pwr.o(i.HAL_PWR_EnableSleepOnExit), (20 bytes).
    Removing stm32f4xx_hal_pwr.o(i.HAL_PWR_EnableWakeUpPin), (16 bytes).
    Removing stm32f4xx_hal_pwr.o(i.HAL_PWR_EnterSLEEPMode), (36 bytes).
    Removing stm32f4xx_hal_pwr.o(i.HAL_PWR_EnterSTANDBYMode), (40 bytes).
    Removing stm32f4xx_hal_pwr.o(i.HAL_PWR_EnterSTOPMode), (68 bytes).
    Removing stm32f4xx_hal_pwr.o(i.HAL_PWR_PVDCallback), (2 bytes).
    Removing stm32f4xx_hal_pwr.o(i.HAL_PWR_PVD_IRQHandler), (32 bytes).
    Removing stm32f4xx_hal_pwr_ex.o(.rev16_text), (4 bytes).
    Removing stm32f4xx_hal_pwr_ex.o(.revsh_text), (4 bytes).
    Removing stm32f4xx_hal_pwr_ex.o(.rrx_text), (6 bytes).
    Removing stm32f4xx_hal_pwr_ex.o(i.HAL_PWREx_ControlVoltageScaling), (120 bytes).
    Removing stm32f4xx_hal_pwr_ex.o(i.HAL_PWREx_DisableBkUpReg), (60 bytes).
    Removing stm32f4xx_hal_pwr_ex.o(i.HAL_PWREx_DisableFlashPowerDown), (12 bytes).
    Removing stm32f4xx_hal_pwr_ex.o(i.HAL_PWREx_EnableBkUpReg), (60 bytes).
    Removing stm32f4xx_hal_pwr_ex.o(i.HAL_PWREx_EnableFlashPowerDown), (12 bytes).
    Removing stm32f4xx_hal_pwr_ex.o(i.HAL_PWREx_GetVoltageRange), (16 bytes).
    Removing stm32f4xx_hal_cortex.o(.rev16_text), (4 bytes).
    Removing stm32f4xx_hal_cortex.o(.revsh_text), (4 bytes).
    Removing stm32f4xx_hal_cortex.o(.rrx_text), (6 bytes).
    Removing stm32f4xx_hal_cortex.o(i.HAL_CORTEX_ClearEvent), (6 bytes).
    Removing stm32f4xx_hal_cortex.o(i.HAL_MPU_ConfigRegion), (92 bytes).
    Removing stm32f4xx_hal_cortex.o(i.HAL_MPU_Disable), (32 bytes).
    Removing stm32f4xx_hal_cortex.o(i.HAL_MPU_DisableRegion), (28 bytes).
    Removing stm32f4xx_hal_cortex.o(i.HAL_MPU_Enable), (40 bytes).
    Removing stm32f4xx_hal_cortex.o(i.HAL_MPU_EnableRegion), (28 bytes).
    Removing stm32f4xx_hal_cortex.o(i.HAL_NVIC_ClearPendingIRQ), (36 bytes).
    Removing stm32f4xx_hal_cortex.o(i.HAL_NVIC_DisableIRQ), (44 bytes).
    Removing stm32f4xx_hal_cortex.o(i.HAL_NVIC_GetActive), (48 bytes).
    Removing stm32f4xx_hal_cortex.o(i.HAL_NVIC_GetPendingIRQ), (48 bytes).
    Removing stm32f4xx_hal_cortex.o(i.HAL_NVIC_GetPriority), (148 bytes).
    Removing stm32f4xx_hal_cortex.o(i.HAL_NVIC_GetPriorityGrouping), (8 bytes).
    Removing stm32f4xx_hal_cortex.o(i.HAL_NVIC_SetPendingIRQ), (36 bytes).
    Removing stm32f4xx_hal_cortex.o(i.HAL_NVIC_SystemReset), (44 bytes).
    Removing stm32f4xx_hal_cortex.o(i.HAL_SYSTICK_Callback), (2 bytes).
    Removing stm32f4xx_hal_cortex.o(i.HAL_SYSTICK_IRQHandler), (8 bytes).
    Removing stm32f4xx_hal.o(.rev16_text), (4 bytes).
    Removing stm32f4xx_hal.o(.revsh_text), (4 bytes).
    Removing stm32f4xx_hal.o(.rrx_text), (6 bytes).
    Removing stm32f4xx_hal.o(i.HAL_DBGMCU_DisableDBGSleepMode), (20 bytes).
    Removing stm32f4xx_hal.o(i.HAL_DBGMCU_DisableDBGStandbyMode), (20 bytes).
    Removing stm32f4xx_hal.o(i.HAL_DBGMCU_DisableDBGStopMode), (20 bytes).
    Removing stm32f4xx_hal.o(i.HAL_DBGMCU_EnableDBGSleepMode), (20 bytes).
    Removing stm32f4xx_hal.o(i.HAL_DBGMCU_EnableDBGStandbyMode), (20 bytes).
    Removing stm32f4xx_hal.o(i.HAL_DBGMCU_EnableDBGStopMode), (20 bytes).
    Removing stm32f4xx_hal.o(i.HAL_DeInit), (80 bytes).
    Removing stm32f4xx_hal.o(i.HAL_Delay), (40 bytes).
    Removing stm32f4xx_hal.o(i.HAL_DisableCompensationCell), (12 bytes).
    Removing stm32f4xx_hal.o(i.HAL_EnableCompensationCell), (12 bytes).
    Removing stm32f4xx_hal.o(i.HAL_GetDEVID), (16 bytes).
    Removing stm32f4xx_hal.o(i.HAL_GetHalVersion), (8 bytes).
    Removing stm32f4xx_hal.o(i.HAL_GetREVID), (12 bytes).
    Removing stm32f4xx_hal.o(i.HAL_GetTickFreq), (12 bytes).
    Removing stm32f4xx_hal.o(i.HAL_GetTickPrio), (12 bytes).
    Removing stm32f4xx_hal.o(i.HAL_GetUIDw0), (12 bytes).
    Removing stm32f4xx_hal.o(i.HAL_GetUIDw1), (12 bytes).
    Removing stm32f4xx_hal.o(i.HAL_GetUIDw2), (12 bytes).
    Removing stm32f4xx_hal.o(i.HAL_IncTick), (24 bytes).
    Removing stm32f4xx_hal.o(i.HAL_MspDeInit), (2 bytes).
    Removing stm32f4xx_hal.o(i.HAL_MspInit), (2 bytes).
    Removing stm32f4xx_hal.o(i.HAL_ResumeTick), (18 bytes).
    Removing stm32f4xx_hal.o(i.HAL_SetTickFreq), (48 bytes).
    Removing stm32f4xx_hal.o(i.HAL_SuspendTick), (18 bytes).
    Removing stm32f4xx_hal_exti.o(.rev16_text), (4 bytes).
    Removing stm32f4xx_hal_exti.o(.revsh_text), (4 bytes).
    Removing stm32f4xx_hal_exti.o(.rrx_text), (6 bytes).
    Removing stm32f4xx_hal_exti.o(i.HAL_EXTI_ClearConfigLine), (120 bytes).
    Removing stm32f4xx_hal_exti.o(i.HAL_EXTI_ClearPending), (28 bytes).
    Removing stm32f4xx_hal_exti.o(i.HAL_EXTI_GenerateSWI), (24 bytes).
    Removing stm32f4xx_hal_exti.o(i.HAL_EXTI_GetConfigLine), (156 bytes).
    Removing stm32f4xx_hal_exti.o(i.HAL_EXTI_GetHandle), (14 bytes).
    Removing stm32f4xx_hal_exti.o(i.HAL_EXTI_GetPending), (36 bytes).
    Removing stm32f4xx_hal_exti.o(i.HAL_EXTI_IRQHandler), (44 bytes).
    Removing stm32f4xx_hal_exti.o(i.HAL_EXTI_RegisterCallback), (20 bytes).
    Removing stm32f4xx_hal_exti.o(i.HAL_EXTI_SetConfigLine), (240 bytes).
    Removing stm32f4xx_hal_sram.o(.rev16_text), (4 bytes).
    Removing stm32f4xx_hal_sram.o(.revsh_text), (4 bytes).
    Removing stm32f4xx_hal_sram.o(.rrx_text), (6 bytes).
    Removing stm32f4xx_hal_sram.o(i.HAL_SRAM_DMA_XferCpltCallback), (2 bytes).
    Removing stm32f4xx_hal_sram.o(i.HAL_SRAM_DMA_XferErrorCallback), (2 bytes).
    Removing stm32f4xx_hal_sram.o(i.HAL_SRAM_DeInit), (34 bytes).
    Removing stm32f4xx_hal_sram.o(i.HAL_SRAM_GetState), (8 bytes).
    Removing stm32f4xx_hal_sram.o(i.HAL_SRAM_MspDeInit), (2 bytes).
    Removing stm32f4xx_hal_sram.o(i.HAL_SRAM_MspInit), (2 bytes).
    Removing stm32f4xx_hal_sram.o(i.HAL_SRAM_Read_16b), (116 bytes).
    Removing stm32f4xx_hal_sram.o(i.HAL_SRAM_Read_32b), (96 bytes).
    Removing stm32f4xx_hal_sram.o(i.HAL_SRAM_Read_8b), (96 bytes).
    Removing stm32f4xx_hal_sram.o(i.HAL_SRAM_Read_DMA), (120 bytes).
    Removing stm32f4xx_hal_sram.o(i.HAL_SRAM_WriteOperation_Disable), (72 bytes).
    Removing stm32f4xx_hal_sram.o(i.HAL_SRAM_WriteOperation_Enable), (72 bytes).
    Removing stm32f4xx_hal_sram.o(i.HAL_SRAM_Write_16b), (128 bytes).
    Removing stm32f4xx_hal_sram.o(i.HAL_SRAM_Write_32b), (88 bytes).
    Removing stm32f4xx_hal_sram.o(i.HAL_SRAM_Write_8b), (88 bytes).
    Removing stm32f4xx_hal_sram.o(i.HAL_SRAM_Write_DMA), (100 bytes).
    Removing stm32f4xx_hal_sram.o(i.SRAM_DMACplt), (32 bytes).
    Removing stm32f4xx_hal_sram.o(i.SRAM_DMACpltProt), (32 bytes).
    Removing stm32f4xx_hal_sram.o(i.SRAM_DMAError), (32 bytes).
    Removing stm32f4xx_hal_tim.o(.rev16_text), (4 bytes).
    Removing stm32f4xx_hal_tim.o(.revsh_text), (4 bytes).
    Removing stm32f4xx_hal_tim.o(.rrx_text), (6 bytes).
    Removing stm32f4xx_hal_tim_ex.o(.rev16_text), (4 bytes).
    Removing stm32f4xx_hal_tim_ex.o(.revsh_text), (4 bytes).
    Removing stm32f4xx_hal_tim_ex.o(.rrx_text), (6 bytes).
    Removing stm32f4xx_hal_uart.o(.rev16_text), (4 bytes).
    Removing stm32f4xx_hal_uart.o(.revsh_text), (4 bytes).
    Removing stm32f4xx_hal_uart.o(.rrx_text), (6 bytes).
    Removing stm32f4xx_hal_uart.o(i.HAL_HalfDuplex_EnableReceiver), (68 bytes).
    Removing stm32f4xx_hal_uart.o(i.HAL_HalfDuplex_EnableTransmitter), (68 bytes).
    Removing stm32f4xx_hal_uart.o(i.HAL_HalfDuplex_Init), (122 bytes).
    Removing stm32f4xx_hal_uart.o(i.HAL_LIN_Init), (146 bytes).
    Removing stm32f4xx_hal_uart.o(i.HAL_LIN_SendBreak), (80 bytes).
    Removing stm32f4xx_hal_uart.o(i.HAL_MultiProcessor_EnterMuteMode), (82 bytes).
    Removing stm32f4xx_hal_uart.o(i.HAL_MultiProcessor_ExitMuteMode), (82 bytes).
    Removing stm32f4xx_hal_uart.o(i.HAL_MultiProcessor_Init), (158 bytes).
    Removing stm32f4xx_hal_uart.o(i.HAL_UARTEx_GetRxEventType), (6 bytes).
    Removing stm32f4xx_hal_uart.o(i.HAL_UARTEx_ReceiveToIdle), (296 bytes).
    Removing stm32f4xx_hal_uart.o(i.HAL_UARTEx_ReceiveToIdle_DMA), (114 bytes).
    Removing stm32f4xx_hal_uart.o(i.HAL_UARTEx_ReceiveToIdle_IT), (114 bytes).
    Removing stm32f4xx_hal_uart.o(i.HAL_UARTEx_RxEventCallback), (2 bytes).
    Removing stm32f4xx_hal_uart.o(i.HAL_UART_Abort), (282 bytes).
    Removing stm32f4xx_hal_uart.o(i.HAL_UART_AbortCpltCallback), (2 bytes).
    Removing stm32f4xx_hal_uart.o(i.HAL_UART_AbortReceive), (196 bytes).
    Removing stm32f4xx_hal_uart.o(i.HAL_UART_AbortReceiveCpltCallback), (2 bytes).
    Removing stm32f4xx_hal_uart.o(i.HAL_UART_AbortReceive_IT), (220 bytes).
    Removing stm32f4xx_hal_uart.o(i.HAL_UART_AbortTransmit), (126 bytes).
    Removing stm32f4xx_hal_uart.o(i.HAL_UART_AbortTransmitCpltCallback), (2 bytes).
    Removing stm32f4xx_hal_uart.o(i.HAL_UART_AbortTransmit_IT), (144 bytes).
    Removing stm32f4xx_hal_uart.o(i.HAL_UART_Abort_IT), (336 bytes).
    Removing stm32f4xx_hal_uart.o(i.HAL_UART_DMAPause), (166 bytes).
    Removing stm32f4xx_hal_uart.o(i.HAL_UART_DMAResume), (170 bytes).
    Removing stm32f4xx_hal_uart.o(i.HAL_UART_DMAStop), (138 bytes).
    Removing stm32f4xx_hal_uart.o(i.HAL_UART_DeInit), (62 bytes).
    Removing stm32f4xx_hal_uart.o(i.HAL_UART_ErrorCallback), (2 bytes).
    Removing stm32f4xx_hal_uart.o(i.HAL_UART_GetError), (6 bytes).
    Removing stm32f4xx_hal_uart.o(i.HAL_UART_GetState), (20 bytes).
    Removing stm32f4xx_hal_uart.o(i.HAL_UART_IRQHandler), (744 bytes).
    Removing stm32f4xx_hal_uart.o(i.HAL_UART_MspDeInit), (2 bytes).
    Removing stm32f4xx_hal_uart.o(i.HAL_UART_MspInit), (2 bytes).
    Removing stm32f4xx_hal_uart.o(i.HAL_UART_Receive_DMA), (44 bytes).
    Removing stm32f4xx_hal_uart.o(i.HAL_UART_Receive_IT), (44 bytes).
    Removing stm32f4xx_hal_uart.o(i.HAL_UART_RxCpltCallback), (2 bytes).
    Removing stm32f4xx_hal_uart.o(i.HAL_UART_RxHalfCpltCallback), (2 bytes).
    Removing stm32f4xx_hal_uart.o(i.HAL_UART_Transmit), (190 bytes).
    Removing stm32f4xx_hal_uart.o(i.HAL_UART_Transmit_DMA), (140 bytes).
    Removing stm32f4xx_hal_uart.o(i.HAL_UART_Transmit_IT), (56 bytes).
    Removing stm32f4xx_hal_uart.o(i.HAL_UART_TxCpltCallback), (2 bytes).
    Removing stm32f4xx_hal_uart.o(i.HAL_UART_TxHalfCpltCallback), (2 bytes).
    Removing stm32f4xx_hal_uart.o(i.UART_DMAAbortOnError), (20 bytes).
    Removing stm32f4xx_hal_uart.o(i.UART_DMAError), (80 bytes).
    Removing stm32f4xx_hal_uart.o(i.UART_DMAReceiveCplt), (180 bytes).
    Removing stm32f4xx_hal_uart.o(i.UART_DMARxAbortCallback), (56 bytes).
    Removing stm32f4xx_hal_uart.o(i.UART_DMARxHalfCplt), (36 bytes).
    Removing stm32f4xx_hal_uart.o(i.UART_DMARxOnlyAbortCallback), (28 bytes).
    Removing stm32f4xx_hal_uart.o(i.UART_DMATransmitCplt), (88 bytes).
    Removing stm32f4xx_hal_uart.o(i.UART_DMATxAbortCallback), (56 bytes).
    Removing stm32f4xx_hal_uart.o(i.UART_DMATxHalfCplt), (14 bytes).
    Removing stm32f4xx_hal_uart.o(i.UART_DMATxOnlyAbortCallback), (24 bytes).
    Removing stm32f4xx_hal_uart.o(i.UART_EndTransmit_IT), (32 bytes).
    Removing stm32f4xx_hal_uart.o(i.UART_EndTxTransfer), (38 bytes).
    Removing stm32f4xx_hal_uart.o(i.UART_Receive_IT), (252 bytes).
    Removing stm32f4xx_hal_uart.o(i.UART_Start_Receive_DMA), (200 bytes).
    Removing stm32f4xx_hal_uart.o(i.UART_Start_Receive_IT), (64 bytes).
    Removing stm32f4xx_hal_uart.o(i.UART_Transmit_IT), (96 bytes).
    Removing system_stm32f4xx.o(.rev16_text), (4 bytes).
    Removing system_stm32f4xx.o(.revsh_text), (4 bytes).
    Removing system_stm32f4xx.o(.rrx_text), (6 bytes).
    Removing system_stm32f4xx.o(i.SystemCoreClockUpdate), (192 bytes).
    Removing bsp_key.o(.rev16_text), (4 bytes).
    Removing bsp_key.o(.revsh_text), (4 bytes).
    Removing bsp_key.o(.rrx_text), (6 bytes).
    Removing drv_lcd.o(.rev16_text), (4 bytes).
    Removing drv_lcd.o(.revsh_text), (4 bytes).
    Removing drv_lcd.o(.rrx_text), (6 bytes).
    Removing drv_lcd.o(i.LCD_BGR2RGB), (26 bytes).
    Removing drv_lcd.o(i.LCD_Color_Fill), (96 bytes).
    Removing drv_lcd.o(i.LCD_DisplayOff), (36 bytes).
    Removing drv_lcd.o(i.LCD_DisplayOn), (36 bytes).
    Removing drv_lcd.o(i.LCD_DrawLine), (176 bytes).
    Removing drv_lcd.o(i.LCD_DrawPoint), (36 bytes).
    Removing drv_lcd.o(i.LCD_DrawRectangle), (60 bytes).
    Removing drv_lcd.o(i.LCD_Draw_Circle), (152 bytes).
    Removing drv_lcd.o(i.LCD_Pow), (22 bytes).
    Removing drv_lcd.o(i.LCD_ReadPoint), (148 bytes).
    Removing drv_lcd.o(i.LCD_ReadReg), (16 bytes).
    Removing drv_lcd.o(i.LCD_Set_Window), (368 bytes).
    Removing drv_lcd.o(i.LCD_ShowNum), (148 bytes).
    Removing drv_lcd.o(i.LCD_ShowxNum), (190 bytes).
    Removing drv_lcd.o(i.LCD_WriteRAM), (12 bytes).
    Removing drv_lcd.o(i.opt_delay), (14 bytes).
    Removing bsp_uart.o(.rev16_text), (4 bytes).
    Removing bsp_uart.o(.revsh_text), (4 bytes).
    Removing bsp_uart.o(.rrx_text), (6 bytes).
    Removing bsp_uart.o(i._sys_exit), (4 bytes).
    Removing bsp_flash.o(.rev16_text), (4 bytes).
    Removing bsp_flash.o(.revsh_text), (4 bytes).
    Removing bsp_flash.o(.rrx_text), (6 bytes).
    Removing bsp_flash.o(i.FLASH_Read), (32 bytes).
    Removing iap.o(.rev16_text), (4 bytes).
    Removing iap.o(.revsh_text), (4 bytes).
    Removing iap.o(.rrx_text), (6 bytes).
    Removing system.o(.rev16_text), (4 bytes).
    Removing system.o(.revsh_text), (4 bytes).
    Removing system.o(.rrx_text), (6 bytes).
    Removing dadd.o(.text), (334 bytes).
    Removing ddiv.o(.text), (222 bytes).
    Removing dfixul.o(.text), (48 bytes).
    Removing cdrcmple.o(.text), (48 bytes).

332 unused section(s) (total 23342 bytes) removed from the image.

==============================================================================

Image Symbol Table

    Local Symbols

    Symbol Name                              Value     Ov Type        Size  Object(Section)

    ../Core/Src/main.c                       0x00000000   Number         0  main.o ABSOLUTE
    ../Core/Src/stm32f4xx_hal_msp.c          0x00000000   Number         0  stm32f4xx_hal_msp.o ABSOLUTE
    ../Core/Src/stm32f4xx_it.c               0x00000000   Number         0  stm32f4xx_it.o ABSOLUTE
    ../Core/Src/system_stm32f4xx.c           0x00000000   Number         0  system_stm32f4xx.o ABSOLUTE
    ../Drivers/STM32F4xx_HAL_Driver/Src/stm32f4xx_hal.c 0x00000000   Number         0  stm32f4xx_hal.o ABSOLUTE
    ../Drivers/STM32F4xx_HAL_Driver/Src/stm32f4xx_hal_cortex.c 0x00000000   Number         0  stm32f4xx_hal_cortex.o ABSOLUTE
    ../Drivers/STM32F4xx_HAL_Driver/Src/stm32f4xx_hal_dma.c 0x00000000   Number         0  stm32f4xx_hal_dma.o ABSOLUTE
    ../Drivers/STM32F4xx_HAL_Driver/Src/stm32f4xx_hal_dma_ex.c 0x00000000   Number         0  stm32f4xx_hal_dma_ex.o ABSOLUTE
    ../Drivers/STM32F4xx_HAL_Driver/Src/stm32f4xx_hal_exti.c 0x00000000   Number         0  stm32f4xx_hal_exti.o ABSOLUTE
    ../Drivers/STM32F4xx_HAL_Driver/Src/stm32f4xx_hal_flash.c 0x00000000   Number         0  stm32f4xx_hal_flash.o ABSOLUTE
    ../Drivers/STM32F4xx_HAL_Driver/Src/stm32f4xx_hal_flash_ex.c 0x00000000   Number         0  stm32f4xx_hal_flash_ex.o ABSOLUTE
    ../Drivers/STM32F4xx_HAL_Driver/Src/stm32f4xx_hal_flash_ramfunc.c 0x00000000   Number         0  stm32f4xx_hal_flash_ramfunc.o ABSOLUTE
    ../Drivers/STM32F4xx_HAL_Driver/Src/stm32f4xx_hal_gpio.c 0x00000000   Number         0  stm32f4xx_hal_gpio.o ABSOLUTE
    ../Drivers/STM32F4xx_HAL_Driver/Src/stm32f4xx_hal_pwr.c 0x00000000   Number         0  stm32f4xx_hal_pwr.o ABSOLUTE
    ../Drivers/STM32F4xx_HAL_Driver/Src/stm32f4xx_hal_pwr_ex.c 0x00000000   Number         0  stm32f4xx_hal_pwr_ex.o ABSOLUTE
    ../Drivers/STM32F4xx_HAL_Driver/Src/stm32f4xx_hal_rcc.c 0x00000000   Number         0  stm32f4xx_hal_rcc.o ABSOLUTE
    ../Drivers/STM32F4xx_HAL_Driver/Src/stm32f4xx_hal_rcc_ex.c 0x00000000   Number         0  stm32f4xx_hal_rcc_ex.o ABSOLUTE
    ../Drivers/STM32F4xx_HAL_Driver/Src/stm32f4xx_hal_sram.c 0x00000000   Number         0  stm32f4xx_hal_sram.o ABSOLUTE
    ../Drivers/STM32F4xx_HAL_Driver/Src/stm32f4xx_hal_tim.c 0x00000000   Number         0  stm32f4xx_hal_tim.o ABSOLUTE
    ../Drivers/STM32F4xx_HAL_Driver/Src/stm32f4xx_hal_tim_ex.c 0x00000000   Number         0  stm32f4xx_hal_tim_ex.o ABSOLUTE
    ../Drivers/STM32F4xx_HAL_Driver/Src/stm32f4xx_hal_uart.c 0x00000000   Number         0  stm32f4xx_hal_uart.o ABSOLUTE
    ../Drivers/STM32F4xx_HAL_Driver/Src/stm32f4xx_ll_fsmc.c 0x00000000   Number         0  stm32f4xx_ll_fsmc.o ABSOLUTE
    ../clib/microlib/division.c              0x00000000   Number         0  uldiv.o ABSOLUTE
    ../clib/microlib/division.c              0x00000000   Number         0  uidiv.o ABSOLUTE
    ../clib/microlib/init/entry.s            0x00000000   Number         0  entry8b.o ABSOLUTE
    ../clib/microlib/init/entry.s            0x00000000   Number         0  entry9b.o ABSOLUTE
    ../clib/microlib/init/entry.s            0x00000000   Number         0  entry11b.o ABSOLUTE
    ../clib/microlib/init/entry.s            0x00000000   Number         0  entry7a.o ABSOLUTE
    ../clib/microlib/init/entry.s            0x00000000   Number         0  entry8a.o ABSOLUTE
    ../clib/microlib/init/entry.s            0x00000000   Number         0  entry5.o ABSOLUTE
    ../clib/microlib/init/entry.s            0x00000000   Number         0  entry7b.o ABSOLUTE
    ../clib/microlib/init/entry.s            0x00000000   Number         0  entry2.o ABSOLUTE
    ../clib/microlib/init/entry.s            0x00000000   Number         0  entry9a.o ABSOLUTE
    ../clib/microlib/init/entry.s            0x00000000   Number         0  entry.o ABSOLUTE
    ../clib/microlib/init/entry.s            0x00000000   Number         0  entry10b.o ABSOLUTE
    ../clib/microlib/init/entry.s            0x00000000   Number         0  entry11a.o ABSOLUTE
    ../clib/microlib/init/entry.s            0x00000000   Number         0  entry12a.o ABSOLUTE
    ../clib/microlib/init/entry.s            0x00000000   Number         0  entry12b.o ABSOLUTE
    ../clib/microlib/init/entry.s            0x00000000   Number         0  entry10a.o ABSOLUTE
    ../clib/microlib/longlong.c              0x00000000   Number         0  llsshr.o ABSOLUTE
    ../clib/microlib/longlong.c              0x00000000   Number         0  llushr.o ABSOLUTE
    ../clib/microlib/longlong.c              0x00000000   Number         0  llshl.o ABSOLUTE
    ../clib/microlib/printf/printf.c         0x00000000   Number         0  printf7.o ABSOLUTE
    ../clib/microlib/printf/printf.c         0x00000000   Number         0  printf8.o ABSOLUTE
    ../clib/microlib/printf/printf.c         0x00000000   Number         0  printf0.o ABSOLUTE
    ../clib/microlib/printf/printf.c         0x00000000   Number         0  printf2.o ABSOLUTE
    ../clib/microlib/printf/printf.c         0x00000000   Number         0  printf4.o ABSOLUTE
    ../clib/microlib/printf/printf.c         0x00000000   Number         0  printf5.o ABSOLUTE
    ../clib/microlib/printf/printf.c         0x00000000   Number         0  printf1.o ABSOLUTE
    ../clib/microlib/printf/printf.c         0x00000000   Number         0  printfa.o ABSOLUTE
    ../clib/microlib/printf/printf.c         0x00000000   Number         0  printf3.o ABSOLUTE
    ../clib/microlib/printf/printf.c         0x00000000   Number         0  printf6.o ABSOLUTE
    ../clib/microlib/printf/printf.c         0x00000000   Number         0  printfb.o ABSOLUTE
    ../clib/microlib/printf/stubs.s          0x00000000   Number         0  stubs.o ABSOLUTE
    ../clib/microlib/string/memset.c         0x00000000   Number         0  memseta.o ABSOLUTE
    ../clib/microlib/stubs.s                 0x00000000   Number         0  iusefp.o ABSOLUTE
    ../clib/microlib/stubs.s                 0x00000000   Number         0  useno.o ABSOLUTE
    ../fplib/microlib/fpadd.c                0x00000000   Number         0  dadd.o ABSOLUTE
    ../fplib/microlib/fpdiv.c                0x00000000   Number         0  ddiv.o ABSOLUTE
    ../fplib/microlib/fpepilogue.c           0x00000000   Number         0  depilogue.o ABSOLUTE
    ../fplib/microlib/fpfix.c                0x00000000   Number         0  dfixui.o ABSOLUTE
    ../fplib/microlib/fpfix.c                0x00000000   Number         0  dfixul.o ABSOLUTE
    ../fplib/microlib/fpflt.c                0x00000000   Number         0  dfltui.o ABSOLUTE
    ../fplib/microlib/fpmul.c                0x00000000   Number         0  dmul.o ABSOLUTE
    ..\Core\Src\main.c                       0x00000000   Number         0  main.o ABSOLUTE
    ..\Core\Src\stm32f4xx_hal_msp.c          0x00000000   Number         0  stm32f4xx_hal_msp.o ABSOLUTE
    ..\Core\Src\stm32f4xx_it.c               0x00000000   Number         0  stm32f4xx_it.o ABSOLUTE
    ..\Core\Src\system_stm32f4xx.c           0x00000000   Number         0  system_stm32f4xx.o ABSOLUTE
    ..\Drivers\STM32F4xx_HAL_Driver\Src\stm32f4xx_hal.c 0x00000000   Number         0  stm32f4xx_hal.o ABSOLUTE
    ..\Drivers\STM32F4xx_HAL_Driver\Src\stm32f4xx_hal_cortex.c 0x00000000   Number         0  stm32f4xx_hal_cortex.o ABSOLUTE
    ..\Drivers\STM32F4xx_HAL_Driver\Src\stm32f4xx_hal_dma.c 0x00000000   Number         0  stm32f4xx_hal_dma.o ABSOLUTE
    ..\Drivers\STM32F4xx_HAL_Driver\Src\stm32f4xx_hal_dma_ex.c 0x00000000   Number         0  stm32f4xx_hal_dma_ex.o ABSOLUTE
    ..\Drivers\STM32F4xx_HAL_Driver\Src\stm32f4xx_hal_exti.c 0x00000000   Number         0  stm32f4xx_hal_exti.o ABSOLUTE
    ..\Drivers\STM32F4xx_HAL_Driver\Src\stm32f4xx_hal_flash.c 0x00000000   Number         0  stm32f4xx_hal_flash.o ABSOLUTE
    ..\Drivers\STM32F4xx_HAL_Driver\Src\stm32f4xx_hal_flash_ex.c 0x00000000   Number         0  stm32f4xx_hal_flash_ex.o ABSOLUTE
    ..\Drivers\STM32F4xx_HAL_Driver\Src\stm32f4xx_hal_flash_ramfunc.c 0x00000000   Number         0  stm32f4xx_hal_flash_ramfunc.o ABSOLUTE
    ..\Drivers\STM32F4xx_HAL_Driver\Src\stm32f4xx_hal_gpio.c 0x00000000   Number         0  stm32f4xx_hal_gpio.o ABSOLUTE
    ..\Drivers\STM32F4xx_HAL_Driver\Src\stm32f4xx_hal_pwr.c 0x00000000   Number         0  stm32f4xx_hal_pwr.o ABSOLUTE
    ..\Drivers\STM32F4xx_HAL_Driver\Src\stm32f4xx_hal_pwr_ex.c 0x00000000   Number         0  stm32f4xx_hal_pwr_ex.o ABSOLUTE
    ..\Drivers\STM32F4xx_HAL_Driver\Src\stm32f4xx_hal_rcc.c 0x00000000   Number         0  stm32f4xx_hal_rcc.o ABSOLUTE
    ..\Drivers\STM32F4xx_HAL_Driver\Src\stm32f4xx_hal_rcc_ex.c 0x00000000   Number         0  stm32f4xx_hal_rcc_ex.o ABSOLUTE
    ..\Drivers\STM32F4xx_HAL_Driver\Src\stm32f4xx_hal_sram.c 0x00000000   Number         0  stm32f4xx_hal_sram.o ABSOLUTE
    ..\Drivers\STM32F4xx_HAL_Driver\Src\stm32f4xx_hal_tim.c 0x00000000   Number         0  stm32f4xx_hal_tim.o ABSOLUTE
    ..\Drivers\STM32F4xx_HAL_Driver\Src\stm32f4xx_hal_tim_ex.c 0x00000000   Number         0  stm32f4xx_hal_tim_ex.o ABSOLUTE
    ..\Drivers\STM32F4xx_HAL_Driver\Src\stm32f4xx_hal_uart.c 0x00000000   Number         0  stm32f4xx_hal_uart.o ABSOLUTE
    ..\Drivers\STM32F4xx_HAL_Driver\Src\stm32f4xx_ll_fsmc.c 0x00000000   Number         0  stm32f4xx_ll_fsmc.o ABSOLUTE
    ..\Src\bsp_flash.c                       0x00000000   Number         0  bsp_flash.o ABSOLUTE
    ..\Src\bsp_key.c                         0x00000000   Number         0  bsp_key.o ABSOLUTE
    ..\Src\bsp_uart.c                        0x00000000   Number         0  bsp_uart.o ABSOLUTE
    ..\Src\iap.c                             0x00000000   Number         0  iap.o ABSOLUTE
    ..\Src\lcd_lib\drv_LCD.c                 0x00000000   Number         0  drv_lcd.o ABSOLUTE
    ..\Src\system.c                          0x00000000   Number         0  system.o ABSOLUTE
    ..\\Src\\bsp_flash.c                     0x00000000   Number         0  bsp_flash.o ABSOLUTE
    ..\\Src\\bsp_key.c                       0x00000000   Number         0  bsp_key.o ABSOLUTE
    ..\\Src\\bsp_uart.c                      0x00000000   Number         0  bsp_uart.o ABSOLUTE
    ..\\Src\\iap.c                           0x00000000   Number         0  iap.o ABSOLUTE
    ..\\Src\\lcd_lib\\drv_LCD.c              0x00000000   Number         0  drv_lcd.o ABSOLUTE
    ..\\Src\\system.c                        0x00000000   Number         0  system.o ABSOLUTE
    cdrcmple.s                               0x00000000   Number         0  cdrcmple.o ABSOLUTE
    dc.s                                     0x00000000   Number         0  dc.o ABSOLUTE
    handlers.s                               0x00000000   Number         0  handlers.o ABSOLUTE
    init.s                                   0x00000000   Number         0  init.o ABSOLUTE
    startup_stm32f407xx.s                    0x00000000   Number         0  startup_stm32f407xx.o ABSOLUTE
    RESET                                    0x08000000   Section      392  startup_stm32f407xx.o(RESET)
    .ARM.Collect$$$$00000000                 0x08000188   Section        0  entry.o(.ARM.Collect$$$$00000000)
    .ARM.Collect$$$$00000001                 0x08000188   Section        4  entry2.o(.ARM.Collect$$$$00000001)
    .ARM.Collect$$$$00000004                 0x0800018c   Section        4  entry5.o(.ARM.Collect$$$$00000004)
    .ARM.Collect$$$$00000008                 0x08000190   Section        0  entry7b.o(.ARM.Collect$$$$00000008)
    .ARM.Collect$$$$0000000A                 0x08000190   Section        0  entry8b.o(.ARM.Collect$$$$0000000A)
    .ARM.Collect$$$$0000000B                 0x08000190   Section        8  entry9a.o(.ARM.Collect$$$$0000000B)
    .ARM.Collect$$$$0000000E                 0x08000198   Section        4  entry12b.o(.ARM.Collect$$$$0000000E)
    .ARM.Collect$$$$0000000F                 0x0800019c   Section        0  entry10a.o(.ARM.Collect$$$$0000000F)
    .ARM.Collect$$$$00000011                 0x0800019c   Section        0  entry11a.o(.ARM.Collect$$$$00000011)
    .ARM.Collect$$$$00002712                 0x0800019c   Section        4  entry2.o(.ARM.Collect$$$$00002712)
    __lit__00000000                          0x0800019c   Data           4  entry2.o(.ARM.Collect$$$$00002712)
    .emb_text                                0x080001a0   Section       16  system.o(.emb_text)
    $v0                                      0x080001a0   Number         0  system.o(.emb_text)
    .text                                    0x080001b0   Section       36  startup_stm32f407xx.o(.text)
    $v0                                      0x080001b0   Number         0  startup_stm32f407xx.o(.text)
    .text                                    0x080001d4   Section        0  uldiv.o(.text)
    .text                                    0x08000236   Section        0  memseta.o(.text)
    .text                                    0x0800025a   Section        0  dmul.o(.text)
    .text                                    0x0800033e   Section        0  dfltui.o(.text)
    .text                                    0x08000358   Section        0  dfixui.o(.text)
    .text                                    0x0800038a   Section        0  uidiv.o(.text)
    .text                                    0x080003b6   Section        0  llshl.o(.text)
    .text                                    0x080003d4   Section        0  llushr.o(.text)
    .text                                    0x080003f4   Section        0  iusefp.o(.text)
    .text                                    0x080003f4   Section        0  depilogue.o(.text)
    .text                                    0x080004b0   Section       36  init.o(.text)
    i.BusFault_Handler                       0x080004d4   Section        0  stm32f4xx_it.o(i.BusFault_Handler)
    i.DebugMon_Handler                       0x080004d8   Section        0  stm32f4xx_it.o(i.DebugMon_Handler)
    i.Error_Handler                          0x080004da   Section        0  main.o(i.Error_Handler)
    i.FLASH_Erase_Sector                     0x080004e0   Section        0  stm32f4xx_hal_flash_ex.o(i.FLASH_Erase_Sector)
    i.FLASH_FlushCaches                      0x0800053c   Section        0  stm32f4xx_hal_flash_ex.o(i.FLASH_FlushCaches)
    i.FLASH_GetFlashSector                   0x080005b4   Section        0  bsp_flash.o(i.FLASH_GetFlashSector)
    i.FLASH_MassErase                        0x08000654   Section        0  stm32f4xx_hal_flash_ex.o(i.FLASH_MassErase)
    FLASH_MassErase                          0x08000655   Thumb Code    42  stm32f4xx_hal_flash_ex.o(i.FLASH_MassErase)
    i.FLASH_Program_Byte                     0x08000684   Section        0  stm32f4xx_hal_flash.o(i.FLASH_Program_Byte)
    FLASH_Program_Byte                       0x08000685   Thumb Code    32  stm32f4xx_hal_flash.o(i.FLASH_Program_Byte)
    i.FLASH_Program_DoubleWord               0x080006a8   Section        0  stm32f4xx_hal_flash.o(i.FLASH_Program_DoubleWord)
    FLASH_Program_DoubleWord                 0x080006a9   Thumb Code    44  stm32f4xx_hal_flash.o(i.FLASH_Program_DoubleWord)
    i.FLASH_Program_HalfWord                 0x080006d8   Section        0  stm32f4xx_hal_flash.o(i.FLASH_Program_HalfWord)
    FLASH_Program_HalfWord                   0x080006d9   Thumb Code    36  stm32f4xx_hal_flash.o(i.FLASH_Program_HalfWord)
    i.FLASH_Program_Word                     0x08000700   Section        0  stm32f4xx_hal_flash.o(i.FLASH_Program_Word)
    FLASH_Program_Word                       0x08000701   Thumb Code    36  stm32f4xx_hal_flash.o(i.FLASH_Program_Word)
    i.FLASH_ReadWord                         0x08000728   Section        0  bsp_flash.o(i.FLASH_ReadWord)
    i.FLASH_SetErrorCode                     0x08000730   Section        0  stm32f4xx_hal_flash.o(i.FLASH_SetErrorCode)
    FLASH_SetErrorCode                       0x08000731   Thumb Code   142  stm32f4xx_hal_flash.o(i.FLASH_SetErrorCode)
    i.FLASH_WaitForLastOperation             0x080007c8   Section        0  stm32f4xx_hal_flash.o(i.FLASH_WaitForLastOperation)
    i.FLASH_Write                            0x0800082c   Section        0  bsp_flash.o(i.FLASH_Write)
    i.FSMC_NORSRAM_Extended_Timing_Init      0x080008e0   Section        0  stm32f4xx_ll_fsmc.o(i.FSMC_NORSRAM_Extended_Timing_Init)
    i.FSMC_NORSRAM_Init                      0x08000924   Section        0  stm32f4xx_ll_fsmc.o(i.FSMC_NORSRAM_Init)
    i.FSMC_NORSRAM_Timing_Init               0x0800099c   Section        0  stm32f4xx_ll_fsmc.o(i.FSMC_NORSRAM_Timing_Init)
    i.HAL_FLASHEx_Erase                      0x080009e0   Section        0  stm32f4xx_hal_flash_ex.o(i.HAL_FLASHEx_Erase)
    i.HAL_FLASH_Lock                         0x08000a8c   Section        0  stm32f4xx_hal_flash.o(i.HAL_FLASH_Lock)
    i.HAL_FLASH_Program                      0x08000aa0   Section        0  stm32f4xx_hal_flash.o(i.HAL_FLASH_Program)
    i.HAL_FLASH_Unlock                       0x08000b38   Section        0  stm32f4xx_hal_flash.o(i.HAL_FLASH_Unlock)
    i.HAL_FSMC_MspInit                       0x08000b6c   Section        0  stm32f4xx_hal_msp.o(i.HAL_FSMC_MspInit)
    HAL_FSMC_MspInit                         0x08000b6d   Thumb Code   182  stm32f4xx_hal_msp.o(i.HAL_FSMC_MspInit)
    i.HAL_GPIO_Init                          0x08000c3c   Section        0  stm32f4xx_hal_gpio.o(i.HAL_GPIO_Init)
    i.HAL_GPIO_ReadPin                       0x08000e30   Section        0  stm32f4xx_hal_gpio.o(i.HAL_GPIO_ReadPin)
    i.HAL_GPIO_TogglePin                     0x08000e40   Section        0  stm32f4xx_hal_gpio.o(i.HAL_GPIO_TogglePin)
    i.HAL_GPIO_WritePin                      0x08000e54   Section        0  stm32f4xx_hal_gpio.o(i.HAL_GPIO_WritePin)
    i.HAL_GetTick                            0x08000e60   Section        0  stm32f4xx_hal.o(i.HAL_GetTick)
    i.HAL_Init                               0x08000e6c   Section        0  stm32f4xx_hal.o(i.HAL_Init)
    i.HAL_InitTick                           0x08000ea8   Section        0  stm32f4xx_hal.o(i.HAL_InitTick)
    i.HAL_MspInit                            0x08000ef4   Section        0  stm32f4xx_hal_msp.o(i.HAL_MspInit)
    i.HAL_NVIC_EnableIRQ                     0x08000f3c   Section        0  stm32f4xx_hal_cortex.o(i.HAL_NVIC_EnableIRQ)
    i.HAL_NVIC_SetPriority                   0x08000f64   Section        0  stm32f4xx_hal_cortex.o(i.HAL_NVIC_SetPriority)
    i.HAL_NVIC_SetPriorityGrouping           0x08000fe0   Section        0  stm32f4xx_hal_cortex.o(i.HAL_NVIC_SetPriorityGrouping)
    i.HAL_RCC_ClockConfig                    0x08001008   Section        0  stm32f4xx_hal_rcc.o(i.HAL_RCC_ClockConfig)
    i.HAL_RCC_GetHCLKFreq                    0x0800118c   Section        0  stm32f4xx_hal_rcc.o(i.HAL_RCC_GetHCLKFreq)
    i.HAL_RCC_GetPCLK1Freq                   0x08001198   Section        0  stm32f4xx_hal_rcc.o(i.HAL_RCC_GetPCLK1Freq)
    i.HAL_RCC_GetPCLK2Freq                   0x080011b8   Section        0  stm32f4xx_hal_rcc.o(i.HAL_RCC_GetPCLK2Freq)
    i.HAL_RCC_GetSysClockFreq                0x080011d8   Section        0  stm32f4xx_hal_rcc.o(i.HAL_RCC_GetSysClockFreq)
    i.HAL_RCC_OscConfig                      0x08001288   Section        0  stm32f4xx_hal_rcc.o(i.HAL_RCC_OscConfig)
    i.HAL_SRAM_Init                          0x08001724   Section        0  stm32f4xx_hal_sram.o(i.HAL_SRAM_Init)
    i.HAL_SRAM_MspInit                       0x08001782   Section        0  stm32f4xx_hal_msp.o(i.HAL_SRAM_MspInit)
    i.HAL_SYSTICK_CLKSourceConfig            0x0800178c   Section        0  stm32f4xx_hal_cortex.o(i.HAL_SYSTICK_CLKSourceConfig)
    i.HAL_SYSTICK_Config                     0x080017b4   Section        0  stm32f4xx_hal_cortex.o(i.HAL_SYSTICK_Config)
    i.HAL_UART_Init                          0x080017e8   Section        0  stm32f4xx_hal_uart.o(i.HAL_UART_Init)
    i.HAL_UART_MspInit                       0x08001860   Section        0  stm32f4xx_hal_msp.o(i.HAL_UART_MspInit)
    i.HAL_UART_Receive                       0x080018f8   Section        0  stm32f4xx_hal_uart.o(i.HAL_UART_Receive)
    i.HardFault_Handler                      0x080019ba   Section        0  stm32f4xx_it.o(i.HardFault_Handler)
    i.Key_Scan                               0x080019c0   Section        0  bsp_key.o(i.Key_Scan)
    i.LCD_Clear                              0x08001a64   Section        0  drv_lcd.o(i.LCD_Clear)
    i.LCD_Display_Dir                        0x08001a98   Section        0  drv_lcd.o(i.LCD_Display_Dir)
    i.LCD_Fast_DrawPoint                     0x08001bc8   Section        0  drv_lcd.o(i.LCD_Fast_DrawPoint)
    i.LCD_Fill                               0x08001cbc   Section        0  drv_lcd.o(i.LCD_Fill)
    i.LCD_RD_DATA                            0x08001d10   Section        0  drv_lcd.o(i.LCD_RD_DATA)
    i.LCD_SSD_BackLightSet                   0x08001d24   Section        0  drv_lcd.o(i.LCD_SSD_BackLightSet)
    i.LCD_Scan_Dir                           0x08001d84   Section        0  drv_lcd.o(i.LCD_Scan_Dir)
    i.LCD_SetCursor                          0x08001fb8   Section        0  drv_lcd.o(i.LCD_SetCursor)
    i.LCD_ShowChar                           0x080020d8   Section        0  drv_lcd.o(i.LCD_ShowChar)
    i.LCD_ShowString                         0x08002214   Section        0  drv_lcd.o(i.LCD_ShowString)
    i.LCD_WR_DATA                            0x0800227c   Section        0  drv_lcd.o(i.LCD_WR_DATA)
    i.LCD_WR_REG                             0x08002294   Section        0  drv_lcd.o(i.LCD_WR_REG)
    i.LCD_WriteRAM_Prepare                   0x080022ac   Section        0  drv_lcd.o(i.LCD_WriteRAM_Prepare)
    i.LCD_WriteReg                           0x080022c0   Section        0  drv_lcd.o(i.LCD_WriteReg)
    i.MX_FSMC_Init                           0x080022d4   Section        0  main.o(i.MX_FSMC_Init)
    MX_FSMC_Init                             0x080022d5   Thumb Code   114  main.o(i.MX_FSMC_Init)
    i.MX_GPIO_Init                           0x08002350   Section        0  main.o(i.MX_GPIO_Init)
    MX_GPIO_Init                             0x08002351   Thumb Code   340  main.o(i.MX_GPIO_Init)
    i.MX_USART1_UART_Init                    0x080024b8   Section        0  main.o(i.MX_USART1_UART_Init)
    MX_USART1_UART_Init                      0x080024b9   Thumb Code    46  main.o(i.MX_USART1_UART_Init)
    i.MemManage_Handler                      0x080024f0   Section        0  stm32f4xx_it.o(i.MemManage_Handler)
    i.NMI_Handler                            0x080024f4   Section        0  stm32f4xx_it.o(i.NMI_Handler)
    i.PendSV_Handler                         0x080024f8   Section        0  stm32f4xx_it.o(i.PendSV_Handler)
    i.SVC_Handler                            0x080024fa   Section        0  stm32f4xx_it.o(i.SVC_Handler)
    i.SysTick_Handler                        0x080024fc   Section        0  stm32f4xx_it.o(i.SysTick_Handler)
    i.SystemClock_Config                     0x08002500   Section        0  main.o(i.SystemClock_Config)
    i.SystemInit                             0x080025b4   Section        0  system_stm32f4xx.o(i.SystemInit)
    i.UART_EndRxTransfer                     0x080025c8   Section        0  stm32f4xx_hal_uart.o(i.UART_EndRxTransfer)
    UART_EndRxTransfer                       0x080025c9   Thumb Code   108  stm32f4xx_hal_uart.o(i.UART_EndRxTransfer)
    i.UART_SetConfig                         0x08002634   Section        0  stm32f4xx_hal_uart.o(i.UART_SetConfig)
    UART_SetConfig                           0x08002635   Thumb Code   546  stm32f4xx_hal_uart.o(i.UART_SetConfig)
    i.UART_WaitOnFlagUntilTimeout            0x08002860   Section        0  stm32f4xx_hal_uart.o(i.UART_WaitOnFlagUntilTimeout)
    UART_WaitOnFlagUntilTimeout              0x08002861   Thumb Code   140  stm32f4xx_hal_uart.o(i.UART_WaitOnFlagUntilTimeout)
    i.USART1_IRQHandler                      0x080028ec   Section        0  stm32f4xx_it.o(i.USART1_IRQHandler)
    i.UsageFault_Handler                     0x080028f4   Section        0  stm32f4xx_it.o(i.UsageFault_Handler)
    i.__0printf$1                            0x080028f8   Section        0  printf1.o(i.__0printf$1)
    i.__NVIC_GetPriorityGrouping             0x08002918   Section        0  stm32f4xx_hal_cortex.o(i.__NVIC_GetPriorityGrouping)
    __NVIC_GetPriorityGrouping               0x08002919   Thumb Code    10  stm32f4xx_hal_cortex.o(i.__NVIC_GetPriorityGrouping)
    i.__NVIC_SetPriority                     0x08002928   Section        0  stm32f4xx_hal_cortex.o(i.__NVIC_SetPriority)
    __NVIC_SetPriority                       0x08002929   Thumb Code    32  stm32f4xx_hal_cortex.o(i.__NVIC_SetPriority)
    i.__scatterload_copy                     0x08002950   Section       14  handlers.o(i.__scatterload_copy)
    i.__scatterload_null                     0x0800295e   Section        2  handlers.o(i.__scatterload_null)
    i.__scatterload_zeroinit                 0x08002960   Section       14  handlers.o(i.__scatterload_zeroinit)
    i._printf_core                           0x08002970   Section        0  printf1.o(i._printf_core)
    _printf_core                             0x08002971   Thumb Code   336  printf1.o(i._printf_core)
    i.bsp_systick_init                       0x08002ac4   Section        0  system.o(i.bsp_systick_init)
    i.bsp_uart1_init                         0x08002ad8   Section        0  bsp_uart.o(i.bsp_uart1_init)
    i.delay_ms                               0x08002af0   Section        0  system.o(i.delay_ms)
    i.delay_us                               0x08002b0c   Section        0  system.o(i.delay_us)
    i.drv_LCD_Init                           0x08002b54   Section        0  drv_lcd.o(i.drv_LCD_Init)
    i.fputc                                  0x08005164   Section        0  bsp_uart.o(i.fputc)
    i.iap_load_app                           0x08005180   Section        0  iap.o(i.iap_load_app)
    i.iap_write_appbin                       0x080051ac   Section        0  iap.o(i.iap_write_appbin)
    i.key_delay                              0x08005214   Section        0  bsp_key.o(i.key_delay)
    i.main                                   0x08005234   Section        0  main.o(i.main)
    i.uart1_Rx_handler                       0x080056a0   Section        0  bsp_uart.o(i.uart1_Rx_handler)
    .constdata                               0x080056ec   Section       24  system_stm32f4xx.o(.constdata)
    .constdata                               0x08005704   Section    18240  drv_lcd.o(.constdata)
    .data                                    0x20000000   Section        8  stm32f4xx_hal_msp.o(.data)
    FSMC_Initialized                         0x20000000   Data           4  stm32f4xx_hal_msp.o(.data)
    FSMC_DeInitialized                       0x20000004   Data           4  stm32f4xx_hal_msp.o(.data)
    .data                                    0x20000008   Section        9  stm32f4xx_hal.o(.data)
    .data                                    0x20000014   Section        4  system_stm32f4xx.o(.data)
    .data                                    0x20000018   Section        1  bsp_key.o(.data)
    key_up                                   0x20000018   Data           1  bsp_key.o(.data)
    .data                                    0x2000001c   Section        8  drv_lcd.o(.data)
    .data                                    0x20000024   Section       12  bsp_uart.o(.data)
    .data                                    0x20000030   Section        4  iap.o(.data)
    .data                                    0x20000034   Section        4  system.o(.data)
    fac_us                                   0x20000034   Data           4  system.o(.data)
    .bss                                     0x20000038   Section      152  main.o(.bss)
    .bss                                     0x200000d0   Section       32  stm32f4xx_hal_flash.o(.bss)
    .bss                                     0x200000f0   Section       14  drv_lcd.o(.bss)
    .bss                                     0x20000100   Section     2048  iap.o(.bss)
    STACK                                    0x20000900   Section     1024  startup_stm32f407xx.o(STACK)
    .ARM.__AT_0x20001000                     0x20001000   Section    122880  bsp_uart.o(.ARM.__AT_0x20001000)

    Global Symbols

    Symbol Name                              Value     Ov Type        Size  Object(Section)

    BuildAttributes$$THM_ISAv4$E$P$D$K$B$S$7EM$VFPi3$EXTD16$VFPS$VFMA$PE$A:L22UL41UL21$X:L11$S22US41US21$IEEE1$IW$USESV6$~STKCKD$USESV7$~SHL$OSPACE$ROPI$EBA8$MICROLIB$REQ8$PRES8$EABIv2 0x00000000   Number         0  anon$$obj.o ABSOLUTE
    __ARM_use_no_argv                        0x00000000   Number         0  main.o ABSOLUTE
    __use_no_errno                           0x00000000   Number         0  useno.o ABSOLUTE
    __use_no_exception_handling              0x00000000   Number         0  useno.o ABSOLUTE
    __use_no_fp                              0x00000000   Number         0  useno.o ABSOLUTE
    __use_no_heap                            0x00000000   Number         0  useno.o ABSOLUTE
    __use_no_heap_region                     0x00000000   Number         0  useno.o ABSOLUTE
    __use_no_semihosting                     0x00000000   Number         0  useno.o ABSOLUTE
    __use_no_semihosting_swi                 0x00000000   Number         0  useno.o ABSOLUTE
    __use_no_signal_handling                 0x00000000   Number         0  useno.o ABSOLUTE
    _printf_a                                0x00000000   Number         0  stubs.o ABSOLUTE
    _printf_c                                0x00000000   Number         0  stubs.o ABSOLUTE
    _printf_charcount                        0x00000000   Number         0  stubs.o ABSOLUTE
    _printf_d                                0x00000000   Number         0  stubs.o ABSOLUTE
    _printf_e                                0x00000000   Number         0  stubs.o ABSOLUTE
    _printf_f                                0x00000000   Number         0  stubs.o ABSOLUTE
    _printf_flags                            0x00000000   Number         0  stubs.o ABSOLUTE
    _printf_fp_dec                           0x00000000   Number         0  stubs.o ABSOLUTE
    _printf_fp_hex                           0x00000000   Number         0  stubs.o ABSOLUTE
    _printf_g                                0x00000000   Number         0  stubs.o ABSOLUTE
    _printf_i                                0x00000000   Number         0  stubs.o ABSOLUTE
    _printf_int_dec                          0x00000000   Number         0  stubs.o ABSOLUTE
    _printf_l                                0x00000000   Number         0  stubs.o ABSOLUTE
    _printf_lc                               0x00000000   Number         0  stubs.o ABSOLUTE
    _printf_ll                               0x00000000   Number         0  stubs.o ABSOLUTE
    _printf_lld                              0x00000000   Number         0  stubs.o ABSOLUTE
    _printf_lli                              0x00000000   Number         0  stubs.o ABSOLUTE
    _printf_llo                              0x00000000   Number         0  stubs.o ABSOLUTE
    _printf_llu                              0x00000000   Number         0  stubs.o ABSOLUTE
    _printf_llx                              0x00000000   Number         0  stubs.o ABSOLUTE
    _printf_longlong_dec                     0x00000000   Number         0  stubs.o ABSOLUTE
    _printf_longlong_hex                     0x00000000   Number         0  stubs.o ABSOLUTE
    _printf_longlong_oct                     0x00000000   Number         0  stubs.o ABSOLUTE
    _printf_ls                               0x00000000   Number         0  stubs.o ABSOLUTE
    _printf_mbtowc                           0x00000000   Number         0  stubs.o ABSOLUTE
    _printf_n                                0x00000000   Number         0  stubs.o ABSOLUTE
    _printf_o                                0x00000000   Number         0  stubs.o ABSOLUTE
    _printf_p                                0x00000000   Number         0  stubs.o ABSOLUTE
    _printf_percent                          0x00000000   Number         0  stubs.o ABSOLUTE
    _printf_pre_padding                      0x00000000   Number         0  stubs.o ABSOLUTE
    _printf_return_value                     0x00000000   Number         0  stubs.o ABSOLUTE
    _printf_s                                0x00000000   Number         0  stubs.o ABSOLUTE
    _printf_sizespec                         0x00000000   Number         0  stubs.o ABSOLUTE
    _printf_str                              0x00000000   Number         0  stubs.o ABSOLUTE
    _printf_truncate_signed                  0x00000000   Number         0  stubs.o ABSOLUTE
    _printf_truncate_unsigned                0x00000000   Number         0  stubs.o ABSOLUTE
    _printf_u                                0x00000000   Number         0  stubs.o ABSOLUTE
    _printf_wc                               0x00000000   Number         0  stubs.o ABSOLUTE
    _printf_wctomb                           0x00000000   Number         0  stubs.o ABSOLUTE
    _printf_widthprec                        0x00000000   Number         0  stubs.o ABSOLUTE
    _printf_x                                0x00000000   Number         0  stubs.o ABSOLUTE
    __arm_fini_                               - Undefined Weak Reference
    __cpp_initialize__aeabi_                  - Undefined Weak Reference
    __cxa_finalize                            - Undefined Weak Reference
    __decompress                              - Undefined Weak Reference
    _clock_init                               - Undefined Weak Reference
    _microlib_exit                            - Undefined Weak Reference
    __Vectors_Size                           0x00000188   Number         0  startup_stm32f407xx.o ABSOLUTE
    __Vectors                                0x08000000   Data           4  startup_stm32f407xx.o(RESET)
    __Vectors_End                            0x08000188   Data           0  startup_stm32f407xx.o(RESET)
    __main                                   0x08000189   Thumb Code     0  entry.o(.ARM.Collect$$$$00000000)
    _main_stk                                0x08000189   Thumb Code     0  entry2.o(.ARM.Collect$$$$00000001)
    _main_scatterload                        0x0800018d   Thumb Code     0  entry5.o(.ARM.Collect$$$$00000004)
    __main_after_scatterload                 0x08000191   Thumb Code     0  entry5.o(.ARM.Collect$$$$00000004)
    _main_clock                              0x08000191   Thumb Code     0  entry7b.o(.ARM.Collect$$$$00000008)
    _main_cpp_init                           0x08000191   Thumb Code     0  entry8b.o(.ARM.Collect$$$$0000000A)
    _main_init                               0x08000191   Thumb Code     0  entry9a.o(.ARM.Collect$$$$0000000B)
    __rt_lib_shutdown_fini                   0x08000199   Thumb Code     0  entry12b.o(.ARM.Collect$$$$0000000E)
    __rt_final_cpp                           0x0800019d   Thumb Code     0  entry10a.o(.ARM.Collect$$$$0000000F)
    __rt_final_exit                          0x0800019d   Thumb Code     0  entry11a.o(.ARM.Collect$$$$00000011)
    WFI_SET                                  0x080001a1   Thumb Code     2  system.o(.emb_text)
    INTX_DISABLE                             0x080001a3   Thumb Code     4  system.o(.emb_text)
    INTX_ENABLE                              0x080001a7   Thumb Code     4  system.o(.emb_text)
    MSR_MSP                                  0x080001ab   Thumb Code     6  system.o(.emb_text)
    Reset_Handler                            0x080001b1   Thumb Code     8  startup_stm32f407xx.o(.text)
    ADC_IRQHandler                           0x080001cb   Thumb Code     0  startup_stm32f407xx.o(.text)
    CAN1_RX0_IRQHandler                      0x080001cb   Thumb Code     0  startup_stm32f407xx.o(.text)
    CAN1_RX1_IRQHandler                      0x080001cb   Thumb Code     0  startup_stm32f407xx.o(.text)
    CAN1_SCE_IRQHandler                      0x080001cb   Thumb Code     0  startup_stm32f407xx.o(.text)
    CAN1_TX_IRQHandler                       0x080001cb   Thumb Code     0  startup_stm32f407xx.o(.text)
    CAN2_RX0_IRQHandler                      0x080001cb   Thumb Code     0  startup_stm32f407xx.o(.text)
    CAN2_RX1_IRQHandler                      0x080001cb   Thumb Code     0  startup_stm32f407xx.o(.text)
    CAN2_SCE_IRQHandler                      0x080001cb   Thumb Code     0  startup_stm32f407xx.o(.text)
    CAN2_TX_IRQHandler                       0x080001cb   Thumb Code     0  startup_stm32f407xx.o(.text)
    DCMI_IRQHandler                          0x080001cb   Thumb Code     0  startup_stm32f407xx.o(.text)
    DMA1_Stream0_IRQHandler                  0x080001cb   Thumb Code     0  startup_stm32f407xx.o(.text)
    DMA1_Stream1_IRQHandler                  0x080001cb   Thumb Code     0  startup_stm32f407xx.o(.text)
    DMA1_Stream2_IRQHandler                  0x080001cb   Thumb Code     0  startup_stm32f407xx.o(.text)
    DMA1_Stream3_IRQHandler                  0x080001cb   Thumb Code     0  startup_stm32f407xx.o(.text)
    DMA1_Stream4_IRQHandler                  0x080001cb   Thumb Code     0  startup_stm32f407xx.o(.text)
    DMA1_Stream5_IRQHandler                  0x080001cb   Thumb Code     0  startup_stm32f407xx.o(.text)
    DMA1_Stream6_IRQHandler                  0x080001cb   Thumb Code     0  startup_stm32f407xx.o(.text)
    DMA1_Stream7_IRQHandler                  0x080001cb   Thumb Code     0  startup_stm32f407xx.o(.text)
    DMA2_Stream0_IRQHandler                  0x080001cb   Thumb Code     0  startup_stm32f407xx.o(.text)
    DMA2_Stream1_IRQHandler                  0x080001cb   Thumb Code     0  startup_stm32f407xx.o(.text)
    DMA2_Stream2_IRQHandler                  0x080001cb   Thumb Code     0  startup_stm32f407xx.o(.text)
    DMA2_Stream3_IRQHandler                  0x080001cb   Thumb Code     0  startup_stm32f407xx.o(.text)
    DMA2_Stream4_IRQHandler                  0x080001cb   Thumb Code     0  startup_stm32f407xx.o(.text)
    DMA2_Stream5_IRQHandler                  0x080001cb   Thumb Code     0  startup_stm32f407xx.o(.text)
    DMA2_Stream6_IRQHandler                  0x080001cb   Thumb Code     0  startup_stm32f407xx.o(.text)
    DMA2_Stream7_IRQHandler                  0x080001cb   Thumb Code     0  startup_stm32f407xx.o(.text)
    ETH_IRQHandler                           0x080001cb   Thumb Code     0  startup_stm32f407xx.o(.text)
    ETH_WKUP_IRQHandler                      0x080001cb   Thumb Code     0  startup_stm32f407xx.o(.text)
    EXTI0_IRQHandler                         0x080001cb   Thumb Code     0  startup_stm32f407xx.o(.text)
    EXTI15_10_IRQHandler                     0x080001cb   Thumb Code     0  startup_stm32f407xx.o(.text)
    EXTI1_IRQHandler                         0x080001cb   Thumb Code     0  startup_stm32f407xx.o(.text)
    EXTI2_IRQHandler                         0x080001cb   Thumb Code     0  startup_stm32f407xx.o(.text)
    EXTI3_IRQHandler                         0x080001cb   Thumb Code     0  startup_stm32f407xx.o(.text)
    EXTI4_IRQHandler                         0x080001cb   Thumb Code     0  startup_stm32f407xx.o(.text)
    EXTI9_5_IRQHandler                       0x080001cb   Thumb Code     0  startup_stm32f407xx.o(.text)
    FLASH_IRQHandler                         0x080001cb   Thumb Code     0  startup_stm32f407xx.o(.text)
    FMC_IRQHandler                           0x080001cb   Thumb Code     0  startup_stm32f407xx.o(.text)
    FPU_IRQHandler                           0x080001cb   Thumb Code     0  startup_stm32f407xx.o(.text)
    HASH_RNG_IRQHandler                      0x080001cb   Thumb Code     0  startup_stm32f407xx.o(.text)
    I2C1_ER_IRQHandler                       0x080001cb   Thumb Code     0  startup_stm32f407xx.o(.text)
    I2C1_EV_IRQHandler                       0x080001cb   Thumb Code     0  startup_stm32f407xx.o(.text)
    I2C2_ER_IRQHandler                       0x080001cb   Thumb Code     0  startup_stm32f407xx.o(.text)
    I2C2_EV_IRQHandler                       0x080001cb   Thumb Code     0  startup_stm32f407xx.o(.text)
    I2C3_ER_IRQHandler                       0x080001cb   Thumb Code     0  startup_stm32f407xx.o(.text)
    I2C3_EV_IRQHandler                       0x080001cb   Thumb Code     0  startup_stm32f407xx.o(.text)
    OTG_FS_IRQHandler                        0x080001cb   Thumb Code     0  startup_stm32f407xx.o(.text)
    OTG_FS_WKUP_IRQHandler                   0x080001cb   Thumb Code     0  startup_stm32f407xx.o(.text)
    OTG_HS_EP1_IN_IRQHandler                 0x080001cb   Thumb Code     0  startup_stm32f407xx.o(.text)
    OTG_HS_EP1_OUT_IRQHandler                0x080001cb   Thumb Code     0  startup_stm32f407xx.o(.text)
    OTG_HS_IRQHandler                        0x080001cb   Thumb Code     0  startup_stm32f407xx.o(.text)
    OTG_HS_WKUP_IRQHandler                   0x080001cb   Thumb Code     0  startup_stm32f407xx.o(.text)
    PVD_IRQHandler                           0x080001cb   Thumb Code     0  startup_stm32f407xx.o(.text)
    RCC_IRQHandler                           0x080001cb   Thumb Code     0  startup_stm32f407xx.o(.text)
    RTC_Alarm_IRQHandler                     0x080001cb   Thumb Code     0  startup_stm32f407xx.o(.text)
    RTC_WKUP_IRQHandler                      0x080001cb   Thumb Code     0  startup_stm32f407xx.o(.text)
    SDIO_IRQHandler                          0x080001cb   Thumb Code     0  startup_stm32f407xx.o(.text)
    SPI1_IRQHandler                          0x080001cb   Thumb Code     0  startup_stm32f407xx.o(.text)
    SPI2_IRQHandler                          0x080001cb   Thumb Code     0  startup_stm32f407xx.o(.text)
    SPI3_IRQHandler                          0x080001cb   Thumb Code     0  startup_stm32f407xx.o(.text)
    TAMP_STAMP_IRQHandler                    0x080001cb   Thumb Code     0  startup_stm32f407xx.o(.text)
    TIM1_BRK_TIM9_IRQHandler                 0x080001cb   Thumb Code     0  startup_stm32f407xx.o(.text)
    TIM1_CC_IRQHandler                       0x080001cb   Thumb Code     0  startup_stm32f407xx.o(.text)
    TIM1_TRG_COM_TIM11_IRQHandler            0x080001cb   Thumb Code     0  startup_stm32f407xx.o(.text)
    TIM1_UP_TIM10_IRQHandler                 0x080001cb   Thumb Code     0  startup_stm32f407xx.o(.text)
    TIM2_IRQHandler                          0x080001cb   Thumb Code     0  startup_stm32f407xx.o(.text)
    TIM3_IRQHandler                          0x080001cb   Thumb Code     0  startup_stm32f407xx.o(.text)
    TIM4_IRQHandler                          0x080001cb   Thumb Code     0  startup_stm32f407xx.o(.text)
    TIM5_IRQHandler                          0x080001cb   Thumb Code     0  startup_stm32f407xx.o(.text)
    TIM6_DAC_IRQHandler                      0x080001cb   Thumb Code     0  startup_stm32f407xx.o(.text)
    TIM7_IRQHandler                          0x080001cb   Thumb Code     0  startup_stm32f407xx.o(.text)
    TIM8_BRK_TIM12_IRQHandler                0x080001cb   Thumb Code     0  startup_stm32f407xx.o(.text)
    TIM8_CC_IRQHandler                       0x080001cb   Thumb Code     0  startup_stm32f407xx.o(.text)
    TIM8_TRG_COM_TIM14_IRQHandler            0x080001cb   Thumb Code     0  startup_stm32f407xx.o(.text)
    TIM8_UP_TIM13_IRQHandler                 0x080001cb   Thumb Code     0  startup_stm32f407xx.o(.text)
    UART4_IRQHandler                         0x080001cb   Thumb Code     0  startup_stm32f407xx.o(.text)
    UART5_IRQHandler                         0x080001cb   Thumb Code     0  startup_stm32f407xx.o(.text)
    USART2_IRQHandler                        0x080001cb   Thumb Code     0  startup_stm32f407xx.o(.text)
    USART3_IRQHandler                        0x080001cb   Thumb Code     0  startup_stm32f407xx.o(.text)
    USART6_IRQHandler                        0x080001cb   Thumb Code     0  startup_stm32f407xx.o(.text)
    WWDG_IRQHandler                          0x080001cb   Thumb Code     0  startup_stm32f407xx.o(.text)
    __aeabi_uldivmod                         0x080001d5   Thumb Code    98  uldiv.o(.text)
    __aeabi_memset                           0x08000237   Thumb Code    14  memseta.o(.text)
    __aeabi_memset4                          0x08000237   Thumb Code     0  memseta.o(.text)
    __aeabi_memset8                          0x08000237   Thumb Code     0  memseta.o(.text)
    __aeabi_memclr                           0x08000245   Thumb Code     4  memseta.o(.text)
    __aeabi_memclr4                          0x08000245   Thumb Code     0  memseta.o(.text)
    __aeabi_memclr8                          0x08000245   Thumb Code     0  memseta.o(.text)
    _memset$wrapper                          0x08000249   Thumb Code    18  memseta.o(.text)
    __aeabi_dmul                             0x0800025b   Thumb Code   228  dmul.o(.text)
    __aeabi_ui2d                             0x0800033f   Thumb Code    26  dfltui.o(.text)
    __aeabi_d2uiz                            0x08000359   Thumb Code    50  dfixui.o(.text)
    __aeabi_uidiv                            0x0800038b   Thumb Code     0  uidiv.o(.text)
    __aeabi_uidivmod                         0x0800038b   Thumb Code    44  uidiv.o(.text)
    __aeabi_llsl                             0x080003b7   Thumb Code    30  llshl.o(.text)
    _ll_shift_l                              0x080003b7   Thumb Code     0  llshl.o(.text)
    __aeabi_llsr                             0x080003d5   Thumb Code    32  llushr.o(.text)
    _ll_ushift_r                             0x080003d5   Thumb Code     0  llushr.o(.text)
    __I$use$fp                               0x080003f5   Thumb Code     0  iusefp.o(.text)
    _double_round                            0x080003f5   Thumb Code    30  depilogue.o(.text)
    _double_epilogue                         0x08000413   Thumb Code   156  depilogue.o(.text)
    __scatterload                            0x080004b1   Thumb Code    28  init.o(.text)
    __scatterload_rt2                        0x080004b1   Thumb Code     0  init.o(.text)
    BusFault_Handler                         0x080004d5   Thumb Code     4  stm32f4xx_it.o(i.BusFault_Handler)
    DebugMon_Handler                         0x080004d9   Thumb Code     2  stm32f4xx_it.o(i.DebugMon_Handler)
    Error_Handler                            0x080004db   Thumb Code     6  main.o(i.Error_Handler)
    FLASH_Erase_Sector                       0x080004e1   Thumb Code    86  stm32f4xx_hal_flash_ex.o(i.FLASH_Erase_Sector)
    FLASH_FlushCaches                        0x0800053d   Thumb Code   114  stm32f4xx_hal_flash_ex.o(i.FLASH_FlushCaches)
    FLASH_GetFlashSector                     0x080005b5   Thumb Code   116  bsp_flash.o(i.FLASH_GetFlashSector)
    FLASH_ReadWord                           0x08000729   Thumb Code     6  bsp_flash.o(i.FLASH_ReadWord)
    FLASH_WaitForLastOperation               0x080007c9   Thumb Code    90  stm32f4xx_hal_flash.o(i.FLASH_WaitForLastOperation)
    FLASH_Write                              0x0800082d   Thumb Code   174  bsp_flash.o(i.FLASH_Write)
    FSMC_NORSRAM_Extended_Timing_Init        0x080008e1   Thumb Code    62  stm32f4xx_ll_fsmc.o(i.FSMC_NORSRAM_Extended_Timing_Init)
    FSMC_NORSRAM_Init                        0x08000925   Thumb Code   116  stm32f4xx_ll_fsmc.o(i.FSMC_NORSRAM_Init)
    FSMC_NORSRAM_Timing_Init                 0x0800099d   Thumb Code    66  stm32f4xx_ll_fsmc.o(i.FSMC_NORSRAM_Timing_Init)
    HAL_FLASHEx_Erase                        0x080009e1   Thumb Code   164  stm32f4xx_hal_flash_ex.o(i.HAL_FLASHEx_Erase)
    HAL_FLASH_Lock                           0x08000a8d   Thumb Code    16  stm32f4xx_hal_flash.o(i.HAL_FLASH_Lock)
    HAL_FLASH_Program                        0x08000aa1   Thumb Code   142  stm32f4xx_hal_flash.o(i.HAL_FLASH_Program)
    HAL_FLASH_Unlock                         0x08000b39   Thumb Code    38  stm32f4xx_hal_flash.o(i.HAL_FLASH_Unlock)
    HAL_GPIO_Init                            0x08000c3d   Thumb Code   454  stm32f4xx_hal_gpio.o(i.HAL_GPIO_Init)
    HAL_GPIO_ReadPin                         0x08000e31   Thumb Code    16  stm32f4xx_hal_gpio.o(i.HAL_GPIO_ReadPin)
    HAL_GPIO_TogglePin                       0x08000e41   Thumb Code    20  stm32f4xx_hal_gpio.o(i.HAL_GPIO_TogglePin)
    HAL_GPIO_WritePin                        0x08000e55   Thumb Code    12  stm32f4xx_hal_gpio.o(i.HAL_GPIO_WritePin)
    HAL_GetTick                              0x08000e61   Thumb Code     6  stm32f4xx_hal.o(i.HAL_GetTick)
    HAL_Init                                 0x08000e6d   Thumb Code    54  stm32f4xx_hal.o(i.HAL_Init)
    HAL_InitTick                             0x08000ea9   Thumb Code    64  stm32f4xx_hal.o(i.HAL_InitTick)
    HAL_MspInit                              0x08000ef5   Thumb Code    68  stm32f4xx_hal_msp.o(i.HAL_MspInit)
    HAL_NVIC_EnableIRQ                       0x08000f3d   Thumb Code    40  stm32f4xx_hal_cortex.o(i.HAL_NVIC_EnableIRQ)
    HAL_NVIC_SetPriority                     0x08000f65   Thumb Code   124  stm32f4xx_hal_cortex.o(i.HAL_NVIC_SetPriority)
    HAL_NVIC_SetPriorityGrouping             0x08000fe1   Thumb Code    32  stm32f4xx_hal_cortex.o(i.HAL_NVIC_SetPriorityGrouping)
    HAL_RCC_ClockConfig                      0x08001009   Thumb Code   368  stm32f4xx_hal_rcc.o(i.HAL_RCC_ClockConfig)
    HAL_RCC_GetHCLKFreq                      0x0800118d   Thumb Code     6  stm32f4xx_hal_rcc.o(i.HAL_RCC_GetHCLKFreq)
    HAL_RCC_GetPCLK1Freq                     0x08001199   Thumb Code    22  stm32f4xx_hal_rcc.o(i.HAL_RCC_GetPCLK1Freq)
    HAL_RCC_GetPCLK2Freq                     0x080011b9   Thumb Code    22  stm32f4xx_hal_rcc.o(i.HAL_RCC_GetPCLK2Freq)
    HAL_RCC_GetSysClockFreq                  0x080011d9   Thumb Code   162  stm32f4xx_hal_rcc.o(i.HAL_RCC_GetSysClockFreq)
    HAL_RCC_OscConfig                        0x08001289   Thumb Code  1172  stm32f4xx_hal_rcc.o(i.HAL_RCC_OscConfig)
    HAL_SRAM_Init                            0x08001725   Thumb Code    94  stm32f4xx_hal_sram.o(i.HAL_SRAM_Init)
    HAL_SRAM_MspInit                         0x08001783   Thumb Code    10  stm32f4xx_hal_msp.o(i.HAL_SRAM_MspInit)
    HAL_SYSTICK_CLKSourceConfig              0x0800178d   Thumb Code    40  stm32f4xx_hal_cortex.o(i.HAL_SYSTICK_CLKSourceConfig)
    HAL_SYSTICK_Config                       0x080017b5   Thumb Code    52  stm32f4xx_hal_cortex.o(i.HAL_SYSTICK_Config)
    HAL_UART_Init                            0x080017e9   Thumb Code   118  stm32f4xx_hal_uart.o(i.HAL_UART_Init)
    HAL_UART_MspInit                         0x08001861   Thumb Code   140  stm32f4xx_hal_msp.o(i.HAL_UART_MspInit)
    HAL_UART_Receive                         0x080018f9   Thumb Code   194  stm32f4xx_hal_uart.o(i.HAL_UART_Receive)
    HardFault_Handler                        0x080019bb   Thumb Code     4  stm32f4xx_it.o(i.HardFault_Handler)
    Key_Scan                                 0x080019c1   Thumb Code   150  bsp_key.o(i.Key_Scan)
    LCD_Clear                                0x08001a65   Thumb Code    42  drv_lcd.o(i.LCD_Clear)
    LCD_Display_Dir                          0x08001a99   Thumb Code   298  drv_lcd.o(i.LCD_Display_Dir)
    LCD_Fast_DrawPoint                       0x08001bc9   Thumb Code   236  drv_lcd.o(i.LCD_Fast_DrawPoint)
    LCD_Fill                                 0x08001cbd   Thumb Code    80  drv_lcd.o(i.LCD_Fill)
    LCD_RD_DATA                              0x08001d11   Thumb Code    14  drv_lcd.o(i.LCD_RD_DATA)
    LCD_SSD_BackLightSet                     0x08001d25   Thumb Code    88  drv_lcd.o(i.LCD_SSD_BackLightSet)
    LCD_Scan_Dir                             0x08001d85   Thumb Code   560  drv_lcd.o(i.LCD_Scan_Dir)
    LCD_SetCursor                            0x08001fb9   Thumb Code   282  drv_lcd.o(i.LCD_SetCursor)
    LCD_ShowChar                             0x080020d9   Thumb Code   288  drv_lcd.o(i.LCD_ShowChar)
    LCD_ShowString                           0x08002215   Thumb Code   102  drv_lcd.o(i.LCD_ShowString)
    LCD_WR_DATA                              0x0800227d   Thumb Code    18  drv_lcd.o(i.LCD_WR_DATA)
    LCD_WR_REG                               0x08002295   Thumb Code    18  drv_lcd.o(i.LCD_WR_REG)
    LCD_WriteRAM_Prepare                     0x080022ad   Thumb Code    10  drv_lcd.o(i.LCD_WriteRAM_Prepare)
    LCD_WriteReg                             0x080022c1   Thumb Code    14  drv_lcd.o(i.LCD_WriteReg)
    MemManage_Handler                        0x080024f1   Thumb Code     4  stm32f4xx_it.o(i.MemManage_Handler)
    NMI_Handler                              0x080024f5   Thumb Code     4  stm32f4xx_it.o(i.NMI_Handler)
    PendSV_Handler                           0x080024f9   Thumb Code     2  stm32f4xx_it.o(i.PendSV_Handler)
    SVC_Handler                              0x080024fb   Thumb Code     2  stm32f4xx_it.o(i.SVC_Handler)
    SysTick_Handler                          0x080024fd   Thumb Code     2  stm32f4xx_it.o(i.SysTick_Handler)
    SystemClock_Config                       0x08002501   Thumb Code   170  main.o(i.SystemClock_Config)
    SystemInit                               0x080025b5   Thumb Code    14  system_stm32f4xx.o(i.SystemInit)
    USART1_IRQHandler                        0x080028ed   Thumb Code     8  stm32f4xx_it.o(i.USART1_IRQHandler)
    UsageFault_Handler                       0x080028f5   Thumb Code     4  stm32f4xx_it.o(i.UsageFault_Handler)
    __0printf$1                              0x080028f9   Thumb Code    22  printf1.o(i.__0printf$1)
    __1printf$1                              0x080028f9   Thumb Code     0  printf1.o(i.__0printf$1)
    __2printf                                0x080028f9   Thumb Code     0  printf1.o(i.__0printf$1)
    __scatterload_copy                       0x08002951   Thumb Code    14  handlers.o(i.__scatterload_copy)
    __scatterload_null                       0x0800295f   Thumb Code     2  handlers.o(i.__scatterload_null)
    __scatterload_zeroinit                   0x08002961   Thumb Code    14  handlers.o(i.__scatterload_zeroinit)
    bsp_systick_init                         0x08002ac5   Thumb Code    16  system.o(i.bsp_systick_init)
    bsp_uart1_init                           0x08002ad9   Thumb Code    18  bsp_uart.o(i.bsp_uart1_init)
    delay_ms                                 0x08002af1   Thumb Code    26  system.o(i.delay_ms)
    delay_us                                 0x08002b0d   Thumb Code    68  system.o(i.delay_us)
    drv_LCD_Init                             0x08002b55   Thumb Code  9732  drv_lcd.o(i.drv_LCD_Init)
    fputc                                    0x08005165   Thumb Code    22  bsp_uart.o(i.fputc)
    iap_load_app                             0x08005181   Thumb Code    36  iap.o(i.iap_load_app)
    iap_write_appbin                         0x080051ad   Thumb Code   100  iap.o(i.iap_write_appbin)
    key_delay                                0x08005215   Thumb Code    32  bsp_key.o(i.key_delay)
    main                                     0x08005235   Thumb Code   606  main.o(i.main)
    uart1_Rx_handler                         0x080056a1   Thumb Code    62  bsp_uart.o(i.uart1_Rx_handler)
    AHBPrescTable                            0x080056ec   Data          16  system_stm32f4xx.o(.constdata)
    APBPrescTable                            0x080056fc   Data           8  system_stm32f4xx.o(.constdata)
    asc2_1295                                0x08005704   Data        1140  drv_lcd.o(.constdata)
    asc2_1695                                0x08005b78   Data        1520  drv_lcd.o(.constdata)
    asc2_3695                                0x08006168   Data        3420  drv_lcd.o(.constdata)
    asc2_12895                               0x08006ec4   Data       12160  drv_lcd.o(.constdata)
    Region$$Table$$Base                      0x08009e44   Number         0  anon$$obj.o(Region$$Table)
    Region$$Table$$Limit                     0x08009e64   Number         0  anon$$obj.o(Region$$Table)
    uwTick                                   0x20000008   Data           4  stm32f4xx_hal.o(.data)
    uwTickPrio                               0x2000000c   Data           4  stm32f4xx_hal.o(.data)
    uwTickFreq                               0x20000010   Data           1  stm32f4xx_hal.o(.data)
    SystemCoreClock                          0x20000014   Data           4  system_stm32f4xx.o(.data)
    POINT_COLOR                              0x2000001c   Data           4  drv_lcd.o(.data)
    BACK_COLOR                               0x20000020   Data           4  drv_lcd.o(.data)
    __stdout                                 0x20000024   Data           4  bsp_uart.o(.data)
    USART_RX_STA                             0x20000028   Data           2  bsp_uart.o(.data)
    USART_RX_CNT                             0x2000002c   Data           4  bsp_uart.o(.data)
    jump2app                                 0x20000030   Data           4  iap.o(.data)
    huart1                                   0x20000038   Data          72  main.o(.bss)
    hsram1                                   0x20000080   Data          80  main.o(.bss)
    pFlash                                   0x200000d0   Data          32  stm32f4xx_hal_flash.o(.bss)
    lcddev                                   0x200000f0   Data          14  drv_lcd.o(.bss)
    iapbuf                                   0x20000100   Data        2048  iap.o(.bss)
    __initial_sp                             0x20000d00   Data           0  startup_stm32f407xx.o(STACK)
    USART_RX_BUF                             0x20001000   Data       122880  bsp_uart.o(.ARM.__AT_0x20001000)



==============================================================================

Memory Map of the image

  Image Entry point : 0x08000189

  Load Region LR_IROM1 (Base: 0x08000000, Size: 0x00009e9c, Max: 0x00100000, ABSOLUTE)

    Execution Region ER_IROM1 (Exec base: 0x08000000, Load base: 0x08000000, Size: 0x00009e64, Max: 0x00100000, ABSOLUTE)

    Exec Addr    Load Addr    Size         Type   Attr      Idx    E Section Name        Object

    0x08000000   0x08000000   0x00000188   Data   RO            3    RESET               startup_stm32f407xx.o
    0x08000188   0x08000188   0x00000000   Code   RO         2670  * .ARM.Collect$$$$00000000  mc_w.l(entry.o)
    0x08000188   0x08000188   0x00000004   Code   RO         2944    .ARM.Collect$$$$00000001  mc_w.l(entry2.o)
    0x0800018c   0x0800018c   0x00000004   Code   RO         2947    .ARM.Collect$$$$00000004  mc_w.l(entry5.o)
    0x08000190   0x08000190   0x00000000   Code   RO         2949    .ARM.Collect$$$$00000008  mc_w.l(entry7b.o)
    0x08000190   0x08000190   0x00000000   Code   RO         2951    .ARM.Collect$$$$0000000A  mc_w.l(entry8b.o)
    0x08000190   0x08000190   0x00000008   Code   RO         2952    .ARM.Collect$$$$0000000B  mc_w.l(entry9a.o)
    0x08000198   0x08000198   0x00000004   Code   RO         2959    .ARM.Collect$$$$0000000E  mc_w.l(entry12b.o)
    0x0800019c   0x0800019c   0x00000000   Code   RO         2954    .ARM.Collect$$$$0000000F  mc_w.l(entry10a.o)
    0x0800019c   0x0800019c   0x00000000   Code   RO         2956    .ARM.Collect$$$$00000011  mc_w.l(entry11a.o)
    0x0800019c   0x0800019c   0x00000004   Code   RO         2945    .ARM.Collect$$$$00002712  mc_w.l(entry2.o)
    0x080001a0   0x080001a0   0x00000010   Code   RO         2631    .emb_text           system.o
    0x080001b0   0x080001b0   0x00000024   Code   RO            4    .text               startup_stm32f407xx.o
    0x080001d4   0x080001d4   0x00000062   Code   RO         2673    .text               mc_w.l(uldiv.o)
    0x08000236   0x08000236   0x00000024   Code   RO         2675    .text               mc_w.l(memseta.o)
    0x0800025a   0x0800025a   0x000000e4   Code   RO         2938    .text               mf_w.l(dmul.o)
    0x0800033e   0x0800033e   0x0000001a   Code   RO         2940    .text               mf_w.l(dfltui.o)
    0x08000358   0x08000358   0x00000032   Code   RO         2942    .text               mf_w.l(dfixui.o)
    0x0800038a   0x0800038a   0x0000002c   Code   RO         2960    .text               mc_w.l(uidiv.o)
    0x080003b6   0x080003b6   0x0000001e   Code   RO         2962    .text               mc_w.l(llshl.o)
    0x080003d4   0x080003d4   0x00000020   Code   RO         2964    .text               mc_w.l(llushr.o)
    0x080003f4   0x080003f4   0x00000000   Code   RO         2966    .text               mc_w.l(iusefp.o)
    0x080003f4   0x080003f4   0x000000ba   Code   RO         2967    .text               mf_w.l(depilogue.o)
    0x080004ae   0x080004ae   0x00000002   PAD
    0x080004b0   0x080004b0   0x00000024   Code   RO         2977    .text               mc_w.l(init.o)
    0x080004d4   0x080004d4   0x00000004   Code   RO          194    i.BusFault_Handler  stm32f4xx_it.o
    0x080004d8   0x080004d8   0x00000002   Code   RO          195    i.DebugMon_Handler  stm32f4xx_it.o
    0x080004da   0x080004da   0x00000006   Code   RO           13    i.Error_Handler     main.o
    0x080004e0   0x080004e0   0x0000005c   Code   RO          736    i.FLASH_Erase_Sector  stm32f4xx_hal_flash_ex.o
    0x0800053c   0x0800053c   0x00000078   Code   RO          737    i.FLASH_FlushCaches  stm32f4xx_hal_flash_ex.o
    0x080005b4   0x080005b4   0x000000a0   Code   RO         2546    i.FLASH_GetFlashSector  bsp_flash.o
    0x08000654   0x08000654   0x00000030   Code   RO          738    i.FLASH_MassErase   stm32f4xx_hal_flash_ex.o
    0x08000684   0x08000684   0x00000024   Code   RO          618    i.FLASH_Program_Byte  stm32f4xx_hal_flash.o
    0x080006a8   0x080006a8   0x00000030   Code   RO          619    i.FLASH_Program_DoubleWord  stm32f4xx_hal_flash.o
    0x080006d8   0x080006d8   0x00000028   Code   RO          620    i.FLASH_Program_HalfWord  stm32f4xx_hal_flash.o
    0x08000700   0x08000700   0x00000028   Code   RO          621    i.FLASH_Program_Word  stm32f4xx_hal_flash.o
    0x08000728   0x08000728   0x00000006   Code   RO         2548    i.FLASH_ReadWord    bsp_flash.o
    0x0800072e   0x0800072e   0x00000002   PAD
    0x08000730   0x08000730   0x00000098   Code   RO          622    i.FLASH_SetErrorCode  stm32f4xx_hal_flash.o
    0x080007c8   0x080007c8   0x00000064   Code   RO          623    i.FLASH_WaitForLastOperation  stm32f4xx_hal_flash.o
    0x0800082c   0x0800082c   0x000000b4   Code   RO         2549    i.FLASH_Write       bsp_flash.o
    0x080008e0   0x080008e0   0x00000044   Code   RO          344    i.FSMC_NORSRAM_Extended_Timing_Init  stm32f4xx_ll_fsmc.o
    0x08000924   0x08000924   0x00000078   Code   RO          345    i.FSMC_NORSRAM_Init  stm32f4xx_ll_fsmc.o
    0x0800099c   0x0800099c   0x00000042   Code   RO          346    i.FSMC_NORSRAM_Timing_Init  stm32f4xx_ll_fsmc.o
    0x080009de   0x080009de   0x00000002   PAD
    0x080009e0   0x080009e0   0x000000ac   Code   RO          748    i.HAL_FLASHEx_Erase  stm32f4xx_hal_flash_ex.o
    0x08000a8c   0x08000a8c   0x00000014   Code   RO          627    i.HAL_FLASH_Lock    stm32f4xx_hal_flash.o
    0x08000aa0   0x08000aa0   0x00000098   Code   RO          632    i.HAL_FLASH_Program  stm32f4xx_hal_flash.o
    0x08000b38   0x08000b38   0x00000034   Code   RO          634    i.HAL_FLASH_Unlock  stm32f4xx_hal_flash.o
    0x08000b6c   0x08000b6c   0x000000d0   Code   RO          277    i.HAL_FSMC_MspInit  stm32f4xx_hal_msp.o
    0x08000c3c   0x08000c3c   0x000001f4   Code   RO          862    i.HAL_GPIO_Init     stm32f4xx_hal_gpio.o
    0x08000e30   0x08000e30   0x00000010   Code   RO          864    i.HAL_GPIO_ReadPin  stm32f4xx_hal_gpio.o
    0x08000e40   0x08000e40   0x00000014   Code   RO          865    i.HAL_GPIO_TogglePin  stm32f4xx_hal_gpio.o
    0x08000e54   0x08000e54   0x0000000c   Code   RO          866    i.HAL_GPIO_WritePin  stm32f4xx_hal_gpio.o
    0x08000e60   0x08000e60   0x0000000c   Code   RO         1417    i.HAL_GetTick       stm32f4xx_hal.o
    0x08000e6c   0x08000e6c   0x0000003c   Code   RO         1424    i.HAL_Init          stm32f4xx_hal.o
    0x08000ea8   0x08000ea8   0x0000004c   Code   RO         1425    i.HAL_InitTick      stm32f4xx_hal.o
    0x08000ef4   0x08000ef4   0x00000048   Code   RO          278    i.HAL_MspInit       stm32f4xx_hal_msp.o
    0x08000f3c   0x08000f3c   0x00000028   Code   RO         1254    i.HAL_NVIC_EnableIRQ  stm32f4xx_hal_cortex.o
    0x08000f64   0x08000f64   0x0000007c   Code   RO         1260    i.HAL_NVIC_SetPriority  stm32f4xx_hal_cortex.o
    0x08000fe0   0x08000fe0   0x00000028   Code   RO         1261    i.HAL_NVIC_SetPriorityGrouping  stm32f4xx_hal_cortex.o
    0x08001008   0x08001008   0x00000184   Code   RO          463    i.HAL_RCC_ClockConfig  stm32f4xx_hal_rcc.o
    0x0800118c   0x0800118c   0x0000000c   Code   RO          468    i.HAL_RCC_GetHCLKFreq  stm32f4xx_hal_rcc.o
    0x08001198   0x08001198   0x00000020   Code   RO          470    i.HAL_RCC_GetPCLK1Freq  stm32f4xx_hal_rcc.o
    0x080011b8   0x080011b8   0x00000020   Code   RO          471    i.HAL_RCC_GetPCLK2Freq  stm32f4xx_hal_rcc.o
    0x080011d8   0x080011d8   0x000000b0   Code   RO          472    i.HAL_RCC_GetSysClockFreq  stm32f4xx_hal_rcc.o
    0x08001288   0x08001288   0x0000049c   Code   RO          475    i.HAL_RCC_OscConfig  stm32f4xx_hal_rcc.o
    0x08001724   0x08001724   0x0000005e   Code   RO         1666    i.HAL_SRAM_Init     stm32f4xx_hal_sram.o
    0x08001782   0x08001782   0x0000000a   Code   RO          280    i.HAL_SRAM_MspInit  stm32f4xx_hal_msp.o
    0x0800178c   0x0800178c   0x00000028   Code   RO         1263    i.HAL_SYSTICK_CLKSourceConfig  stm32f4xx_hal_cortex.o
    0x080017b4   0x080017b4   0x00000034   Code   RO         1265    i.HAL_SYSTICK_Config  stm32f4xx_hal_cortex.o
    0x080017e8   0x080017e8   0x00000076   Code   RO         1863    i.HAL_UART_Init     stm32f4xx_hal_uart.o
    0x0800185e   0x0800185e   0x00000002   PAD
    0x08001860   0x08001860   0x00000098   Code   RO          282    i.HAL_UART_MspInit  stm32f4xx_hal_msp.o
    0x080018f8   0x080018f8   0x000000c2   Code   RO         1866    i.HAL_UART_Receive  stm32f4xx_hal_uart.o
    0x080019ba   0x080019ba   0x00000004   Code   RO          196    i.HardFault_Handler  stm32f4xx_it.o
    0x080019be   0x080019be   0x00000002   PAD
    0x080019c0   0x080019c0   0x000000a4   Code   RO         2243    i.Key_Scan          bsp_key.o
    0x08001a64   0x08001a64   0x00000034   Code   RO         2278    i.LCD_Clear         drv_lcd.o
    0x08001a98   0x08001a98   0x00000130   Code   RO         2282    i.LCD_Display_Dir   drv_lcd.o
    0x08001bc8   0x08001bc8   0x000000f4   Code   RO         2287    i.LCD_Fast_DrawPoint  drv_lcd.o
    0x08001cbc   0x08001cbc   0x00000054   Code   RO         2288    i.LCD_Fill          drv_lcd.o
    0x08001d10   0x08001d10   0x00000014   Code   RO         2290    i.LCD_RD_DATA       drv_lcd.o
    0x08001d24   0x08001d24   0x00000060   Code   RO         2293    i.LCD_SSD_BackLightSet  drv_lcd.o
    0x08001d84   0x08001d84   0x00000234   Code   RO         2294    i.LCD_Scan_Dir      drv_lcd.o
    0x08001fb8   0x08001fb8   0x00000120   Code   RO         2295    i.LCD_SetCursor     drv_lcd.o
    0x080020d8   0x080020d8   0x0000013c   Code   RO         2297    i.LCD_ShowChar      drv_lcd.o
    0x08002214   0x08002214   0x00000066   Code   RO         2299    i.LCD_ShowString    drv_lcd.o
    0x0800227a   0x0800227a   0x00000002   PAD
    0x0800227c   0x0800227c   0x00000018   Code   RO         2301    i.LCD_WR_DATA       drv_lcd.o
    0x08002294   0x08002294   0x00000018   Code   RO         2302    i.LCD_WR_REG        drv_lcd.o
    0x080022ac   0x080022ac   0x00000014   Code   RO         2304    i.LCD_WriteRAM_Prepare  drv_lcd.o
    0x080022c0   0x080022c0   0x00000014   Code   RO         2305    i.LCD_WriteReg      drv_lcd.o
    0x080022d4   0x080022d4   0x0000007c   Code   RO           14    i.MX_FSMC_Init      main.o
    0x08002350   0x08002350   0x00000168   Code   RO           15    i.MX_GPIO_Init      main.o
    0x080024b8   0x080024b8   0x00000038   Code   RO           16    i.MX_USART1_UART_Init  main.o
    0x080024f0   0x080024f0   0x00000004   Code   RO          197    i.MemManage_Handler  stm32f4xx_it.o
    0x080024f4   0x080024f4   0x00000004   Code   RO          198    i.NMI_Handler       stm32f4xx_it.o
    0x080024f8   0x080024f8   0x00000002   Code   RO          199    i.PendSV_Handler    stm32f4xx_it.o
    0x080024fa   0x080024fa   0x00000002   Code   RO          200    i.SVC_Handler       stm32f4xx_it.o
    0x080024fc   0x080024fc   0x00000002   Code   RO          201    i.SysTick_Handler   stm32f4xx_it.o
    0x080024fe   0x080024fe   0x00000002   PAD
    0x08002500   0x08002500   0x000000b4   Code   RO           17    i.SystemClock_Config  main.o
    0x080025b4   0x080025b4   0x00000014   Code   RO         2207    i.SystemInit        system_stm32f4xx.o
    0x080025c8   0x080025c8   0x0000006c   Code   RO         1886    i.UART_EndRxTransfer  stm32f4xx_hal_uart.o
    0x08002634   0x08002634   0x0000022c   Code   RO         1890    i.UART_SetConfig    stm32f4xx_hal_uart.o
    0x08002860   0x08002860   0x0000008c   Code   RO         1894    i.UART_WaitOnFlagUntilTimeout  stm32f4xx_hal_uart.o
    0x080028ec   0x080028ec   0x00000008   Code   RO          202    i.USART1_IRQHandler  stm32f4xx_it.o
    0x080028f4   0x080028f4   0x00000004   Code   RO          203    i.UsageFault_Handler  stm32f4xx_it.o
    0x080028f8   0x080028f8   0x00000020   Code   RO         2722    i.__0printf$1       mc_w.l(printf1.o)
    0x08002918   0x08002918   0x00000010   Code   RO         1267    i.__NVIC_GetPriorityGrouping  stm32f4xx_hal_cortex.o
    0x08002928   0x08002928   0x00000028   Code   RO         1268    i.__NVIC_SetPriority  stm32f4xx_hal_cortex.o
    0x08002950   0x08002950   0x0000000e   Code   RO         2983    i.__scatterload_copy  mc_w.l(handlers.o)
    0x0800295e   0x0800295e   0x00000002   Code   RO         2984    i.__scatterload_null  mc_w.l(handlers.o)
    0x08002960   0x08002960   0x0000000e   Code   RO         2985    i.__scatterload_zeroinit  mc_w.l(handlers.o)
    0x0800296e   0x0800296e   0x00000002   PAD
    0x08002970   0x08002970   0x00000154   Code   RO         2729    i._printf_core      mc_w.l(printf1.o)
    0x08002ac4   0x08002ac4   0x00000014   Code   RO         2632    i.bsp_systick_init  system.o
    0x08002ad8   0x08002ad8   0x00000018   Code   RO         2493    i.bsp_uart1_init    bsp_uart.o
    0x08002af0   0x08002af0   0x0000001a   Code   RO         2633    i.delay_ms          system.o
    0x08002b0a   0x08002b0a   0x00000002   PAD
    0x08002b0c   0x08002b0c   0x00000048   Code   RO         2634    i.delay_us          system.o
    0x08002b54   0x08002b54   0x00002610   Code   RO         2306    i.drv_LCD_Init      drv_lcd.o
    0x08005164   0x08005164   0x0000001c   Code   RO         2494    i.fputc             bsp_uart.o
    0x08005180   0x08005180   0x0000002c   Code   RO         2594    i.iap_load_app      iap.o
    0x080051ac   0x080051ac   0x00000068   Code   RO         2595    i.iap_write_appbin  iap.o
    0x08005214   0x08005214   0x00000020   Code   RO         2244    i.key_delay         bsp_key.o
    0x08005234   0x08005234   0x0000046c   Code   RO           18    i.main              main.o
    0x080056a0   0x080056a0   0x0000004c   Code   RO         2495    i.uart1_Rx_handler  bsp_uart.o
    0x080056ec   0x080056ec   0x00000018   Data   RO         2208    .constdata          system_stm32f4xx.o
    0x08005704   0x08005704   0x00004740   Data   RO         2309    .constdata          drv_lcd.o
    0x08009e44   0x08009e44   0x00000020   Data   RO         2981    Region$$Table       anon$$obj.o


    Execution Region RW_IRAM1 (Exec base: 0x20000000, Load base: 0x08009e64, Size: 0x0001f000, Max: 0x00020000, ABSOLUTE)

    Exec Addr    Load Addr    Size         Type   Attr      Idx    E Section Name        Object

    0x20000000   0x08009e64   0x00000008   Data   RW          283    .data               stm32f4xx_hal_msp.o
    0x20000008   0x08009e6c   0x00000009   Data   RW         1431    .data               stm32f4xx_hal.o
    0x20000011   0x08009e75   0x00000003   PAD
    0x20000014   0x08009e78   0x00000004   Data   RW         2209    .data               system_stm32f4xx.o
    0x20000018   0x08009e7c   0x00000001   Data   RW         2245    .data               bsp_key.o
    0x20000019   0x08009e7d   0x00000003   PAD
    0x2000001c   0x08009e80   0x00000008   Data   RW         2310    .data               drv_lcd.o
    0x20000024   0x08009e88   0x0000000c   Data   RW         2497    .data               bsp_uart.o
    0x20000030   0x08009e94   0x00000004   Data   RW         2597    .data               iap.o
    0x20000034   0x08009e98   0x00000004   Data   RW         2635    .data               system.o
    0x20000038        -       0x00000098   Zero   RW           19    .bss                main.o
    0x200000d0        -       0x00000020   Zero   RW          635    .bss                stm32f4xx_hal_flash.o
    0x200000f0        -       0x0000000e   Zero   RW         2308    .bss                drv_lcd.o
    0x200000fe   0x08009e9c   0x00000002   PAD
    0x20000100        -       0x00000800   Zero   RW         2596    .bss                iap.o
    0x20000900        -       0x00000400   Zero   RW            1    STACK               startup_stm32f407xx.o
    0x20000d00   0x08009e9c   0x00000300   PAD
    0x20001000        -       0x0001e000   Zero   RW         2496    .ARM.__AT_0x20001000  bsp_uart.o


==============================================================================

Image component sizes


      Code (inc. data)   RO Data    RW Data    ZI Data      Debug   Object Name

       346         50          0          0          0       3686   bsp_flash.o
       196         14          0          1          0       1179   bsp_key.o
       128         26          0         12     122880       3450   bsp_uart.o
     11902        150      18240          8         14      18159   drv_lcd.o
       148         12          0          4       2048       2200   iap.o
      1858        576          0          0        152     685732   main.o
        36          8        392          0       1024        840   startup_stm32f407xx.o
       148         24          0          9          0       8259   stm32f4xx_hal.o
       352         22          0          0          0      34969   stm32f4xx_hal_cortex.o
       640         64          0          0         32       5994   stm32f4xx_hal_flash.o
       432         26          0          0          0       3266   stm32f4xx_hal_flash_ex.o
       548         46          0          0          0       3444   stm32f4xx_hal_gpio.o
       442         42          0          8          0       3108   stm32f4xx_hal_msp.o
      1820         84          0          0          0       5628   stm32f4xx_hal_rcc.o
        94          0          0          0          0       1224   stm32f4xx_hal_sram.o
      1116         10          0          0          0       4599   stm32f4xx_hal_uart.o
        36          0          0          0          0       4710   stm32f4xx_it.o
       254         10          0          0          0       3923   stm32f4xx_ll_fsmc.o
       134          8          0          4          0       2549   system.o
        20          6         24          4          0       1139   system_stm32f4xx.o

    ----------------------------------------------------------------------
     20664       1178      18688         56     126920     798058   Object Totals
         0          0         32          0          0          0   (incl. Generated)
        14          0          0          6        770          0   (incl. Padding)

    ----------------------------------------------------------------------

      Code (inc. data)   RO Data    RW Data    ZI Data      Debug   Library Member Name

         0          0          0          0          0          0   entry.o
         0          0          0          0          0          0   entry10a.o
         0          0          0          0          0          0   entry11a.o
         4          0          0          0          0          0   entry12b.o
         8          4          0          0          0          0   entry2.o
         4          0          0          0          0          0   entry5.o
         0          0          0          0          0          0   entry7b.o
         0          0          0          0          0          0   entry8b.o
         8          4          0          0          0          0   entry9a.o
        30          0          0          0          0          0   handlers.o
        36          8          0          0          0         68   init.o
         0          0          0          0          0          0   iusefp.o
        30          0          0          0          0         68   llshl.o
        32          0          0          0          0         68   llushr.o
        36          0          0          0          0        108   memseta.o
       372         14          0          0          0        184   printf1.o
        44          0          0          0          0         80   uidiv.o
        98          0          0          0          0         92   uldiv.o
       186          0          0          0          0        176   depilogue.o
        50          0          0          0          0         76   dfixui.o
        26          0          0          0          0         76   dfltui.o
       228          0          0          0          0         96   dmul.o

    ----------------------------------------------------------------------
      1196         30          0          0          0       1092   Library Totals
         4          0          0          0          0          0   (incl. Padding)

    ----------------------------------------------------------------------

      Code (inc. data)   RO Data    RW Data    ZI Data      Debug   Library Name

       702         30          0          0          0        668   mc_w.l
       490          0          0          0          0        424   mf_w.l

    ----------------------------------------------------------------------
      1196         30          0          0          0       1092   Library Totals

    ----------------------------------------------------------------------

==============================================================================


      Code (inc. data)   RO Data    RW Data    ZI Data      Debug   

     21860       1208      18688         56     126920     790434   Grand Totals
     21860       1208      18688         56     126920     790434   ELF Image Totals
     21860       1208      18688         56          0          0   ROM Totals

==============================================================================

    Total RO  Size (Code + RO Data)                40548 (  39.60kB)
    Total RW  Size (RW Data + ZI Data)            126976 ( 124.00kB)
    Total ROM Size (Code + RO Data + RW Data)      40604 (  39.65kB)

==============================================================================

